Component: ARM Compiler 5.05 update 1 (build 106) Tool: armlink [4d0efa]

==============================================================================

Section Cross References

    main.o(i.Led_Alarm_Off) refers to port.o(i.vPortEnterCritical) for vPortEnterCritical
    main.o(i.Led_Alarm_Off) refers to port.o(i.vPortExitCritical) for vPortExitCritical
    main.o(i.Led_Alarm_On) refers to port.o(i.vPortEnterCritical) for vPortEnterCritical
    main.o(i.Led_Alarm_On) refers to port.o(i.vPortExitCritical) for vPortExitCritical
    main.o(i.app_task_alarm) refers to _printf_pad.o(.text) for _printf_pre_padding
    main.o(i.app_task_alarm) refers to _printf_percent.o(.ARM.Collect$$_printf_percent$$00000000) for _printf_percent
    main.o(i.app_task_alarm) refers to _printf_d.o(.ARM.Collect$$_printf_percent$$00000009) for _printf_d
    main.o(i.app_task_alarm) refers to _printf_dec.o(.text) for _printf_int_dec
    main.o(i.app_task_alarm) refers to rt_memclr_w.o(.text) for __aeabi_memclr4
    main.o(i.app_task_alarm) refers to rt_memcpy_w.o(.text) for __aeabi_memcpy4
    main.o(i.app_task_alarm) refers to memcmp.o(.text) for memcmp
    main.o(i.app_task_alarm) refers to queue.o(i.xQueueSemaphoreTake) for xQueueSemaphoreTake
    main.o(i.app_task_alarm) refers to tft.o(i.TFT_clear) for TFT_clear
    main.o(i.app_task_alarm) refers to tft.o(i.lcd_show_string) for lcd_show_string
    main.o(i.app_task_alarm) refers to tft.o(i.lcd_draw_image) for lcd_draw_image
    main.o(i.app_task_alarm) refers to __2sprintf.o(.text) for __2sprintf
    main.o(i.app_task_alarm) refers to queue.o(i.xQueueGenericSend) for xQueueGenericSend
    main.o(i.app_task_alarm) refers to tasks.o(i.vTaskDelay) for vTaskDelay
    main.o(i.app_task_alarm) refers to main.o(.constdata) for .constdata
    main.o(i.app_task_alarm) refers to main.o(.data) for .data
    main.o(i.app_task_alarm) refers to main.o(.bss) for .bss
    main.o(i.app_task_alarm) refers to time.o(.constdata) for g_image_time_55x55
    main.o(i.app_task_calendar) refers to queue.o(i.xQueueSemaphoreTake) for xQueueSemaphoreTake
    main.o(i.app_task_calendar) refers to tft.o(i.TFT_clear) for TFT_clear
    main.o(i.app_task_calendar) refers to tft.o(i.lcd_draw_image) for lcd_draw_image
    main.o(i.app_task_calendar) refers to tft.o(i.lcd_show_string_fmt) for lcd_show_string_fmt
    main.o(i.app_task_calendar) refers to tft.o(i.lcd_show_string) for lcd_show_string
    main.o(i.app_task_calendar) refers to queue.o(i.xQueueGenericSend) for xQueueGenericSend
    main.o(i.app_task_calendar) refers to stm32f4xx_rtc.o(i.RTC_GetDate) for RTC_GetDate
    main.o(i.app_task_calendar) refers to tasks.o(i.vTaskDelay) for vTaskDelay
    main.o(i.app_task_calendar) refers to main.o(.data) for .data
    main.o(i.app_task_calendar) refers to date.o(.constdata) for g_image_date_55x55
    main.o(i.app_task_camera) refers to queue.o(i.xQueueSemaphoreTake) for xQueueSemaphoreTake
    main.o(i.app_task_camera) refers to tft.o(i.TFT_clear) for TFT_clear
    main.o(i.app_task_camera) refers to tft.o(i.lcd_draw_image) for lcd_draw_image
    main.o(i.app_task_camera) refers to tft.o(i.lcd_show_string) for lcd_show_string
    main.o(i.app_task_camera) refers to queue.o(i.xQueueGenericSend) for xQueueGenericSend
    main.o(i.app_task_camera) refers to tasks.o(i.vTaskDelay) for vTaskDelay
    main.o(i.app_task_camera) refers to main.o(.data) for .data
    main.o(i.app_task_camera) refers to camera.o(.constdata) for g_image_camera_55x55
    main.o(i.app_task_dht11) refers to _printf_percent.o(.ARM.Collect$$_printf_percent$$00000000) for _printf_percent
    main.o(i.app_task_dht11) refers to _printf_d.o(.ARM.Collect$$_printf_percent$$00000009) for _printf_d
    main.o(i.app_task_dht11) refers to _printf_dec.o(.text) for _printf_int_dec
    main.o(i.app_task_dht11) refers to rt_memclr_w.o(.text) for __aeabi_memclr4
    main.o(i.app_task_dht11) refers to queue.o(i.xQueueSemaphoreTake) for xQueueSemaphoreTake
    main.o(i.app_task_dht11) refers to tft.o(i.lcd_draw_image) for lcd_draw_image
    main.o(i.app_task_dht11) refers to tft.o(i.lcd_show_string) for lcd_show_string
    main.o(i.app_task_dht11) refers to queue.o(i.xQueueGenericSend) for xQueueGenericSend
    main.o(i.app_task_dht11) refers to mht11.o(i.dht11_read_data) for dht11_read_data
    main.o(i.app_task_dht11) refers to __2sprintf.o(.text) for __2sprintf
    main.o(i.app_task_dht11) refers to tasks.o(i.vTaskDelay) for vTaskDelay
    main.o(i.app_task_dht11) refers to main.o(.constdata) for .constdata
    main.o(i.app_task_dht11) refers to main.o(.data) for .data
    main.o(i.app_task_dht11) refers to temp.o(.constdata) for g_image_temp_55x55
    main.o(i.app_task_face) refers to queue.o(i.xQueueSemaphoreTake) for xQueueSemaphoreTake
    main.o(i.app_task_face) refers to tft.o(i.TFT_clear) for TFT_clear
    main.o(i.app_task_face) refers to tft.o(i.lcd_draw_image) for lcd_draw_image
[...]
    __rt_memcpy_w                            0x08000979   Thumb Code   100  rt_memcpy_w.o(.text)
    _memcpy_lastbytes_aligned                0x080009c1   Thumb Code     0  rt_memcpy_w.o(.text)
    __aeabi_memset                           0x080009dd   Thumb Code    16  aeabi_memset.o(.text)
    __aeabi_memclr                           0x080009ed   Thumb Code     0  rt_memclr.o(.text)
    __rt_memclr                              0x080009ed   Thumb Code    68  rt_memclr.o(.text)
    _memset                                  0x080009f1   Thumb Code     0  rt_memclr.o(.text)
    __aeabi_memclr4                          0x08000a31   Thumb Code     0  rt_memclr_w.o(.text)
    __aeabi_memclr8                          0x08000a31   Thumb Code     0  rt_memclr_w.o(.text)
    __rt_memclr_w                            0x08000a31   Thumb Code    78  rt_memclr_w.o(.text)
    _memset_w                                0x08000a35   Thumb Code     0  rt_memclr_w.o(.text)
    __use_two_region_memory                  0x08000a7f   Thumb Code     2  heapauxi.o(.text)
    __rt_heap_escrow$2region                 0x08000a81   Thumb Code     2  heapauxi.o(.text)
    __rt_heap_expand$2region                 0x08000a83   Thumb Code     2  heapauxi.o(.text)
    __I$use$semihosting                      0x08000a85   Thumb Code     0  use_no_semi.o(.text)
    __use_no_semihosting_swi                 0x08000a85   Thumb Code     2  use_no_semi.o(.text)
    __aeabi_errno_addr                       0x08000a89   Thumb Code     8  rt_errno_addr_intlibspace.o(.text)
    __errno$intlibspace                      0x08000a89   Thumb Code     0  rt_errno_addr_intlibspace.o(.text)
    __rt_errno_addr$intlibspace              0x08000a89   Thumb Code     0  rt_errno_addr_intlibspace.o(.text)
    _printf_truncate_signed                  0x08000a91   Thumb Code    18  _printf_truncate.o(.text)
    _printf_truncate_unsigned                0x08000aa3   Thumb Code    18  _printf_truncate.o(.text)
    _printf_int_common                       0x08000ab5   Thumb Code   178  _printf_intcommon.o(.text)
    _printf_charcount                        0x08000b67   Thumb Code    40  _printf_charcount.o(.text)
    _printf_char_common                      0x08000b9b   Thumb Code    32  _printf_char_common.o(.text)
    _sputc                                   0x08000bc1   Thumb Code    10  _sputc.o(.text)
    _printf_cs_common                        0x08000bcb   Thumb Code    20  _printf_char.o(.text)
    _printf_char                             0x08000bdf   Thumb Code    16  _printf_char.o(.text)
    _printf_string                           0x08000bef   Thumb Code     8  _printf_char.o(.text)
    _printf_char_file                        0x08000bf9   Thumb Code    32  _printf_char_file.o(.text)
    _printf_wctomb                           0x08000c1d   Thumb Code   182  _printf_wctomb.o(.text)
    _printf_longlong_dec                     0x08000cd9   Thumb Code   108  _printf_longlong_dec.o(.text)
    _printf_longlong_oct                     0x08000d55   Thumb Code    68  _printf_oct_int_ll.o(.text)
    _printf_int_oct                          0x08000d99   Thumb Code    24  _printf_oct_int_ll.o(.text)
    _printf_ll_oct                           0x08000db1   Thumb Code    12  _printf_oct_int_ll.o(.text)
    strtol                                   0x08000dc5   Thumb Code   112  strtol.o(.text)
    __strtok_internal                        0x08000e35   Thumb Code    64  strtok_int.o(.text)
    __user_libspace                          0x08000e79   Thumb Code     8  libspace.o(.text)
    __user_perproc_libspace                  0x08000e79   Thumb Code     0  libspace.o(.text)
    __user_perthread_libspace                0x08000e79   Thumb Code     0  libspace.o(.text)
    __rt_ctype_table                         0x08000e81   Thumb Code    16  rt_ctype_table.o(.text)
    _ll_udiv10                               0x08000e91   Thumb Code   138  lludiv10.o(.text)
    __lib_sel_fp_printf                      0x08000f1b   Thumb Code     2  _printf_fp_dec.o(.text)
    _printf_fp_dec_real                      0x080010c9   Thumb Code   620  _printf_fp_dec.o(.text)
    _printf_fp_hex_real                      0x08001335   Thumb Code   754  _printf_fp_hex.o(.text)
    _printf_lcs_common                       0x08001631   Thumb Code    20  _printf_wchar.o(.text)
    _printf_wchar                            0x08001645   Thumb Code    16  _printf_wchar.o(.text)
    _printf_wstring                          0x08001655   Thumb Code     8  _printf_wchar.o(.text)
    _strtoul                                 0x0800165d   Thumb Code   158  _strtoul.o(.text)
    ferror                                   0x080016fb   Thumb Code     8  ferror.o(.text)
    _wcrtomb                                 0x08001703   Thumb Code    64  _wcrtomb.o(.text)
    strcspn                                  0x08001743   Thumb Code    32  strcspn.o(.text)
    strspn                                   0x08001763   Thumb Code    28  strspn.o(.text)
    __user_setup_stackheap                   0x0800177f   Thumb Code    74  sys_stackheap_outer.o(.text)
    __rt_locale                              0x080017c9   Thumb Code     8  rt_locale_intlibspace.o(.text)
    _printf_fp_infnan                        0x080017d1   Thumb Code   112  _printf_fp_infnan.o(.text)
    _chval                                   0x08001851   Thumb Code    28  _chval.o(.text)
    _btod_etento                             0x0800186d   Thumb Code   216  bigflt0.o(.text)
    exit                                     0x08001949   Thumb Code    12  exit.o(.text)
    strcmp                                   0x08001955   Thumb Code   128  strcmpv7m.o(.text)
    _btod_d2e                                0x080019d5   Thumb Code    62  btod.o(CL$$btod_d2e)
    _d2e_denorm_low                          0x08001a13   Thumb Code    70  btod.o(CL$$btod_d2e_denorm_low)
    _d2e_norm_op1                            0x08001a59   Thumb Code    96  btod.o(CL$$btod_d2e_norm_op1)
    __btod_div_common                        0x08001ab9   Thumb Code   696  btod.o(CL$$btod_div_common)
    _e2e                                     0x08001df1   Thumb Code   198  btod.o(CL$$btod_e2e)
    _btod_ediv                               0x08001eb7   Thumb Code    40  btod.o(CL$$btod_ediv)
    _btod_emul                               0x08001edf   Thumb Code    40  btod.o(CL$$btod_emul)
    __btod_mult_common                       0x08001f07   Thumb Code   580  btod.o(CL$$btod_mult_common)
    BcdToDec                                 0x0800214b   Thumb Code    18  main.o(i.BcdToDec)
    BusFault_Handler                         0x0800215d   Thumb Code     2  stm32f4xx_it.o(i.BusFault_Handler)
    DHT11_Check                              0x08002161   Thumb Code   102  mht11.o(i.DHT11_Check)
    DebugMon_Handler                         0x080021cd   Thumb Code     2  stm32f4xx_it.o(i.DebugMon_Handler)
    DecToBcd                                 0x080021cf   Thumb Code    22  main.o(i.DecToBcd)
    EXTI3_IRQHandler                         0x080021e5   Thumb Code    50  key.o(i.EXTI3_IRQHandler)
    EXTI4_IRQHandler                         0x08002221   Thumb Code    56  key.o(i.EXTI4_IRQHandler)
    EXTI9_5_IRQHandler                       0x08002261   Thumb Code    82  touch.o(i.EXTI9_5_IRQHandler)
    EXTI_ClearITPendingBit                   0x080022bd   Thumb Code     6  stm32f4xx_exti.o(i.EXTI_ClearITPendingBit)
    EXTI_GetITStatus                         0x080022c9   Thumb Code    16  stm32f4xx_exti.o(i.EXTI_GetITStatus)
    EXTI_Init                                0x080022dd   Thumb Code   108  stm32f4xx_exti.o(i.EXTI_Init)
    FindFontIndex_tft                        0x0800234d   Thumb Code    48  tft.o(i.FindFontIndex_tft)
    GPIO_Init                                0x08002381   Thumb Code   120  stm32f4xx_gpio.o(i.GPIO_Init)
    GPIO_PinAFConfig                         0x080023f9   Thumb Code    32  stm32f4xx_gpio.o(i.GPIO_PinAFConfig)
    GPIO_SetBits                             0x08002419   Thumb Code     4  stm32f4xx_gpio.o(i.GPIO_SetBits)
    HardFault_Handler                        0x0800241d   Thumb Code     2  stm32f4xx_it.o(i.HardFault_Handler)
    IIC_Ack                                  0x08002421   Thumb Code    56  mpu6050_i2c.o(i.IIC_Ack)
    IIC_Init                                 0x08002461   Thumb Code    58  mpu6050_i2c.o(i.IIC_Init)
    IIC_NAck                                 0x080024a5   Thumb Code    56  mpu6050_i2c.o(i.IIC_NAck)
    IIC_Read_Byte                            0x080024e5   Thumb Code    96  mpu6050_i2c.o(i.IIC_Read_Byte)
    IIC_Send_Byte                            0x0800254d   Thumb Code    86  mpu6050_i2c.o(i.IIC_Send_Byte)
    IIC_Start                                0x080025ad   Thumb Code    56  mpu6050_i2c.o(i.IIC_Start)
    IIC_Stop                                 0x080025ed   Thumb Code    58  mpu6050_i2c.o(i.IIC_Stop)
    IIC_Wait_Ack                             0x08002631   Thumb Code    74  mpu6050_i2c.o(i.IIC_Wait_Ack)
    LCD_WR_DATA                              0x08002685   Thumb Code    20  tft.o(i.LCD_WR_DATA)
    LED_Init                                 0x08002699   Thumb Code    84  led.o(i.LED_Init)
    MPU_Init                                 0x0800274d   Thumb Code   128  mpu6050.o(i.MPU_Init)
    MPU_Read_Byte                            0x080027d9   Thumb Code    58  mpu6050.o(i.MPU_Read_Byte)
    MPU_Read_Len                             0x08002813   Thumb Code   106  mpu6050.o(i.MPU_Read_Len)
    MPU_Set_Accel_Fsr                        0x0800287d   Thumb Code    10  mpu6050.o(i.MPU_Set_Accel_Fsr)
    MPU_Set_Gyro_Fsr                         0x08002887   Thumb Code    10  mpu6050.o(i.MPU_Set_Gyro_Fsr)
    MPU_Set_LPF                              0x08002891   Thumb Code    48  mpu6050.o(i.MPU_Set_LPF)
    MPU_Set_Rate                             0x080028c1   Thumb Code    46  mpu6050.o(i.MPU_Set_Rate)
    MPU_Write_Byte                           0x080028ef   Thumb Code    60  mpu6050.o(i.MPU_Write_Byte)
    MPU_Write_Len                            0x0800292b   Thumb Code    82  mpu6050.o(i.MPU_Write_Len)
    MemManage_Handler                        0x0800297d   Thumb Code     2  stm32f4xx_it.o(i.MemManage_Handler)
    NMI_Handler                              0x0800297f   Thumb Code     2  stm32f4xx_it.o(i.NMI_Handler)
    NVIC_Init                                0x08002981   Thumb Code    96  misc.o(i.NVIC_Init)
    NVIC_PriorityGroupConfig                 0x080029e5   Thumb Code    10  misc.o(i.NVIC_PriorityGroupConfig)
    PWR_BackupAccessCmd                      0x080029f9   Thumb Code     6  stm32f4xx_pwr.o(i.PWR_BackupAccessCmd)
    RCC_AHB1PeriphClockCmd                   0x08002a05   Thumb Code    18  stm32f4xx_rcc.o(i.RCC_AHB1PeriphClockCmd)
    RCC_APB1PeriphClockCmd                   0x08002a1d   Thumb Code    18  stm32f4xx_rcc.o(i.RCC_APB1PeriphClockCmd)
    RCC_APB2PeriphClockCmd                   0x08002a35   Thumb Code    18  stm32f4xx_rcc.o(i.RCC_APB2PeriphClockCmd)
    RCC_GetClocksFreq                        0x08002a4d   Thumb Code   132  stm32f4xx_rcc.o(i.RCC_GetClocksFreq)
    RCC_GetFlagStatus                        0x08002add   Thumb Code    46  stm32f4xx_rcc.o(i.RCC_GetFlagStatus)
    RCC_LSICmd                               0x08002b11   Thumb Code     6  stm32f4xx_rcc.o(i.RCC_LSICmd)
    RCC_RTCCLKCmd                            0x08002b1d   Thumb Code     6  stm32f4xx_rcc.o(i.RCC_RTCCLKCmd)
    RCC_RTCCLKConfig                         0x08002b29   Thumb Code    40  stm32f4xx_rcc.o(i.RCC_RTCCLKConfig)
    RTC_AlarmCmd                             0x08002b59   Thumb Code    78  stm32f4xx_rtc.o(i.RTC_AlarmCmd)
    RTC_Alarm_IRQHandler                     0x08002bad   Thumb Code    74  rtc.o(i.RTC_Alarm_IRQHandler)
    RTC_ClearITPendingBit                    0x08002c2d   Thumb Code    24  stm32f4xx_rtc.o(i.RTC_ClearITPendingBit)
    RTC_EnterInitMode                        0x08002c49   Thumb Code    56  stm32f4xx_rtc.o(i.RTC_EnterInitMode)
    RTC_ExitInitMode                         0x08002c85   Thumb Code    12  stm32f4xx_rtc.o(i.RTC_ExitInitMode)
    RTC_GetDate                              0x08002c95   Thumb Code    66  stm32f4xx_rtc.o(i.RTC_GetDate)
    RTC_GetITStatus                          0x08002ce1   Thumb Code    46  stm32f4xx_rtc.o(i.RTC_GetITStatus)
    RTC_GetTime                              0x08002d19   Thumb Code    70  stm32f4xx_rtc.o(i.RTC_GetTime)
    RTC_ITConfig                             0x08002d69   Thumb Code    60  stm32f4xx_rtc.o(i.RTC_ITConfig)
    RTC_Init                                 0x08002da9   Thumb Code    74  stm32f4xx_rtc.o(i.RTC_Init)
    RTC_ReadBackupRegister                   0x08002df9   Thumb Code    14  stm32f4xx_rtc.o(i.RTC_ReadBackupRegister)
    RTC_SetAlarm                             0x08002e0d   Thumb Code   158  stm32f4xx_rtc.o(i.RTC_SetAlarm)
    RTC_SetDate                              0x08002eb1   Thumb Code   144  stm32f4xx_rtc.o(i.RTC_SetDate)
    RTC_SetTime                              0x08002f49   Thumb Code   150  stm32f4xx_rtc.o(i.RTC_SetTime)
    RTC_SetWakeUpCounter                     0x08002fe9   Thumb Code    22  stm32f4xx_rtc.o(i.RTC_SetWakeUpCounter)
    RTC_WKUP_IRQHandler                      0x08003005   Thumb Code    40  rtc.o(i.RTC_WKUP_IRQHandler)
    RTC_WaitForSynchro                       0x08003031   Thumb Code    70  stm32f4xx_rtc.o(i.RTC_WaitForSynchro)
    RTC_WakeUpClockConfig                    0x0800307d   Thumb Code    34  stm32f4xx_rtc.o(i.RTC_WakeUpClockConfig)
    RTC_WakeUpCmd                            0x080030a5   Thumb Code    84  stm32f4xx_rtc.o(i.RTC_WakeUpCmd)
    RTC_WriteBackupRegister                  0x080030fd   Thumb Code    14  stm32f4xx_rtc.o(i.RTC_WriteBackupRegister)
    SPI_Cmd                                  0x08003111   Thumb Code    20  stm32f4xx_spi.o(i.SPI_Cmd)
    SPI_I2S_GetFlagStatus                    0x08003125   Thumb Code    14  stm32f4xx_spi.o(i.SPI_I2S_GetFlagStatus)
    SPI_I2S_ReceiveData                      0x08003133   Thumb Code     4  stm32f4xx_spi.o(i.SPI_I2S_ReceiveData)
    SPI_I2S_SendData                         0x08003137   Thumb Code     4  stm32f4xx_spi.o(i.SPI_I2S_SendData)
    SPI_Init                                 0x0800313b   Thumb Code    56  stm32f4xx_spi.o(i.SPI_Init)
    SYSCFG_EXTILineConfig                    0x08003175   Thumb Code    42  stm32f4xx_syscfg.o(i.SYSCFG_EXTILineConfig)
    SysTick_Handler                          0x08003259   Thumb Code    38  port.o(i.SysTick_Handler)
    SystemInit                               0x08003285   Thumb Code    74  system_stm32f4xx.o(i.SystemInit)
    TFT_SEND_CMD                             0x080032e1   Thumb Code    30  tft.o(i.TFT_SEND_CMD)
    TFT_SEND_DATA                            0x08003305   Thumb Code    28  tft.o(i.TFT_SEND_DATA)
    TFT_clear                                0x08003325   Thumb Code    20  tft.o(i.TFT_clear)
    TFT_init                                 0x0800333d   Thumb Code   620  tft.o(i.TFT_init)
    USART1_IRQHandler                        0x080035c5   Thumb Code   118  usart.o(i.USART1_IRQHandler)
    USART3_IRQHandler                        0x0800364d   Thumb Code   118  ble.o(i.USART3_IRQHandler)
    USART_ClearITPendingBit                  0x080036d5   Thumb Code    12  stm32f4xx_usart.o(i.USART_ClearITPendingBit)
    USART_Cmd                                0x080036e1   Thumb Code    20  stm32f4xx_usart.o(i.USART_Cmd)
    USART_GetITStatus                        0x080036f5   Thumb Code    62  stm32f4xx_usart.o(i.USART_GetITStatus)
    USART_ITConfig                           0x08003733   Thumb Code    48  stm32f4xx_usart.o(i.USART_ITConfig)
    USART_Init                               0x08003765   Thumb Code   164  stm32f4xx_usart.o(i.USART_Init)
    USART_ReceiveData                        0x08003811   Thumb Code     8  stm32f4xx_usart.o(i.USART_ReceiveData)
    UsageFault_Handler                       0x08003819   Thumb Code     2  stm32f4xx_it.o(i.UsageFault_Handler)
    __ARM_fpclassify                         0x0800381b   Thumb Code    48  fpclassify.o(i.__ARM_fpclassify)
    _is_digit                                0x0800384b   Thumb Code    14  __printf_wp.o(i._is_digit)
    _sys_exit                                0x08003859   Thumb Code     2  usart.o(i._sys_exit)
    ble_init                                 0x08004e79   Thumb Code   152  ble.o(i.ble_init)
    delay_ms                                 0x08004f21   Thumb Code     4  delay.o(i.delay_ms)
    delay_us                                 0x08004f25   Thumb Code    72  delay.o(i.delay_us)
    dht11_read_bit                           0x08004f75   Thumb Code    78  mht11.o(i.dht11_read_bit)
    dht11_read_byte                          0x08004fc9   Thumb Code    32  mht11.o(i.dht11_read_byte)
    dht11_read_data                          0x08004fe9   Thumb Code    78  mht11.o(i.dht11_read_data)
    dht11_set_io                             0x08005039   Thumb Code    46  mht11.o(i.dht11_set_io)
    dmp_get_pedometer_step_count             0x0800506d   Thumb Code    48  inv_mpu_dmp_motion_driver.o(i.dmp_get_pedometer_step_count)
    dmp_set_pedometer_step_count             0x0800509d   Thumb Code    38  inv_mpu_dmp_motion_driver.o(i.dmp_set_pedometer_step_count)
    draw_info                                0x080050c5   Thumb Code    66  main.o(i.draw_info)
    fputc                                    0x0800510d   Thumb Code    14  usart.o(i.fputc)
    i2c_ack                                  0x08005121   Thumb Code    74  i2c.o(i.i2c_ack)
    i2c_init                                 0x08005171   Thumb Code    52  i2c.o(i.i2c_init)
    i2c_recv_byte                            0x080051b1   Thumb Code    66  i2c.o(i.i2c_recv_byte)
    i2c_send_byte                            0x080051f9   Thumb Code    88  i2c.o(i.i2c_send_byte)
    i2c_start1                               0x08005255   Thumb Code    50  i2c.o(i.i2c_start1)
    i2c_stop1                                0x0800528d   Thumb Code    44  i2c.o(i.i2c_stop1)
    i2c_wait_ack1                            0x080052bd   Thumb Code    46  i2c.o(i.i2c_wait_ack1)
    key_init                                 0x080052f1   Thumb Code   238  key.o(i.key_init)
    lcd_addr_set                             0x080053e9   Thumb Code    62  tft.o(i.lcd_addr_set)
    lcd_display_on                           0x08005427   Thumb Code    12  tft.o(i.lcd_display_on)
    lcd_draw_image                           0x08005433   Thumb Code    48  tft.o(i.lcd_draw_image)
    lcd_fill                                 0x08005463   Thumb Code    68  tft.o(i.lcd_fill)
    lcd_get_direction                        0x080054a9   Thumb Code     6  tft.o(i.lcd_get_direction)
    lcd_send_data16                          0x080054b5   Thumb Code    20  tft.o(i.lcd_send_data16)
    lcd_show_char                            0x080054c9   Thumb Code   120  tft.o(i.lcd_show_char)
    lcd_show_string                          0x0800554d   Thumb Code   102  tft.o(i.lcd_show_string)
    lcd_show_string_fmt                      0x080055b3   Thumb Code    48  tft.o(i.lcd_show_string_fmt)
    main                                     0x080055e5   Thumb Code   124  main.o(i.main)
    max30102_Bus_Read                        0x08005679   Thumb Code    76  max30102.o(i.max30102_Bus_Read)
    max30102_Bus_Write                       0x080056c5   Thumb Code    62  max30102.o(i.max30102_Bus_Write)
    max30102_FIFO_ReadBytes                  0x08005703   Thumb Code   146  max30102.o(i.max30102_FIFO_ReadBytes)
    max30102_init                            0x08005795   Thumb Code   142  max30102.o(i.max30102_init)
    max30102_reset                           0x08005829   Thumb Code    22  max30102.o(i.max30102_reset)
    maxim_find_peaks                         0x0800583f   Thumb Code    50  algorithm.o(i.maxim_find_peaks)
    maxim_heart_rate_and_oxygen_saturation   0x08005871   Thumb Code   874  algorithm.o(i.maxim_heart_rate_and_oxygen_saturation)
    maxim_peaks_above_min_height             0x08005bf1   Thumb Code   102  algorithm.o(i.maxim_peaks_above_min_height)
    maxim_remove_close_peaks                 0x08005c57   Thumb Code   102  algorithm.o(i.maxim_remove_close_peaks)
    maxim_sort_ascend                        0x08005cbd   Thumb Code    48  algorithm.o(i.maxim_sort_ascend)
    maxim_sort_indices_descend               0x08005ced   Thumb Code    56  algorithm.o(i.maxim_sort_indices_descend)
    mpu_read_mem                             0x08005d25   Thumb Code    80  inv_mpu.o(i.mpu_read_mem)
    mpu_write_mem                            0x08005d79   Thumb Code    80  inv_mpu.o(i.mpu_write_mem)
    pvPortMalloc                             0x080064e9   Thumb Code   216  heap_4.o(i.pvPortMalloc)
    pvTaskIncrementMutexHeldCount            0x080065c5   Thumb Code    18  tasks.o(i.pvTaskIncrementMutexHeldCount)
    pxPortInitialiseStack                    0x080065dd   Thumb Code    40  port.o(i.pxPortInitialiseStack)
    rtc_init                                 0x08006609   Thumb Code   298  rtc.o(i.rtc_init)
    sda_pin_mode                             0x08006739   Thumb Code    28  i2c.o(i.sda_pin_mode)
    spi1_send_byte                           0x0800675d   Thumb Code    48  tft.o(i.spi1_send_byte)
    tp_i2c_ack                               0x08006791   Thumb Code    74  touch.o(i.tp_i2c_ack)
    tp_i2c_recv_byte                         0x080067e1   Thumb Code    66  touch.o(i.tp_i2c_recv_byte)
    tp_i2c_send_byte                         0x08006829   Thumb Code    88  touch.o(i.tp_i2c_send_byte)
    tp_i2c_start                             0x08006885   Thumb Code    50  touch.o(i.tp_i2c_start)
    tp_i2c_stop                              0x080068bd   Thumb Code    44  touch.o(i.tp_i2c_stop)
    tp_i2c_wait_ack                          0x080068ed   Thumb Code    48  touch.o(i.tp_i2c_wait_ack)
    tp_init                                  0x08006921   Thumb Code    58  touch.o(i.tp_init)
    tp_lowlevel_init                         0x08006981   Thumb Code   170  touch.o(i.tp_lowlevel_init)
    tp_read                                  0x08006a41   Thumb Code   150  touch.o(i.tp_read)
    tp_recv                                  0x08006ae5   Thumb Code    88  touch.o(i.tp_recv)
    tp_recv_byte                             0x08006b3d   Thumb Code    64  touch.o(i.tp_recv_byte)
    tp_reset                                 0x08006b7d   Thumb Code    34  touch.o(i.tp_reset)
    tp_sda_pin_mode                          0x08006ba5   Thumb Code    26  touch.o(i.tp_sda_pin_mode)
    uart_init                                0x08006bc9   Thumb Code   164  usart.o(i.uart_init)
    uxListRemove                             0x08006c75   Thumb Code    38  list.o(i.uxListRemove)
    uxTaskResetEventItemValue                0x08006c9d   Thumb Code    20  tasks.o(i.uxTaskResetEventItemValue)
    vApplicationIdleHook                     0x08006cb5   Thumb Code     2  main.o(i.vApplicationIdleHook)
    vApplicationMallocFailedHook             0x08006cb7   Thumb Code    16  main.o(i.vApplicationMallocFailedHook)
    vApplicationStackOverflowHook            0x08006cc7   Thumb Code    16  main.o(i.vApplicationStackOverflowHook)
    vApplicationTickHook                     0x08006cd7   Thumb Code     2  main.o(i.vApplicationTickHook)
    vEventGroupSetBitsCallback               0x08006cd9   Thumb Code     4  event_groups.o(i.vEventGroupSetBitsCallback)
    vListInitialise                          0x08006cdd   Thumb Code    22  list.o(i.vListInitialise)
    vListInitialiseItem                      0x08006cf3   Thumb Code     6  list.o(i.vListInitialiseItem)
    vListInsert                              0x08006cf9   Thumb Code    48  list.o(i.vListInsert)
    vListInsertEnd                           0x08006d29   Thumb Code    24  list.o(i.vListInsertEnd)
    vPortEnterCritical                       0x08006d41   Thumb Code    54  port.o(i.vPortEnterCritical)
    vPortExitCritical                        0x08006d81   Thumb Code    34  port.o(i.vPortExitCritical)
    vPortFree                                0x08006da9   Thumb Code    88  heap_4.o(i.vPortFree)
    vPortSetupTimerInterrupt                 0x08006e05   Thumb Code    32  port.o(i.vPortSetupTimerInterrupt)
    vPortValidateInterruptPriority           0x08006e29   Thumb Code    74  port.o(i.vPortValidateInterruptPriority)
    vQueueAddToRegistry                      0x08006e7d   Thumb Code    32  queue.o(i.vQueueAddToRegistry)
    vQueueWaitForMessageRestricted           0x08006ea1   Thumb Code    68  queue.o(i.vQueueWaitForMessageRestricted)
    vTaskDelay                               0x08006ee5   Thumb Code    66  tasks.o(i.vTaskDelay)
    vTaskDelete                              0x08006f31   Thumb Code   156  tasks.o(i.vTaskDelete)
    vTaskInternalSetTimeOutState             0x08006fdd   Thumb Code    12  tasks.o(i.vTaskInternalSetTimeOutState)
    vTaskMissedYield                         0x08006fed   Thumb Code     8  tasks.o(i.vTaskMissedYield)
    vTaskPlaceOnEventList                    0x08006ff9   Thumb Code    44  tasks.o(i.vTaskPlaceOnEventList)
    vTaskPlaceOnEventListRestricted          0x08007029   Thumb Code    52  tasks.o(i.vTaskPlaceOnEventListRestricted)
    vTaskPlaceOnUnorderedEventList           0x08007061   Thumb Code    72  tasks.o(i.vTaskPlaceOnUnorderedEventList)
    vTaskPriorityDisinheritAfterTimeout      0x080070ad   Thumb Code   162  tasks.o(i.vTaskPriorityDisinheritAfterTimeout)
    vTaskRemoveFromUnorderedEventList        0x08007159   Thumb Code   104  tasks.o(i.vTaskRemoveFromUnorderedEventList)
    vTaskStartScheduler                      0x080071c9   Thumb Code    94  tasks.o(i.vTaskStartScheduler)
    vTaskSuspendAll                          0x08007239   Thumb Code    10  tasks.o(i.vTaskSuspendAll)
    vTaskSwitchContext                       0x08007249   Thumb Code   126  tasks.o(i.vTaskSwitchContext)
    xEventGroupCreate                        0x08007309   Thumb Code    26  event_groups.o(i.xEventGroupCreate)
    xEventGroupSetBits                       0x08007323   Thumb Code   140  event_groups.o(i.xEventGroupSetBits)
    xEventGroupSetBitsFromISR                0x080073b1   Thumb Code    12  event_groups.o(i.xEventGroupSetBitsFromISR)
    xEventGroupWaitBits                      0x080073c1   Thumb Code   258  event_groups.o(i.xEventGroupWaitBits)
    xPortStartScheduler                      0x080074c9   Thumb Code   224  port.o(i.xPortStartScheduler)
    xQueueCreateMutex                        0x080075bd   Thumb Code    36  queue.o(i.xQueueCreateMutex)
    xQueueGenericCreate                      0x080075e1   Thumb Code    82  queue.o(i.xQueueGenericCreate)
    xQueueGenericReset                       0x08007635   Thumb Code   132  queue.o(i.xQueueGenericReset)
    xQueueGenericSend                        0x080076bd   Thumb Code   350  queue.o(i.xQueueGenericSend)
    xQueueGenericSendFromISR                 0x08007821   Thumb Code   188  queue.o(i.xQueueGenericSendFromISR)
    xQueueReceive                            0x080078dd   Thumb Code   308  queue.o(i.xQueueReceive)
    xQueueSemaphoreTake                      0x08007a15   Thumb Code   372  queue.o(i.xQueueSemaphoreTake)
    xTaskCheckForTimeOut                     0x08007b8d   Thumb Code   112  tasks.o(i.xTaskCheckForTimeOut)
    xTaskCreate                              0x08007c01   Thumb Code    86  tasks.o(i.xTaskCreate)
    xTaskGetSchedulerState                   0x08007c59   Thumb Code    22  tasks.o(i.xTaskGetSchedulerState)
    xTaskGetTickCount                        0x08007c75   Thumb Code     6  tasks.o(i.xTaskGetTickCount)
    xTaskIncrementTick                       0x08007c81   Thumb Code   182  tasks.o(i.xTaskIncrementTick)
    xTaskPriorityDisinherit                  0x08007d41   Thumb Code   144  tasks.o(i.xTaskPriorityDisinherit)
    xTaskPriorityInherit                     0x08007dd9   Thumb Code   140  tasks.o(i.xTaskPriorityInherit)
    xTaskRemoveFromEventList                 0x08007e6d   Thumb Code   106  tasks.o(i.xTaskRemoveFromEventList)
    xTaskResumeAll                           0x08007ee5   Thumb Code   182  tasks.o(i.xTaskResumeAll)
    xTimerCreate                             0x08007fa9   Thumb Code    78  timers.o(i.xTimerCreate)
    xTimerCreateTimerTask                    0x08007ff9   Thumb Code    58  timers.o(i.xTimerCreateTimerTask)
    xTimerGenericCommand                     0x08008045   Thumb Code    94  timers.o(i.xTimerGenericCommand)
    xTimerPendFunctionCallFromISR            0x080080a9   Thumb Code    34  timers.o(i.xTimerPendFunctionCallFromISR)
    _get_lc_ctype                            0x080080d1   Thumb Code    44  lc_ctype_c.o(locale$$code)
    _get_lc_numeric                          0x080080fd   Thumb Code    44  lc_numeric_c.o(locale$$code)
    _fp_init                                 0x08008129   Thumb Code    10  fpinit.o(x$fpl$fpinit)
    __fplib_config_fpu_vfp                   0x08008131   Thumb Code     0  fpinit.o(x$fpl$fpinit)
    __fplib_config_pureend_doubles           0x08008131   Thumb Code     0  fpinit.o(x$fpl$fpinit)
    _printf_fp_dec                           0x08008133   Thumb Code     4  printf1.o(x$fpl$printf1)
    _printf_fp_hex                           0x08008137   Thumb Code     4  printf2.o(x$fpl$printf2)
    __I$use$fp                               0x0800813a   Number         0  usenofp.o(x$fpl$usenofp)
    auw_hamm                                 0x080082fc   Data          62  algorithm.o(.constdata)
    uch_spo2_table                           0x0800833a   Data         184  algorithm.o(.constdata)
    reg                                      0x080083f2   Data          27  inv_mpu.o(.constdata)
    hw                                       0x0800840e   Data          12  inv_mpu.o(.constdata)
    test                                     0x0800841c   Data          40  inv_mpu.o(.constdata)
    g_font_dot_matrix_16                     0x08008444   Data        6016  fontdotmatrix16.o(.constdata)
    g_font_dot_matrix_32                     0x08009bc4   Data       24704  fontdotmatrix32.o(.constdata)
    g_font_dot_matrix_80                     0x0800fc44   Data       150400  fontdotmatrix80.o(.constdata)
    g_image_battery_32x32                    0x080347c4   Data        2048  battery.o(.constdata)
    g_image_camera_55x55                     0x08034fc4   Data        6050  camera.o(.constdata)
    g_image_date_55x55                       0x08036766   Data        6050  date.o(.constdata)
    g_image_faceid_55x55                     0x08037f08   Data        6050  faceid.o(.constdata)
    g_image_fail_55x55                       0x080396aa   Data        6050  fail.o(.constdata)
    g_image_humi_55x55                       0x0803ae4c   Data        6050  humi.o(.constdata)
    g_image_light_55x55                      0x0803c5ee   Data        6050  light.o(.constdata)
    g_image_lock_55x55                       0x0803dd90   Data        6050  lock.o(.constdata)
    g_image_pulse_55x55                      0x0803f532   Data        6050  pulse.o(.constdata)
    g_image_rfid_55x55                       0x08040cd4   Data        6050  rfid.o(.constdata)
    g_image_success_55x55                    0x08042476   Data        6050  success.o(.constdata)
    g_image_temp_55x55                       0x08043c18   Data        6050  temp.o(.constdata)
    g_image_time_55x55                       0x080453ba   Data        6050  time.o(.constdata)
    g_image_touchid_55x55                    0x08046b5c   Data        6050  touchid.o(.constdata)
    g_image_unlock_55x55                     0x080482fe   Data        6050  unlock.o(.constdata)
    g_image_victory_55x55                    0x08049aa0   Data        6050  victory.o(.constdata)
    g_image_warning_55x55                    0x0804b242   Data        6050  warning.o(.constdata)
    g_image_wifi_55x55                       0x0804c9e4   Data        6050  wifi.o(.constdata)
    g_image_blueos_200x200                   0x0804e186   Data       80000  blueos.o(.constdata)
    Region$$Table$$Base                      0x08061e7c   Number         0  anon$$obj.o(Region$$Table)
    Region$$Table$$Limit                     0x08061e9c   Number         0  anon$$obj.o(Region$$Table)
    __ctype                                  0x08061ea9   Data           0  lc_ctype_c.o(locale$$data)
    key_int_flag                             0x20000000   Data           1  main.o(.data)
    g_rtc_refresh_flag                       0x20000001   Data           1  main.o(.data)
    g_alarm_int_trig                         0x20000002   Data           1  main.o(.data)
    g_alarm_count                            0x20000003   Data           1  main.o(.data)
    ch_spo2_valid                            0x2000000a   Data           1  main.o(.data)
    ch_hr_valid                              0x2000000b   Data           1  main.o(.data)
    jump_ui_flag                             0x2000000c   Data           2  main.o(.data)
    g_rtc_wakeup_event                       0x20000010   Data           4  main.o(.data)
    g_key_last_tick                          0x20000014   Data           4  main.o(.data)
    step_count                               0x20000018   Data           4  main.o(.data)
    ulCount                                  0x2000001c   Data           4  main.o(.data)
    soft_timer_handle                        0x20000058   Data           4  main.o(.data)
    g_mutex_tft                              0x20000064   Data           4  main.o(.data)
    g_evt_group                              0x20000068   Data           4  main.o(.data)
    g_queue_usart                            0x2000006c   Data           4  main.o(.data)
    n_ir_buffer_length                       0x20000070   Data           4  main.o(.data)
    n_sp02                                   0x20000074   Data           4  main.o(.data)
    n_heart_rate                             0x20000078   Data           4  main.o(.data)
    RTC_DateStructure                        0x2000007c   Data           4  main.o(.data)
    RTC_TimeStructure                        0x20000080   Data           4  main.o(.data)
    SystemCoreClock                          0x20000084   Data           4  system_stm32f4xx.o(.data)
    AHBPrescTable                            0x20000088   Data          16  system_stm32f4xx.o(.data)
    x_len                                    0x20000098   Data           4  tft.o(.data)
    y_len                                    0x2000009c   Data           4  tft.o(.data)
    g_lcd_direction                          0x200000a0   Data           4  tft.o(.data)
    g_key_tick                               0x200000ac   Data           4  key.o(.data)
    __stdout                                 0x20000114   Data           4  usart.o(.data)
    pxCurrentTCB                             0x20000128   Data           4  tasks.o(.data)
    g_font_dot_matrix_16_index               0x2000019c   Data         752  fontdotmatrix16.o(.data)
    g_alarm_list                             0x200004a4   Data          20  main.o(.bss)
    aun_ir_buffer                            0x200004b8   Data        2000  main.o(.bss)
    aun_red_buffer                           0x20000c88   Data        2000  main.o(.bss)
    RTC_AlarmStructure                       0x20001458   Data          16  main.o(.bss)
    xQueueRegistry                           0x20002cf4   Data          64  queue.o(.bss)
    __libspace_start                         0x20015c40   Data          96  libspace.o(.bss)
    __temporary_stack_top$libspace           0x20015ca0   Data           0  libspace.o(.bss)



==============================================================================

Memory Map of the image

  Image Entry point : 0x08000189

  Load Region LR_IROM1 (Base: 0x08000000, Size: 0x00062458, Max: 0x00080000, ABSOLUTE, COMPRESSED[0x00062224])

    Execution Region ER_IROM1 (Base: 0x08000000, Size: 0x00061fc8, Max: 0x00080000, ABSOLUTE)

    Base Addr    Size         Type   Attr      Idx    E Section Name        Object

    0x08000000   0x00000188   Data   RO         2006    RESET               startup_stm32f40_41xxx.o
    0x08000188   0x00000008   Code   RO         5507  * !!!main             c_w.l(__main.o)
    0x08000190   0x00000034   Code   RO         5923    !!!scatter          c_w.l(__scatter.o)
    0x080001c4   0x0000005a   Code   RO         5921    !!dczerorl2         c_w.l(__dczerorl2.o)
    0x0800021e   0x00000002   PAD
    0x08000220   0x0000001c   Code   RO         5925    !!handler_zi        c_w.l(__scatter_zi.o)
    0x0800023c   0x00000000   Code   RO         5481    .ARM.Collect$$_printf_percent$$00000000  c_w.l(_printf_percent.o)
    0x0800023c   0x00000006   Code   RO         5595    .ARM.Collect$$_printf_percent$$00000001  c_w.l(_printf_n.o)
    0x08000242   0x00000006   Code   RO         5596    .ARM.Collect$$_printf_percent$$00000002  c_w.l(_printf_p.o)
    0x08000248   0x00000006   Code   RO         5599    .ARM.Collect$$_printf_percent$$00000003  c_w.l(_printf_f.o)
    0x0800024e   0x00000006   Code   RO         5600    .ARM.Collect$$_printf_percent$$00000004  c_w.l(_printf_e.o)
    0x08000254   0x00000006   Code   RO         5601    .ARM.Collect$$_printf_percent$$00000005  c_w.l(_printf_g.o)
    0x0800025a   0x00000006   Code   RO         5602    .ARM.Collect$$_printf_percent$$00000006  c_w.l(_printf_a.o)
    0x08000260   0x0000000a   Code   RO         5607    .ARM.Collect$$_printf_percent$$00000007  c_w.l(_printf_ll.o)
    0x0800026a   0x00000006   Code   RO         5598    .ARM.Collect$$_printf_percent$$00000008  c_w.l(_printf_i.o)
    0x08000270   0x00000006   Code   RO         5479    .ARM.Collect$$_printf_percent$$00000009  c_w.l(_printf_d.o)
    0x08000276   0x00000006   Code   RO         5480    .ARM.Collect$$_printf_percent$$0000000A  c_w.l(_printf_u.o)
    0x0800027c   0x00000006   Code   RO         5597    .ARM.Collect$$_printf_percent$$0000000B  c_w.l(_printf_o.o)
    0x08000282   0x00000006   Code   RO         5478    .ARM.Collect$$_printf_percent$$0000000C  c_w.l(_printf_x.o)
    0x08000288   0x00000006   Code   RO         5604    .ARM.Collect$$_printf_percent$$0000000D  c_w.l(_printf_lli.o)
    0x0800028e   0x00000006   Code   RO         5605    .ARM.Collect$$_printf_percent$$0000000E  c_w.l(_printf_lld.o)
    0x08000294   0x00000006   Code   RO         5606    .ARM.Collect$$_printf_percent$$0000000F  c_w.l(_printf_llu.o)
    0x0800029a   0x00000006   Code   RO         5611    .ARM.Collect$$_printf_percent$$00000010  c_w.l(_printf_llo.o)
    0x080002a0   0x00000006   Code   RO         5612    .ARM.Collect$$_printf_percent$$00000011  c_w.l(_printf_llx.o)
    0x080002a6   0x0000000a   Code   RO         5608    .ARM.Collect$$_printf_percent$$00000012  c_w.l(_printf_l.o)
    0x080002b0   0x00000006   Code   RO         5594    .ARM.Collect$$_printf_percent$$00000013  c_w.l(_printf_c.o)
    0x080002b6   0x00000006   Code   RO         5477    .ARM.Collect$$_printf_percent$$00000014  c_w.l(_printf_s.o)
    0x080002bc   0x00000006   Code   RO         5609    .ARM.Collect$$_printf_percent$$00000015  c_w.l(_printf_lc.o)
    0x080002c2   0x00000006   Code   RO         5610    .ARM.Collect$$_printf_percent$$00000016  c_w.l(_printf_ls.o)
    0x080002c8   0x00000004   Code   RO         5603    .ARM.Collect$$_printf_percent$$00000017  c_w.l(_printf_percent_end.o)
    0x080002cc   0x00000002   Code   RO         5789    .ARM.Collect$$libinit$$00000000  c_w.l(libinit.o)
    0x080002ce   0x00000004   Code   RO         5802    .ARM.Collect$$libinit$$00000001  c_w.l(libinit2.o)
    0x080002d2   0x00000000   Code   RO         5805    .ARM.Collect$$libinit$$00000004  c_w.l(libinit2.o)
    0x080002d2   0x00000000   Code   RO         5808    .ARM.Collect$$libinit$$0000000A  c_w.l(libinit2.o)
    0x080002d2   0x00000000   Code   RO         5810    .ARM.Collect$$libinit$$0000000C  c_w.l(libinit2.o)
    0x080002d2   0x00000000   Code   RO         5812    .ARM.Collect$$libinit$$0000000E  c_w.l(libinit2.o)
    0x080002d2   0x00000006   Code   RO         5813    .ARM.Collect$$libinit$$0000000F  c_w.l(libinit2.o)
    0x080002d8   0x00000000   Code   RO         5815    .ARM.Collect$$libinit$$00000011  c_w.l(libinit2.o)
    0x080002d8   0x0000000c   Code   RO         5816    .ARM.Collect$$libinit$$00000012  c_w.l(libinit2.o)
    0x080002e4   0x00000000   Code   RO         5817    .ARM.Collect$$libinit$$00000013  c_w.l(libinit2.o)
    0x080002e4   0x00000000   Code   RO         5819    .ARM.Collect$$libinit$$00000015  c_w.l(libinit2.o)
    0x080002e4   0x0000000a   Code   RO         5820    .ARM.Collect$$libinit$$00000016  c_w.l(libinit2.o)
    0x080002ee   0x00000000   Code   RO         5821    .ARM.Collect$$libinit$$00000017  c_w.l(libinit2.o)
    0x080002ee   0x00000000   Code   RO         5823    .ARM.Collect$$libinit$$00000019  c_w.l(libinit2.o)
    0x080002ee   0x00000000   Code   RO         5825    .ARM.Collect$$libinit$$0000001B  c_w.l(libinit2.o)
    0x080002ee   0x00000000   Code   RO         5827    .ARM.Collect$$libinit$$0000001D  c_w.l(libinit2.o)
    0x080002ee   0x00000000   Code   RO         5829    .ARM.Collect$$libinit$$0000001F  c_w.l(libinit2.o)
    0x080002ee   0x00000000   Code   RO         5831    .ARM.Collect$$libinit$$00000021  c_w.l(libinit2.o)
    0x080002ee   0x00000000   Code   RO         5833    .ARM.Collect$$libinit$$00000023  c_w.l(libinit2.o)
    0x080002ee   0x00000000   Code   RO         5835    .ARM.Collect$$libinit$$00000025  c_w.l(libinit2.o)
    0x080002ee   0x00000000   Code   RO         5839    .ARM.Collect$$libinit$$0000002C  c_w.l(libinit2.o)
    0x080002ee   0x00000000   Code   RO         5841    .ARM.Collect$$libinit$$0000002E  c_w.l(libinit2.o)
    0x080002ee   0x00000000   Code   RO         5843    .ARM.Collect$$libinit$$00000030  c_w.l(libinit2.o)
    0x080002ee   0x00000000   Code   RO         5845    .ARM.Collect$$libinit$$00000032  c_w.l(libinit2.o)
    0x080002ee   0x00000002   Code   RO         5846    .ARM.Collect$$libinit$$00000033  c_w.l(libinit2.o)
    0x080002f0   0x00000002   Code   RO         5874    .ARM.Collect$$libshutdown$$00000000  c_w.l(libshutdown.o)
    0x080002f2   0x00000000   Code   RO         5889    .ARM.Collect$$libshutdown$$00000003  c_w.l(libshutdown2.o)
    0x080002f2   0x00000000   Code   RO         5892    .ARM.Collect$$libshutdown$$00000006  c_w.l(libshutdown2.o)
    0x080002f2   0x00000000   Code   RO         5895    .ARM.Collect$$libshutdown$$00000009  c_w.l(libshutdown2.o)
    0x080002f2   0x00000000   Code   RO         5897    .ARM.Collect$$libshutdown$$0000000B  c_w.l(libshutdown2.o)
    0x080002f2   0x00000000   Code   RO         5900    .ARM.Collect$$libshutdown$$0000000E  c_w.l(libshutdown2.o)
    0x080002f2   0x00000002   Code   RO         5901    .ARM.Collect$$libshutdown$$0000000F  c_w.l(libshutdown2.o)
    0x080002f4   0x00000000   Code   RO         5559    .ARM.Collect$$rtentry$$00000000  c_w.l(__rtentry.o)
    0x080002f4   0x00000000   Code   RO         5691    .ARM.Collect$$rtentry$$00000002  c_w.l(__rtentry2.o)
    0x080002f4   0x00000006   Code   RO         5703    .ARM.Collect$$rtentry$$00000004  c_w.l(__rtentry4.o)
    0x080002fa   0x00000000   Code   RO         5693    .ARM.Collect$$rtentry$$00000009  c_w.l(__rtentry2.o)
    0x080002fa   0x00000004   Code   RO         5694    .ARM.Collect$$rtentry$$0000000A  c_w.l(__rtentry2.o)
    0x080002fe   0x00000000   Code   RO         5696    .ARM.Collect$$rtentry$$0000000C  c_w.l(__rtentry2.o)
    0x080002fe   0x00000008   Code   RO         5697    .ARM.Collect$$rtentry$$0000000D  c_w.l(__rtentry2.o)
    0x08000306   0x00000002   Code   RO         5794    .ARM.Collect$$rtexit$$00000000  c_w.l(rtexit.o)
    0x08000308   0x00000000   Code   RO         5848    .ARM.Collect$$rtexit$$00000002  c_w.l(rtexit2.o)
    0x08000308   0x00000004   Code   RO         5849    .ARM.Collect$$rtexit$$00000003  c_w.l(rtexit2.o)
    0x0800030c   0x00000006   Code   RO         5850    .ARM.Collect$$rtexit$$00000004  c_w.l(rtexit2.o)
    0x08000312   0x00000002   PAD
    0x08000314   0x000000be   Code   RO         5175    .emb_text           port.o
    0x080003d2   0x00000002   PAD
    0x080003d4   0x00000040   Code   RO         2007    .text               startup_stm32f40_41xxx.o
    0x08000414   0x00000002   Code   RO         5414    .text               c_w.l(use_no_semi_2.o)
    0x08000416   0x00000002   PAD
    0x08000418   0x00000024   Code   RO         5418    .text               c_w.l(vsprintf.o)
    0x0800043c   0x00000018   Code   RO         5420    .text               c_w.l(__2printf.o)
    0x08000454   0x0000002c   Code   RO         5422    .text               c_w.l(__2sprintf.o)
    0x08000480   0x0000004e   Code   RO         5430    .text               c_w.l(_printf_pad.o)
    0x080004ce   0x00000052   Code   RO         5432    .text               c_w.l(_printf_str.o)
    0x08000520   0x00000078   Code   RO         5434    .text               c_w.l(_printf_dec.o)
    0x08000598   0x00000094   Code   RO         5454    .text               c_w.l(_printf_hex_int_ll_ptr.o)
    0x0800062c   0x00000188   Code   RO         5474    .text               c_w.l(__printf_flags_ss_wp.o)
    0x080007b4   0x0000001a   Code   RO         5482    .text               c_w.l(atoi.o)
    0x080007ce   0x00000002   PAD
    0x080007d0   0x0000000c   Code   RO         5484    .text               c_w.l(strtok.o)
    0x080007dc   0x00000024   Code   RO         5487    .text               c_w.l(strstr.o)
    0x08000800   0x00000058   Code   RO         5489    .text               c_w.l(memcmp.o)
    0x08000858   0x00000096   Code   RO         5491    .text               c_w.l(strncmp.o)
    0x080008ee   0x0000008a   Code   RO         5493    .text               c_w.l(rt_memcpy_v6.o)
    0x08000978   0x00000064   Code   RO         5495    .text               c_w.l(rt_memcpy_w.o)
    0x080009dc   0x00000010   Code   RO         5499    .text               c_w.l(aeabi_memset.o)
    0x080009ec   0x00000044   Code   RO         5501    .text               c_w.l(rt_memclr.o)
    0x08000a30   0x0000004e   Code   RO         5503    .text               c_w.l(rt_memclr_w.o)
    0x08000a7e   0x00000006   Code   RO         5505    .text               c_w.l(heapauxi.o)
    0x08000a84   0x00000002   Code   RO         5557    .text               c_w.l(use_no_semi.o)
    0x08000a86   0x00000002   PAD
    0x08000a88   0x00000008   Code   RO         5563    .text               c_w.l(rt_errno_addr_intlibspace.o)
    0x08000a90   0x00000024   Code   RO         5569    .text               c_w.l(_printf_truncate.o)
    0x08000ab4   0x000000b2   Code   RO         5571    .text               c_w.l(_printf_intcommon.o)
    0x08000b66   0x00000028   Code   RO         5573    .text               c_w.l(_printf_charcount.o)
    0x08000b8e   0x00000002   PAD
    0x08000b90   0x00000030   Code   RO         5575    .text               c_w.l(_printf_char_common.o)
    0x08000bc0   0x0000000a   Code   RO         5577    .text               c_w.l(_sputc.o)
    0x08000bca   0x0000002c   Code   RO         5579    .text               c_w.l(_printf_char.o)
    0x08000bf6   0x00000002   PAD
    0x08000bf8   0x00000024   Code   RO         5581    .text               c_w.l(_printf_char_file.o)
    0x08000c1c   0x000000bc   Code   RO         5583    .text               c_w.l(_printf_wctomb.o)
    0x08000cd8   0x0000007c   Code   RO         5586    .text               c_w.l(_printf_longlong_dec.o)
    0x08000d54   0x00000070   Code   RO         5592    .text               c_w.l(_printf_oct_int_ll.o)
    0x08000dc4   0x00000070   Code   RO         5613    .text               c_w.l(strtol.o)
    0x08000e34   0x00000044   Code   RO         5615    .text               c_w.l(strtok_int.o)
    0x08000e78   0x00000008   Code   RO         5687    .text               c_w.l(libspace.o)
    0x08000e80   0x00000010   Code   RO         5705    .text               c_w.l(rt_ctype_table.o)
    0x08000e90   0x0000008a   Code   RO         5711    .text               c_w.l(lludiv10.o)
    0x08000f1a   0x0000041a   Code   RO         5713    .text               c_w.l(_printf_fp_dec.o)
    0x08001334   0x000002fc   Code   RO         5715    .text               c_w.l(_printf_fp_hex.o)
    0x08001630   0x0000002c   Code   RO         5720    .text               c_w.l(_printf_wchar.o)
    0x0800165c   0x0000009e   Code   RO         5722    .text               c_w.l(_strtoul.o)
    0x080016fa   0x00000008   Code   RO         5724    .text               c_w.l(ferror.o)
    0x08001702   0x00000040   Code   RO         5728    .text               c_w.l(_wcrtomb.o)
    0x08001742   0x00000020   Code   RO         5730    .text               c_w.l(strcspn.o)
    0x08001762   0x0000001c   Code   RO         5732    .text               c_w.l(strspn.o)
    0x0800177e   0x0000004a   Code   RO         5738    .text               c_w.l(sys_stackheap_outer.o)
    0x080017c8   0x00000008   Code   RO         5745    .text               c_w.l(rt_locale_intlibspace.o)
    0x080017d0   0x00000080   Code   RO         5747    .text               c_w.l(_printf_fp_infnan.o)
    0x08001850   0x0000001c   Code   RO         5749    .text               c_w.l(_chval.o)
    0x0800186c   0x000000dc   Code   RO         5751    .text               c_w.l(bigflt0.o)
    0x08001948   0x0000000c   Code   RO         5782    .text               c_w.l(exit.o)
    0x08001954   0x00000080   Code   RO         5800    .text               c_w.l(strcmpv7m.o)
    0x080019d4   0x0000003e   Code   RO         5754    CL$$btod_d2e        c_w.l(btod.o)
    0x08001a12   0x00000046   Code   RO         5756    CL$$btod_d2e_denorm_low  c_w.l(btod.o)
    0x08001a58   0x00000060   Code   RO         5755    CL$$btod_d2e_norm_op1  c_w.l(btod.o)
    0x08001ab8   0x00000338   Code   RO         5764    CL$$btod_div_common  c_w.l(btod.o)
    0x08001df0   0x000000c6   Code   RO         5761    CL$$btod_e2e        c_w.l(btod.o)
    0x08001eb6   0x00000028   Code   RO         5758    CL$$btod_ediv       c_w.l(btod.o)
    0x08001ede   0x00000028   Code   RO         5757    CL$$btod_emul       c_w.l(btod.o)
    0x08001f06   0x00000244   Code   RO         5763    CL$$btod_mult_common  c_w.l(btod.o)
    0x0800214a   0x00000012   Code   RO            3    i.BcdToDec          main.o
    0x0800215c   0x00000002   Code   RO          384    i.BusFault_Handler  stm32f4xx_it.o
    0x0800215e   0x00000002   PAD
    0x08002160   0x0000006c   Code   RO          547    i.DHT11_Check       mht11.o
    0x080021cc   0x00000002   Code   RO          385    i.DebugMon_Handler  stm32f4xx_it.o
    0x080021ce   0x00000016   Code   RO            4    i.DecToBcd          main.o
    0x080021e4   0x0000003c   Code   RO          788    i.EXTI3_IRQHandler  key.o
    0x08002220   0x00000040   Code   RO          789    i.EXTI4_IRQHandler  key.o
    0x08002260   0x0000005c   Code   RO          842    i.EXTI9_5_IRQHandler  touch.o
    0x080022bc   0x0000000c   Code   RO         2678    i.EXTI_ClearITPendingBit  stm32f4xx_exti.o
    0x080022c8   0x00000014   Code   RO         2682    i.EXTI_GetITStatus  stm32f4xx_exti.o
    0x080022dc   0x00000070   Code   RO         2683    i.EXTI_Init         stm32f4xx_exti.o
    0x0800234c   0x00000034   Code   RO          625    i.FindFontIndex_tft  tft.o
    0x08002380   0x00000078   Code   RO         2058    i.GPIO_Init         stm32f4xx_gpio.o
    0x080023f8   0x00000020   Code   RO         2059    i.GPIO_PinAFConfig  stm32f4xx_gpio.o
    0x08002418   0x00000004   Code   RO         2066    i.GPIO_SetBits      stm32f4xx_gpio.o
    0x0800241c   0x00000002   Code   RO          386    i.HardFault_Handler  stm32f4xx_it.o
    0x0800241e   0x00000002   PAD
    0x08002420   0x00000040   Code   RO         1810    i.IIC_Ack           mpu6050_i2c.o
    0x08002460   0x00000044   Code   RO         1811    i.IIC_Init          mpu6050_i2c.o
    0x080024a4   0x00000040   Code   RO         1812    i.IIC_NAck          mpu6050_i2c.o
    0x080024e4   0x00000068   Code   RO         1813    i.IIC_Read_Byte     mpu6050_i2c.o
    0x0800254c   0x00000060   Code   RO         1814    i.IIC_Send_Byte     mpu6050_i2c.o
    0x080025ac   0x00000040   Code   RO         1815    i.IIC_Start         mpu6050_i2c.o
    0x080025ec   0x00000044   Code   RO         1816    i.IIC_Stop          mpu6050_i2c.o
    0x08002630   0x00000054   Code   RO         1817    i.IIC_Wait_Ack      mpu6050_i2c.o
    0x08002684   0x00000014   Code   RO          626    i.LCD_WR_DATA       tft.o
    0x08002698   0x0000005c   Code   RO          500    i.LED_Init          led.o
    0x080026f4   0x0000002c   Code   RO            5    i.Led_Alarm_Off     main.o
    0x08002720   0x0000002c   Code   RO            6    i.Led_Alarm_On      main.o
    0x0800274c   0x0000008c   Code   RO         1728    i.MPU_Init          mpu6050.o
    0x080027d8   0x0000003a   Code   RO         1729    i.MPU_Read_Byte     mpu6050.o
    0x08002812   0x0000006a   Code   RO         1730    i.MPU_Read_Len      mpu6050.o
    0x0800287c   0x0000000a   Code   RO         1731    i.MPU_Set_Accel_Fsr  mpu6050.o
    0x08002886   0x0000000a   Code   RO         1732    i.MPU_Set_Gyro_Fsr  mpu6050.o
    0x08002890   0x00000030   Code   RO         1733    i.MPU_Set_LPF       mpu6050.o
    0x080028c0   0x0000002e   Code   RO         1734    i.MPU_Set_Rate      mpu6050.o
    0x080028ee   0x0000003c   Code   RO         1735    i.MPU_Write_Byte    mpu6050.o
    0x0800292a   0x00000052   Code   RO         1736    i.MPU_Write_Len     mpu6050.o
    0x0800297c   0x00000002   Code   RO          387    i.MemManage_Handler  stm32f4xx_it.o
    0x0800297e   0x00000002   Code   RO          388    i.NMI_Handler       stm32f4xx_it.o
    0x08002980   0x00000064   Code   RO         2013    i.NVIC_Init         misc.o
    0x080029e4   0x00000014   Code   RO         2014    i.NVIC_PriorityGroupConfig  misc.o
    0x080029f8   0x0000000c   Code   RO         3093    i.PWR_BackupAccessCmd  stm32f4xx_pwr.o
    0x08002a04   0x00000018   Code   RO         2155    i.RCC_AHB1PeriphClockCmd  stm32f4xx_rcc.o
    0x08002a1c   0x00000018   Code   RO         2164    i.RCC_APB1PeriphClockCmd  stm32f4xx_rcc.o
    0x08002a34   0x00000018   Code   RO         2167    i.RCC_APB2PeriphClockCmd  stm32f4xx_rcc.o
    0x08002a4c   0x00000090   Code   RO         2176    i.RCC_GetClocksFreq  stm32f4xx_rcc.o
    0x08002adc   0x00000034   Code   RO         2177    i.RCC_GetFlagStatus  stm32f4xx_rcc.o
    0x08002b10   0x0000000c   Code   RO         2187    i.RCC_LSICmd        stm32f4xx_rcc.o
    0x08002b1c   0x0000000c   Code   RO         2199    i.RCC_RTCCLKCmd     stm32f4xx_rcc.o
    0x08002b28   0x00000030   Code   RO         2200    i.RCC_RTCCLKConfig  stm32f4xx_rcc.o
    0x08002b58   0x00000054   Code   RO         2739    i.RTC_AlarmCmd      stm32f4xx_rtc.o
    0x08002bac   0x00000054   Code   RO          590    i.RTC_Alarm_IRQHandler  rtc.o
    0x08002c00   0x00000012   Code   RO         2742    i.RTC_Bcd2ToByte    stm32f4xx_rtc.o
    0x08002c12   0x00000018   Code   RO         2744    i.RTC_ByteToBcd2    stm32f4xx_rtc.o
    0x08002c2a   0x00000002   PAD
    0x08002c2c   0x0000001c   Code   RO         2748    i.RTC_ClearITPendingBit  stm32f4xx_rtc.o
    0x08002c48   0x0000003c   Code   RO         2754    i.RTC_EnterInitMode  stm32f4xx_rtc.o
    0x08002c84   0x00000010   Code   RO         2755    i.RTC_ExitInitMode  stm32f4xx_rtc.o
    0x08002c94   0x0000004c   Code   RO         2758    i.RTC_GetDate       stm32f4xx_rtc.o
    0x08002ce0   0x00000038   Code   RO         2760    i.RTC_GetITStatus   stm32f4xx_rtc.o
    0x08002d18   0x00000050   Code   RO         2763    i.RTC_GetTime       stm32f4xx_rtc.o
    0x08002d68   0x00000040   Code   RO         2767    i.RTC_ITConfig      stm32f4xx_rtc.o
    0x08002da8   0x00000050   Code   RO         2768    i.RTC_Init          stm32f4xx_rtc.o
    0x08002df8   0x00000014   Code   RO         2771    i.RTC_ReadBackupRegister  stm32f4xx_rtc.o
    0x08002e0c   0x000000a4   Code   RO         2773    i.RTC_SetAlarm      stm32f4xx_rtc.o
    0x08002eb0   0x00000098   Code   RO         2774    i.RTC_SetDate       stm32f4xx_rtc.o
    0x08002f48   0x000000a0   Code   RO         2775    i.RTC_SetTime       stm32f4xx_rtc.o
    0x08002fe8   0x0000001c   Code   RO         2776    i.RTC_SetWakeUpCounter  stm32f4xx_rtc.o
    0x08003004   0x0000002c   Code   RO          591    i.RTC_WKUP_IRQHandler  rtc.o
    0x08003030   0x0000004c   Code   RO         2791    i.RTC_WaitForSynchro  stm32f4xx_rtc.o
    0x0800307c   0x00000028   Code   RO         2792    i.RTC_WakeUpClockConfig  stm32f4xx_rtc.o
    0x080030a4   0x00000058   Code   RO         2793    i.RTC_WakeUpCmd     stm32f4xx_rtc.o
    0x080030fc   0x00000014   Code   RO         2794    i.RTC_WriteBackupRegister  stm32f4xx_rtc.o
    0x08003110   0x00000014   Code   RO         3874    i.SPI_Cmd           stm32f4xx_spi.o
    0x08003124   0x0000000e   Code   RO         3882    i.SPI_I2S_GetFlagStatus  stm32f4xx_spi.o
    0x08003132   0x00000004   Code   RO         3885    i.SPI_I2S_ReceiveData  stm32f4xx_spi.o
    0x08003136   0x00000004   Code   RO         3886    i.SPI_I2S_SendData  stm32f4xx_spi.o
    0x0800313a   0x00000038   Code   RO         3887    i.SPI_Init          stm32f4xx_spi.o
    0x08003172   0x00000002   PAD
    0x08003174   0x00000030   Code   RO         3460    i.SYSCFG_EXTILineConfig  stm32f4xx_syscfg.o
    0x080031a4   0x000000b4   Code   RO          463    i.SetSysClock       system_stm32f4xx.o
    0x08003258   0x0000002c   Code   RO         5176    i.SysTick_Handler   port.o
    0x08003284   0x0000005c   Code   RO          465    i.SystemInit        system_stm32f4xx.o
    0x080032e0   0x00000024   Code   RO          629    i.TFT_SEND_CMD      tft.o
    0x08003304   0x00000020   Code   RO          630    i.TFT_SEND_DATA     tft.o
    0x08003324   0x00000018   Code   RO          631    i.TFT_clear         tft.o
    0x0800333c   0x00000288   Code   RO          632    i.TFT_init          tft.o
    0x080035c4   0x00000088   Code   RO         1949    i.USART1_IRQHandler  usart.o
    0x0800364c   0x00000088   Code   RO         1872    i.USART3_IRQHandler  ble.o
    0x080036d4   0x0000000c   Code   RO         2490    i.USART_ClearITPendingBit  stm32f4xx_usart.o
    0x080036e0   0x00000014   Code   RO         2493    i.USART_Cmd         stm32f4xx_usart.o
    0x080036f4   0x0000003e   Code   RO         2497    i.USART_GetITStatus  stm32f4xx_usart.o
    0x08003732   0x00000030   Code   RO         2499    i.USART_ITConfig    stm32f4xx_usart.o
    0x08003762   0x00000002   PAD
    0x08003764   0x000000ac   Code   RO         2500    i.USART_Init        stm32f4xx_usart.o
    0x08003810   0x00000008   Code   RO         2507    i.USART_ReceiveData  stm32f4xx_usart.o
    0x08003818   0x00000002   Code   RO          389    i.UsageFault_Handler  stm32f4xx_it.o
    0x0800381a   0x00000030   Code   RO         5670    i.__ARM_fpclassify  m_wm.l(fpclassify.o)
    0x0800384a   0x0000000e   Code   RO         5467    i._is_digit         c_w.l(__printf_wp.o)
    0x08003858   0x00000002   Code   RO         1950    i._sys_exit         usart.o
    0x0800385a   0x00000002   PAD
    0x0800385c   0x00000160   Code   RO            7    i.app_task_alarm    main.o
    0x080039bc   0x00000140   Code   RO            8    i.app_task_calendar  main.o
    0x08003afc   0x00000080   Code   RO            9    i.app_task_camera   main.o
    0x08003b7c   0x0000012c   Code   RO           10    i.app_task_dht11    main.o
    0x08003ca8   0x00000080   Code   RO           11    i.app_task_face     main.o
    0x08003d28   0x00000334   Code   RO           12    i.app_task_heart    main.o
    0x0800405c   0x00000290   Code   RO           13    i.app_task_rtc      main.o
    0x080042ec   0x000000e4   Code   RO           14    i.app_task_start    main.o
    0x080043d0   0x000000a0   Code   RO           15    i.app_task_step     main.o
    0x08004470   0x000000d0   Code   RO           16    i.app_task_tp       main.o
    0x08004540   0x00000300   Code   RO           17    i.app_task_ui1      main.o
    0x08004840   0x00000274   Code   RO           18    i.app_task_ui2      main.o
    0x08004ab4   0x00000344   Code   RO           19    i.app_task_usart    main.o
    0x08004df8   0x00000080   Code   RO           20    i.app_task_wire     main.o
    0x08004e78   0x000000a8   Code   RO         1873    i.ble_init          ble.o
    0x08004f20   0x00000004   Code   RO         1905    i.delay_ms          delay.o
    0x08004f24   0x00000050   Code   RO         1906    i.delay_us          delay.o
    0x08004f74   0x00000054   Code   RO          548    i.dht11_read_bit    mht11.o
    0x08004fc8   0x00000020   Code   RO          549    i.dht11_read_byte   mht11.o
    0x08004fe8   0x0000004e   Code   RO          550    i.dht11_read_data   mht11.o
    0x08005036   0x00000002   PAD
    0x08005038   0x00000034   Code   RO          551    i.dht11_set_io      mht11.o
    0x0800506c   0x00000030   Code   RO         1546    i.dmp_get_pedometer_step_count  inv_mpu_dmp_motion_driver.o
    0x0800509c   0x00000026   Code   RO         1557    i.dmp_set_pedometer_step_count  inv_mpu_dmp_motion_driver.o
    0x080050c2   0x00000002   PAD
    0x080050c4   0x00000048   Code   RO           21    i.draw_info         main.o
    0x0800510c   0x00000014   Code   RO         1951    i.fputc             usart.o
    0x08005120   0x00000050   Code   RO         1039    i.i2c_ack           i2c.o
    0x08005170   0x00000040   Code   RO         1040    i.i2c_init          i2c.o
    0x080051b0   0x00000048   Code   RO         1041    i.i2c_recv_byte     i2c.o
    0x080051f8   0x0000005c   Code   RO         1042    i.i2c_send_byte     i2c.o
    0x08005254   0x00000038   Code   RO         1043    i.i2c_start1        i2c.o
    0x0800528c   0x00000030   Code   RO         1044    i.i2c_stop1         i2c.o
    0x080052bc   0x00000034   Code   RO         1045    i.i2c_wait_ack1     i2c.o
    0x080052f0   0x000000f8   Code   RO          790    i.key_init          key.o
    0x080053e8   0x0000003e   Code   RO          633    i.lcd_addr_set      tft.o
    0x08005426   0x0000000c   Code   RO          634    i.lcd_display_on    tft.o
    0x08005432   0x00000030   Code   RO          635    i.lcd_draw_image    tft.o
    0x08005462   0x00000044   Code   RO          636    i.lcd_fill          tft.o
    0x080054a6   0x00000002   PAD
    0x080054a8   0x0000000c   Code   RO          637    i.lcd_get_direction  tft.o
    0x080054b4   0x00000014   Code   RO          640    i.lcd_send_data16   tft.o
    0x080054c8   0x00000084   Code   RO          642    i.lcd_show_char     tft.o
    0x0800554c   0x00000066   Code   RO          643    i.lcd_show_string   tft.o
    0x080055b2   0x00000030   Code   RO          644    i.lcd_show_string_fmt  tft.o
    0x080055e2   0x00000002   PAD
    0x080055e4   0x00000094   Code   RO           22    i.main              main.o
    0x08005678   0x0000004c   Code   RO         1126    i.max30102_Bus_Read  max30102.o
    0x080056c4   0x0000003e   Code   RO         1127    i.max30102_Bus_Write  max30102.o
    0x08005702   0x00000092   Code   RO         1128    i.max30102_FIFO_ReadBytes  max30102.o
    0x08005794   0x00000094   Code   RO         1130    i.max30102_init     max30102.o
    0x08005828   0x00000016   Code   RO         1131    i.max30102_reset    max30102.o
    0x0800583e   0x00000032   Code   RO          978    i.maxim_find_peaks  algorithm.o
    0x08005870   0x00000380   Code   RO          979    i.maxim_heart_rate_and_oxygen_saturation  algorithm.o
    0x08005bf0   0x00000066   Code   RO          980    i.maxim_peaks_above_min_height  algorithm.o
    0x08005c56   0x00000066   Code   RO          981    i.maxim_remove_close_peaks  algorithm.o
    0x08005cbc   0x00000030   Code   RO          982    i.maxim_sort_ascend  algorithm.o
    0x08005cec   0x00000038   Code   RO          983    i.maxim_sort_indices_descend  algorithm.o
    0x08005d24   0x00000054   Code   RO         1228    i.mpu_read_mem      inv_mpu.o
    0x08005d78   0x00000054   Code   RO         1244    i.mpu_write_mem     inv_mpu.o
    0x08005dcc   0x00000070   Code   RO         4663    i.prvAddCurrentTaskToDelayedList  tasks.o
    0x08005e3c   0x000000d0   Code   RO         4664    i.prvAddNewTaskToReadyList  tasks.o
    0x08005f0c   0x00000050   Code   RO         4996    i.prvCheckForValidListAndQueue  timers.o
    0x08005f5c   0x00000026   Code   RO         4324    i.prvCopyDataFromQueue  queue.o
    0x08005f82   0x0000006c   Code   RO         4325    i.prvCopyDataToQueue  queue.o
    0x08005fee   0x00000014   Code   RO         4665    i.prvDeleteTCB      tasks.o
    0x08006002   0x00000002   PAD
    0x08006004   0x0000004c   Code   RO         5126    i.prvHeapInit       heap_4.o
    0x08006050   0x00000060   Code   RO         4666    i.prvIdleTask       tasks.o
    0x080060b0   0x0000009c   Code   RO         4667    i.prvInitialiseNewTask  tasks.o
    0x0800614c   0x0000004c   Code   RO         5127    i.prvInsertBlockIntoFreeList  heap_4.o
    0x08006198   0x00000038   Code   RO         4997    i.prvInsertTimerInActiveList  timers.o
    0x080061d0   0x0000001a   Code   RO         4326    i.prvIsQueueEmpty   queue.o
    0x080061ea   0x00000002   PAD
    0x080061ec   0x000000c4   Code   RO         4998    i.prvProcessReceivedCommands  timers.o
    0x080062b0   0x000000b4   Code   RO         4999    i.prvProcessTimerOrBlockTask  timers.o
    0x08006364   0x00000020   Code   RO         4669    i.prvResetNextTaskUnblockTime  tasks.o
    0x08006384   0x00000028   Code   RO         5000    i.prvSampleTimeNow  timers.o
    0x080063ac   0x0000006c   Code   RO         5001    i.prvSwitchTimerLists  timers.o
    0x08006418   0x00000028   Code   RO         5177    i.prvTaskExitError  port.o
    0x08006440   0x00000014   Code   RO         4171    i.prvTestWaitCondition  event_groups.o
    0x08006454   0x00000028   Code   RO         5002    i.prvTimerTask      timers.o
    0x0800647c   0x0000006a   Code   RO         4327    i.prvUnlockQueue    queue.o
    0x080064e6   0x00000002   PAD
    0x080064e8   0x000000dc   Code   RO         5128    i.pvPortMalloc      heap_4.o
    0x080065c4   0x00000018   Code   RO         4671    i.pvTaskIncrementMutexHeldCount  tasks.o
    0x080065dc   0x0000002c   Code   RO         5178    i.pxPortInitialiseStack  port.o
    0x08006608   0x00000130   Code   RO          592    i.rtc_init          rtc.o
    0x08006738   0x00000024   Code   RO         1046    i.sda_pin_mode      i2c.o
    0x0800675c   0x00000034   Code   RO          645    i.spi1_send_byte    tft.o
    0x08006790   0x00000050   Code   RO          844    i.tp_i2c_ack        touch.o
    0x080067e0   0x00000048   Code   RO          845    i.tp_i2c_recv_byte  touch.o
    0x08006828   0x0000005c   Code   RO          846    i.tp_i2c_send_byte  touch.o
    0x08006884   0x00000038   Code   RO          847    i.tp_i2c_start      touch.o
    0x080068bc   0x00000030   Code   RO          848    i.tp_i2c_stop       touch.o
    0x080068ec   0x00000034   Code   RO          849    i.tp_i2c_wait_ack   touch.o
    0x08006920   0x00000060   Code   RO          850    i.tp_init           touch.o
    0x08006980   0x000000c0   Code   RO          851    i.tp_lowlevel_init  touch.o
    0x08006a40   0x000000a4   Code   RO          852    i.tp_read           touch.o
    0x08006ae4   0x00000058   Code   RO          853    i.tp_recv           touch.o
    0x08006b3c   0x00000040   Code   RO          854    i.tp_recv_byte      touch.o
    0x08006b7c   0x00000028   Code   RO          855    i.tp_reset          touch.o
    0x08006ba4   0x00000024   Code   RO          856    i.tp_sda_pin_mode   touch.o
    0x08006bc8   0x000000ac   Code   RO         1952    i.uart_init         usart.o
    0x08006c74   0x00000026   Code   RO         4284    i.uxListRemove      list.o
    0x08006c9a   0x00000002   PAD
    0x08006c9c   0x00000018   Code   RO         4678    i.uxTaskResetEventItemValue  tasks.o
    0x08006cb4   0x00000002   Code   RO           23    i.vApplicationIdleHook  main.o
    0x08006cb6   0x00000010   Code   RO           24    i.vApplicationMallocFailedHook  main.o
    0x08006cc6   0x00000010   Code   RO           25    i.vApplicationStackOverflowHook  main.o
    0x08006cd6   0x00000002   Code   RO           26    i.vApplicationTickHook  main.o
    0x08006cd8   0x00000004   Code   RO         4175    i.vEventGroupSetBitsCallback  event_groups.o
    0x08006cdc   0x00000016   Code   RO         4285    i.vListInitialise   list.o
    0x08006cf2   0x00000006   Code   RO         4286    i.vListInitialiseItem  list.o
    0x08006cf8   0x00000030   Code   RO         4287    i.vListInsert       list.o
    0x08006d28   0x00000018   Code   RO         4288    i.vListInsertEnd    list.o
    0x08006d40   0x00000040   Code   RO         5180    i.vPortEnterCritical  port.o
    0x08006d80   0x00000028   Code   RO         5181    i.vPortExitCritical  port.o
    0x08006da8   0x0000005c   Code   RO         5129    i.vPortFree         heap_4.o
    0x08006e04   0x00000024   Code   RO         5182    i.vPortSetupTimerInterrupt  port.o
    0x08006e28   0x00000054   Code   RO         5183    i.vPortValidateInterruptPriority  port.o
    0x08006e7c   0x00000024   Code   RO         4333    i.vQueueAddToRegistry  queue.o
    0x08006ea0   0x00000044   Code   RO         4337    i.vQueueWaitForMessageRestricted  queue.o
    0x08006ee4   0x0000004c   Code   RO         4679    i.vTaskDelay        tasks.o
    0x08006f30   0x000000ac   Code   RO         4681    i.vTaskDelete       tasks.o
    0x08006fdc   0x00000010   Code   RO         4684    i.vTaskInternalSetTimeOutState  tasks.o
    0x08006fec   0x0000000c   Code   RO         4685    i.vTaskMissedYield  tasks.o
    0x08006ff8   0x00000030   Code   RO         4687    i.vTaskPlaceOnEventList  tasks.o
    0x08007028   0x00000038   Code   RO         4688    i.vTaskPlaceOnEventListRestricted  tasks.o
    0x08007060   0x0000004c   Code   RO         4689    i.vTaskPlaceOnUnorderedEventList  tasks.o
    0x080070ac   0x000000ac   Code   RO         4690    i.vTaskPriorityDisinheritAfterTimeout  tasks.o
    0x08007158   0x00000070   Code   RO         4692    i.vTaskRemoveFromUnorderedEventList  tasks.o
    0x080071c8   0x00000070   Code   RO         4696    i.vTaskStartScheduler  tasks.o
    0x08007238   0x00000010   Code   RO         4698    i.vTaskSuspendAll   tasks.o
    0x08007248   0x00000088   Code   RO         4699    i.vTaskSwitchContext  tasks.o
    0x080072d0   0x00000038   Code   RO           27    i.vTimer_callback   main.o
    0x08007308   0x0000001a   Code   RO         4179    i.xEventGroupCreate  event_groups.o
    0x08007322   0x0000008c   Code   RO         4181    i.xEventGroupSetBits  event_groups.o
    0x080073ae   0x00000002   PAD
    0x080073b0   0x00000010   Code   RO         4182    i.xEventGroupSetBitsFromISR  event_groups.o
    0x080073c0   0x00000108   Code   RO         4184    i.xEventGroupWaitBits  event_groups.o
    0x080074c8   0x000000f4   Code   RO         5184    i.xPortStartScheduler  port.o
    0x080075bc   0x00000024   Code   RO         4339    i.xQueueCreateMutex  queue.o
    0x080075e0   0x00000052   Code   RO         4340    i.xQueueGenericCreate  queue.o
    0x08007632   0x00000002   PAD
    0x08007634   0x00000088   Code   RO         4341    i.xQueueGenericReset  queue.o
    0x080076bc   0x00000164   Code   RO         4342    i.xQueueGenericSend  queue.o
    0x08007820   0x000000bc   Code   RO         4343    i.xQueueGenericSendFromISR  queue.o
    0x080078dc   0x00000138   Code   RO         4350    i.xQueueReceive     queue.o
    0x08007a14   0x00000178   Code   RO         4352    i.xQueueSemaphoreTake  queue.o
    0x08007b8c   0x00000074   Code   RO         4700    i.xTaskCheckForTimeOut  tasks.o
    0x08007c00   0x00000056   Code   RO         4701    i.xTaskCreate       tasks.o
    0x08007c56   0x00000002   PAD
    0x08007c58   0x0000001c   Code   RO         4705    i.xTaskGetSchedulerState  tasks.o
    0x08007c74   0x0000000c   Code   RO         4706    i.xTaskGetTickCount  tasks.o
    0x08007c80   0x000000c0   Code   RO         4708    i.xTaskIncrementTick  tasks.o
    0x08007d40   0x00000098   Code   RO         4711    i.xTaskPriorityDisinherit  tasks.o
    0x08007dd8   0x00000094   Code   RO         4712    i.xTaskPriorityInherit  tasks.o
    0x08007e6c   0x00000078   Code   RO         4713    i.xTaskRemoveFromEventList  tasks.o
    0x08007ee4   0x000000c4   Code   RO         4714    i.xTaskResumeAll    tasks.o
    0x08007fa8   0x0000004e   Code   RO         5007    i.xTimerCreate      timers.o
    0x08007ff6   0x00000002   PAD
    0x08007ff8   0x0000004c   Code   RO         5008    i.xTimerCreateTimerTask  timers.o
    0x08008044   0x00000064   Code   RO         5009    i.xTimerGenericCommand  timers.o
    0x080080a8   0x00000028   Code   RO         5015    i.xTimerPendFunctionCallFromISR  timers.o
    0x080080d0   0x0000002c   Code   RO         5777    locale$$code        c_w.l(lc_ctype_c.o)
    0x080080fc   0x0000002c   Code   RO         5780    locale$$code        c_w.l(lc_numeric_c.o)
    0x08008128   0x0000000a   Code   RO         5862    x$fpl$fpinit        fz_wm.l(fpinit.o)
    0x08008132   0x00000004   Code   RO         5627    x$fpl$printf1       fz_wm.l(printf1.o)
    0x08008136   0x00000004   Code   RO         5629    x$fpl$printf2       fz_wm.l(printf2.o)
    0x0800813a   0x00000000   Code   RO         5635    x$fpl$usenofp       fz_wm.l(usenofp.o)
    0x0800813a   0x00000002   PAD
    0x0800813c   0x000001c0   Data   RO           29    .constdata          main.o
    0x080082fc   0x000000f6   Data   RO          985    .constdata          algorithm.o
    0x080083f2   0x0000001b   Data   RO         1248    .constdata          inv_mpu.o
    0x0800840d   0x00000001   PAD
    0x0800840e   0x0000000c   Data   RO         1249    .constdata          inv_mpu.o
    0x0800841a   0x00000002   PAD
    0x0800841c   0x00000028   Data   RO         1250    .constdata          inv_mpu.o
    0x08008444   0x00001780   Data   RO         5252    .constdata          fontdotmatrix16.o
    0x08009bc4   0x00006080   Data   RO         5261    .constdata          fontdotmatrix32.o
    0x0800fc44   0x00024b80   Data   RO         5270    .constdata          fontdotmatrix80.o
    0x080347c4   0x00000800   Data   RO         5279    .constdata          battery.o
    0x08034fc4   0x000017a2   Data   RO         5286    .constdata          camera.o
    0x08036766   0x000017a2   Data   RO         5293    .constdata          date.o
    0x08037f08   0x000017a2   Data   RO         5300    .constdata          faceid.o
    0x080396aa   0x000017a2   Data   RO         5307    .constdata          fail.o
    0x0803ae4c   0x000017a2   Data   RO         5314    .constdata          humi.o
    0x0803c5ee   0x000017a2   Data   RO         5321    .constdata          light.o
    0x0803dd90   0x000017a2   Data   RO         5328    .constdata          lock.o
    0x0803f532   0x000017a2   Data   RO         5335    .constdata          pulse.o
    0x08040cd4   0x000017a2   Data   RO         5342    .constdata          rfid.o
    0x08042476   0x000017a2   Data   RO         5349    .constdata          success.o
    0x08043c18   0x000017a2   Data   RO         5356    .constdata          temp.o
    0x080453ba   0x000017a2   Data   RO         5363    .constdata          time.o
    0x08046b5c   0x000017a2   Data   RO         5370    .constdata          touchid.o
    0x080482fe   0x000017a2   Data   RO         5377    .constdata          unlock.o
    0x08049aa0   0x000017a2   Data   RO         5384    .constdata          victory.o
    0x0804b242   0x000017a2   Data   RO         5391    .constdata          warning.o
    0x0804c9e4   0x000017a2   Data   RO         5398    .constdata          wifi.o
    0x0804e186   0x00013880   Data   RO         5405    .constdata          blueos.o
    0x08061a06   0x00000028   Data   RO         5455    .constdata          c_w.l(_printf_hex_int_ll_ptr.o)
    0x08061a2e   0x00000011   Data   RO         5475    .constdata          c_w.l(__printf_flags_ss_wp.o)
    0x08061a3f   0x00000001   PAD
    0x08061a40   0x00000008   Data   RO         5584    .constdata          c_w.l(_printf_wctomb.o)
    0x08061a48   0x00000026   Data   RO         5716    .constdata          c_w.l(_printf_fp_hex.o)
    0x08061a6e   0x00000002   PAD
    0x08061a70   0x00000094   Data   RO         5752    .constdata          c_w.l(bigflt0.o)
    0x08061b04   0x00000098   Data   RO           30    .conststring        main.o
    0x08061b9c   0x000002df   Data   RO         5253    .conststring        fontdotmatrix16.o
    0x08061e7b   0x00000001   PAD
    0x08061e7c   0x00000020   Data   RO         5919    Region$$Table       anon$$obj.o
    0x08061e9c   0x00000110   Data   RO         5776    locale$$data        c_w.l(lc_ctype_c.o)
    0x08061fac   0x0000001c   Data   RO         5779    locale$$data        c_w.l(lc_numeric_c.o)


    Execution Region RW_IRAM1 (Base: 0x20000000, Size: 0x000162a0, Max: 0x00020000, ABSOLUTE, COMPRESSED[0x0000025c])

    Base Addr    Size         Type   Attr      Idx    E Section Name        Object

    0x20000000   0x00000084   Data   RW           31    .data               main.o
    0x20000084   0x00000014   Data   RW          466    .data               system_stm32f4xx.o
    0x20000098   0x00000014   Data   RW          647    .data               tft.o
    0x200000ac   0x00000004   Data   RW          791    .data               key.o
    0x200000b0   0x00000018   Data   RW          858    .data               touch.o
    0x200000c8   0x00000008   Data   RW         1047    .data               i2c.o
    0x200000d0   0x00000035   Data   RW         1252    .data               inv_mpu.o
    0x20000105   0x00000003   PAD
    0x20000108   0x0000000c   Data   RW         1875    .data               ble.o
    0x20000114   0x00000004   Data   RW         1958    .data               usart.o
    0x20000118   0x00000010   Data   RW         2208    .data               stm32f4xx_rcc.o
    0x20000128   0x0000003c   Data   RW         4717    .data               tasks.o
    0x20000164   0x00000014   Data   RW         5017    .data               timers.o
    0x20000178   0x00000018   Data   RW         5134    .data               heap_4.o
    0x20000190   0x0000000c   Data   RW         5185    .data               port.o
    0x2000019c   0x000002f0   Data   RW         5254    .data               fontdotmatrix16.o
    0x2000048c   0x00000004   Data   RW         5485    .data               c_w.l(strtok.o)
    0x20000490   0x00000fd8   Zero   RW           28    .bss                main.o
    0x20001468   0x00000012   Zero   RW          646    .bss                tft.o
    0x2000147a   0x00000002   PAD
    0x2000147c   0x00001760   Zero   RW          984    .bss                algorithm.o
    0x20002bdc   0x00000094   Zero   RW         1874    .bss                ble.o
    0x20002c70   0x00000081   Zero   RW         1955    .bss                usart.o
    0x20002cf1   0x00000003   PAD
    0x20002cf4   0x00000040   Zero   RW         4354    .bss                queue.o
    0x20002d34   0x000002e4   Zero   RW         4716    .bss                tasks.o
    0x20003018   0x00000028   Zero   RW         5016    .bss                timers.o
    0x20003040   0x00012c00   Zero   RW         5133    .bss                heap_4.o
    0x20015c40   0x00000060   Zero   RW         5688    .bss                c_w.l(libspace.o)
    0x20015ca0   0x00000200   Zero   RW         2005    HEAP                startup_stm32f40_41xxx.o
    0x20015ea0   0x00000400   Zero   RW         2004    STACK               startup_stm32f40_41xxx.o


==============================================================================

Image component sizes


      Code (inc. data)   RO Data    RW Data    ZI Data      Debug   Object Name

      1254         22        246          0       5984       6177   algorithm.o
         0          0       2048          0          0        408   battery.o
       304         34          0         12        148       1887   ble.o
         0          0      80000          0          0        409   blueos.o
         0          0       6050          0          0        403   camera.o
         0          0       6050          0          0        393   date.o
        84          8          0          0          0       1090   delay.o
       470         10          0          0          0      15228   event_groups.o
         0          0       6050          0          0        403   faceid.o
         0          0       6050          0          0        393   fail.o
         0          0       6751        752          0        502   fontdotmatrix16.o
         0          0      24704          0          0        502   fontdotmatrix32.o
         0          0     150400          0          0        502   fontdotmatrix80.o
       464         22          0         24      76800       3919   heap_4.o
         0          0       6050          0          0        393   humi.o
       500         52          0          8          0       4853   i2c.o
       168          8         79         53          0       6372   inv_mpu.o
        86          0          0          0          0       1390   inv_mpu_dmp_motion_driver.o
       372         28          0          4          0       7577   key.o
        92          8          0          0          0        547   led.o
         0          0       6050          0          0        398   light.o
       138          0          0          0          0       2986   list.o
         0          0       6050          0          0        393   lock.o
      6100        848        600        132       4056     352607   main.o
       454          6          0          0          0       3620   max30102.o
       354         18          0          0          0       3372   mht11.o
       120         14          0          0          0       1391   misc.o
       560         12          0          0          0       5897   mpu6050.o
       612         72          0          0          0       4566   mpu6050_i2c.o
       786         80          0         12          0      10653   port.o
         0          0       6050          0          0        398   pulse.o
      1868         22          0          0         64      13612   queue.o
         0          0       6050          0          0        393   rfid.o
       432         20          0          0          0       1988   rtc.o
        64         26        392          0       1536        824   startup_stm32f40_41xxx.o
       144         14          0          0          0       1980   stm32f4xx_exti.o
       156          0          0          0          0       2054   stm32f4xx_gpio.o
        12          0          0          0          0       2617   stm32f4xx_it.o
        12          6          0          0          0        494   stm32f4xx_pwr.o
       340         56          0         16          0       6543   stm32f4xx_rcc.o
      1334        116          0          0          0      12868   stm32f4xx_rtc.o
        98          0          0          0          0       3190   stm32f4xx_spi.o
        48          6          0          0          0        592   stm32f4xx_syscfg.o
       322          8          0          0          0       4344   stm32f4xx_usart.o
         0          0       6050          0          0        408   success.o
       272         36          0         20          0       1705   system_stm32f4xx.o
      2726        222          0         60        740      24160   tasks.o
         0          0       6050          0          0        393   temp.o
      1368         68          0         20         18      13205   tft.o
         0          0       6050          0          0        393   time.o
       994         90          0         20         40       9830   timers.o
      1172        130          0         24          0      11666   touch.o
         0          0       6050          0          0        408   touchid.o
         0          0       6050          0          0        403   unlock.o
       330         32          0          4        129       4544   usart.o
         0          0       6050          0          0        408   victory.o
         0          0       6050          0          0        408   warning.o
         0          0       6050          0          0        393   wifi.o

    ----------------------------------------------------------------------
     24648       2094     368106       1164      89520     559452   Object Totals
         0          0         32          0          0          0   (incl. Generated)
        38          0          4          3          5          0   (incl. Padding)

    ----------------------------------------------------------------------

      Code (inc. data)   RO Data    RW Data    ZI Data      Debug   Library Member Name

        24          4          0          0          0         84   __2printf.o
        44          6          0          0          0         84   __2sprintf.o
        90          0          0          0          0          0   __dczerorl2.o
         8          0          0          0          0         68   __main.o
       392          4         17          0          0         92   __printf_flags_ss_wp.o
        14          0          0          0          0         68   __printf_wp.o
         0          0          0          0          0          0   __rtentry.o
        12          0          0          0          0          0   __rtentry2.o
         6          0          0          0          0          0   __rtentry4.o
        52          8          0          0          0          0   __scatter.o
        28          0          0          0          0          0   __scatter_zi.o
        28          0          0          0          0         68   _chval.o
         6          0          0          0          0          0   _printf_a.o
         6          0          0          0          0          0   _printf_c.o
        44          0          0          0          0        108   _printf_char.o
        48          6          0          0          0         96   _printf_char_common.o
        36          4          0          0          0         80   _printf_char_file.o
        40          0          0          0          0         68   _printf_charcount.o
         6          0          0          0          0          0   _printf_d.o
       120         16          0          0          0         92   _printf_dec.o
         6          0          0          0          0          0   _printf_e.o
         6          0          0          0          0          0   _printf_f.o
      1050          0          0          0          0        216   _printf_fp_dec.o
       764         10         38          0          0        100   _printf_fp_hex.o
       128         16          0          0          0         84   _printf_fp_infnan.o
         6          0          0          0          0          0   _printf_g.o
       148          4         40          0          0        160   _printf_hex_int_ll_ptr.o
         6          0          0          0          0          0   _printf_i.o
       178          0          0          0          0         88   _printf_intcommon.o
        10          0          0          0          0          0   _printf_l.o
         6          0          0          0          0          0   _printf_lc.o
        10          0          0          0          0          0   _printf_ll.o
         6          0          0          0          0          0   _printf_lld.o
         6          0          0          0          0          0   _printf_lli.o
         6          0          0          0          0          0   _printf_llo.o
         6          0          0          0          0          0   _printf_llu.o
         6          0          0          0          0          0   _printf_llx.o
       124         16          0          0          0         92   _printf_longlong_dec.o
         6          0          0          0          0          0   _printf_ls.o
         6          0          0          0          0          0   _printf_n.o
         6          0          0          0          0          0   _printf_o.o
       112          8          0          0          0        124   _printf_oct_int_ll.o
         6          0          0          0          0          0   _printf_p.o
        78          0          0          0          0        108   _printf_pad.o
         0          0          0          0          0          0   _printf_percent.o
         4          0          0          0          0          0   _printf_percent_end.o
         6          0          0          0          0          0   _printf_s.o
        82          0          0          0          0         80   _printf_str.o
        36          0          0          0          0         84   _printf_truncate.o
         6          0          0          0          0          0   _printf_u.o
        44          0          0          0          0        108   _printf_wchar.o
       188          6          8          0          0         92   _printf_wctomb.o
         6          0          0          0          0          0   _printf_x.o
        10          0          0          0          0         68   _sputc.o
       158          0          0          0          0         92   _strtoul.o
        64          0          0          0          0         92   _wcrtomb.o
        16          0          0          0          0         68   aeabi_memset.o
        26          0          0          0          0         80   atoi.o
       220          4        148          0          0         96   bigflt0.o
      1910        128          0          0          0        672   btod.o
        12          0          0          0          0         72   exit.o
         8          0          0          0          0         68   ferror.o
         6          0          0          0          0        152   heapauxi.o
        44         10        272          0          0         76   lc_ctype_c.o
        44         10         28          0          0         76   lc_numeric_c.o
         2          0          0          0          0          0   libinit.o
        34          0          0          0          0          0   libinit2.o
         2          0          0          0          0          0   libshutdown.o
         2          0          0          0          0          0   libshutdown2.o
         8          4          0          0         96         68   libspace.o
       138          0          0          0          0         80   lludiv10.o
        88          0          0          0          0         76   memcmp.o
        16          4          0          0          0         76   rt_ctype_table.o
         8          4          0          0          0         68   rt_errno_addr_intlibspace.o
         8          4          0          0          0         68   rt_locale_intlibspace.o
        68          0          0          0          0         68   rt_memclr.o
        78          0          0          0          0         80   rt_memclr_w.o
       138          0          0          0          0         68   rt_memcpy_v6.o
       100          0          0          0          0         80   rt_memcpy_w.o
         2          0          0          0          0          0   rtexit.o
        10          0          0          0          0          0   rtexit2.o
       128          0          0          0          0         68   strcmpv7m.o
        32          0          0          0          0         80   strcspn.o
       150          0          0          0          0         80   strncmp.o
        28          0          0          0          0         80   strspn.o
        36          0          0          0          0         80   strstr.o
        12          6          0          4          0         68   strtok.o
        68          4          0          0          0         84   strtok_int.o
       112          0          0          0          0         88   strtol.o
        74          0          0          0          0         80   sys_stackheap_outer.o
         2          0          0          0          0         68   use_no_semi.o
         2          0          0          0          0         68   use_no_semi_2.o
        36          4          0          0          0         76   vsprintf.o
        10          0          0          0          0        116   fpinit.o
         4          0          0          0          0        116   printf1.o
         4          0          0          0          0        116   printf2.o
         0          0          0          0          0          0   usenofp.o
        48          0          0          0          0        124   fpclassify.o

    ----------------------------------------------------------------------
      8044        290        554          4         96       5980   Library Totals
        16          0          3          0          0          0   (incl. Padding)

    ----------------------------------------------------------------------

      Code (inc. data)   RO Data    RW Data    ZI Data      Debug   Library Name

      7962        290        551          4         96       5508   c_w.l
        18          0          0          0          0        348   fz_wm.l
        48          0          0          0          0        124   m_wm.l

    ----------------------------------------------------------------------
      8044        290        554          4         96       5980   Library Totals

    ----------------------------------------------------------------------

==============================================================================


      Code (inc. data)   RO Data    RW Data    ZI Data      Debug   

     32692       2384     368660       1168      89616     537860   Grand Totals
     32692       2384     368660        604      89616     537860   ELF Image Totals (compressed)
     32692       2384     368660        604          0          0   ROM Totals

==============================================================================

    Total RO  Size (Code + RO Data)               401352 ( 391.95kB)
    Total RW  Size (RW Data + ZI Data)             90784 (  88.66kB)
    Total ROM Size (Code + RO Data + RW Data)     401956 ( 392.54kB)

==============================================================================

