Component: ARM Compiler 5.05 update 1 (build 106) Tool: armlink [4d0efa]

==============================================================================

Section Cross References

    main.o(i.Led_Alarm_Off) refers to port.o(i.vPortEnterCritical) for vPortEnterCritical
    main.o(i.Led_Alarm_Off) refers to port.o(i.vPortExitCritical) for vPortExitCritical
    main.o(i.Led_Alarm_On) refers to port.o(i.vPortEnterCritical) for vPortEnterCritical
    main.o(i.Led_Alarm_On) refers to port.o(i.vPortExitCritical) for vPortExitCritical
    main.o(i.app_task_adc) refers to adc.o(i.adc_median_average_filter) for adc_median_average_filter
    main.o(i.app_task_adc) refers to tasks.o(i.xTaskGetTickCount) for xTaskGetTickCount
    main.o(i.app_task_adc) refers to queue.o(i.xQueueSemaphoreTake) for xQueueSemaphoreTake
    main.o(i.app_task_adc) refers to tft.o(i.lcd_display_on) for lcd_display_on
    main.o(i.app_task_adc) refers to queue.o(i.xQueueGenericSend) for xQueueGenericSend
    main.o(i.app_task_adc) refers to tasks.o(i.vTaskDelay) for vTaskDelay
    main.o(i.app_task_adc) refers to main.o(.data) for .data
    main.o(i.app_task_alarm) refers to _printf_pad.o(.text) for _printf_pre_padding
    main.o(i.app_task_alarm) refers to _printf_percent.o(.ARM.Collect$$_printf_percent$$00000000) for _printf_percent
    main.o(i.app_task_alarm) refers to _printf_d.o(.ARM.Collect$$_printf_percent$$00000009) for _printf_d
    main.o(i.app_task_alarm) refers to _printf_dec.o(.text) for _printf_int_dec
    main.o(i.app_task_alarm) refers to rt_memclr_w.o(.text) for __aeabi_memclr4
    main.o(i.app_task_alarm) refers to rt_memcpy_w.o(.text) for __aeabi_memcpy4
    main.o(i.app_task_alarm) refers to memcmp.o(.text) for memcmp
    main.o(i.app_task_alarm) refers to queue.o(i.xQueueSemaphoreTake) for xQueueSemaphoreTake
    main.o(i.app_task_alarm) refers to tft.o(i.TFT_clear) for TFT_clear
    main.o(i.app_task_alarm) refers to tft.o(i.lcd_show_string) for lcd_show_string
    main.o(i.app_task_alarm) refers to tft.o(i.lcd_draw_image) for lcd_draw_image
    main.o(i.app_task_alarm) refers to __2sprintf.o(.text) for __2sprintf
    main.o(i.app_task_alarm) refers to queue.o(i.xQueueGenericSend) for xQueueGenericSend
    main.o(i.app_task_alarm) refers to tasks.o(i.vTaskDelay) for vTaskDelay
    main.o(i.app_task_alarm) refers to main.o(.constdata) for .constdata
    main.o(i.app_task_alarm) refers to main.o(.data) for .data
    main.o(i.app_task_alarm) refers to main.o(.bss) for .bss
    main.o(i.app_task_alarm) refers to time.o(.constdata) for g_image_time_55x55
    main.o(i.app_task_calendar) refers to queue.o(i.xQueueSemaphoreTake) for xQueueSemaphoreTake
    main.o(i.app_task_calendar) refers to tft.o(i.TFT_clear) for TFT_clear
    main.o(i.app_task_calendar) refers to tft.o(i.lcd_draw_image) for lcd_draw_image
    main.o(i.app_task_calendar) refers to tft.o(i.lcd_show_string_fmt) for lcd_show_string_fmt
    main.o(i.app_task_calendar) refers to tft.o(i.lcd_show_string) for lcd_show_string
    main.o(i.app_task_calendar) refers to queue.o(i.xQueueGenericSend) for xQueueGenericSend
    main.o(i.app_task_calendar) refers to stm32f4xx_rtc.o(i.RTC_GetDate) for RTC_GetDate
    main.o(i.app_task_calendar) refers to tasks.o(i.vTaskDelay) for vTaskDelay
    main.o(i.app_task_calendar) refers to main.o(.data) for .data
    main.o(i.app_task_calendar) refers to date.o(.constdata) for g_image_date_55x55
    main.o(i.app_task_camera) refers to queue.o(i.xQueueSemaphoreTake) for xQueueSemaphoreTake
    main.o(i.app_task_camera) refers to tft.o(i.TFT_clear) for TFT_clear
    main.o(i.app_task_camera) refers to tft.o(i.lcd_draw_image) for lcd_draw_image
    main.o(i.app_task_camera) refers to tft.o(i.lcd_show_string) for lcd_show_string
    main.o(i.app_task_camera) refers to queue.o(i.xQueueGenericSend) for xQueueGenericSend
    main.o(i.app_task_camera) refers to tasks.o(i.vTaskDelay) for vTaskDelay
    main.o(i.app_task_camera) refers to main.o(.data) for .data
    main.o(i.app_task_camera) refers to camera.o(.constdata) for g_image_camera_55x55
    main.o(i.app_task_dht11) refers to _printf_percent.o(.ARM.Collect$$_printf_percent$$00000000) for _printf_percent
    main.o(i.app_task_dht11) refers to _printf_d.o(.ARM.Collect$$_printf_percent$$00000009) for _printf_d
    main.o(i.app_task_dht11) refers to _printf_dec.o(.text) for _printf_int_dec
    main.o(i.app_task_dht11) refers to rt_memclr_w.o(.text) for __aeabi_memclr4
    main.o(i.app_task_dht11) refers to queue.o(i.xQueueSemaphoreTake) for xQueueSemaphoreTake
    main.o(i.app_task_dht11) refers to tft.o(i.lcd_draw_image) for lcd_draw_image
    main.o(i.app_task_dht11) refers to tft.o(i.lcd_show_string) for lcd_show_string
    main.o(i.app_task_dht11) refers to queue.o(i.xQueueGenericSend) for xQueueGenericSend
    main.o(i.app_task_dht11) refers to mht11.o(i.dht11_read_data) for dht11_read_data
    main.o(i.app_task_dht11) refers to __2sprintf.o(.text) for __2sprintf
[...]
    _printf_char                             0x08000bdf   Thumb Code    16  _printf_char.o(.text)
    _printf_string                           0x08000bef   Thumb Code     8  _printf_char.o(.text)
    _printf_char_file                        0x08000bf9   Thumb Code    32  _printf_char_file.o(.text)
    _printf_wctomb                           0x08000c1d   Thumb Code   182  _printf_wctomb.o(.text)
    _printf_longlong_dec                     0x08000cd9   Thumb Code   108  _printf_longlong_dec.o(.text)
    _printf_longlong_oct                     0x08000d55   Thumb Code    68  _printf_oct_int_ll.o(.text)
    _printf_int_oct                          0x08000d99   Thumb Code    24  _printf_oct_int_ll.o(.text)
    _printf_ll_oct                           0x08000db1   Thumb Code    12  _printf_oct_int_ll.o(.text)
    strtol                                   0x08000dc5   Thumb Code   112  strtol.o(.text)
    __strtok_internal                        0x08000e35   Thumb Code    64  strtok_int.o(.text)
    __user_libspace                          0x08000e79   Thumb Code     8  libspace.o(.text)
    __user_perproc_libspace                  0x08000e79   Thumb Code     0  libspace.o(.text)
    __user_perthread_libspace                0x08000e79   Thumb Code     0  libspace.o(.text)
    __rt_ctype_table                         0x08000e81   Thumb Code    16  rt_ctype_table.o(.text)
    _ll_udiv10                               0x08000e91   Thumb Code   138  lludiv10.o(.text)
    __lib_sel_fp_printf                      0x08000f1b   Thumb Code     2  _printf_fp_dec.o(.text)
    _printf_fp_dec_real                      0x080010c9   Thumb Code   620  _printf_fp_dec.o(.text)
    _printf_fp_hex_real                      0x08001335   Thumb Code   754  _printf_fp_hex.o(.text)
    _printf_lcs_common                       0x08001631   Thumb Code    20  _printf_wchar.o(.text)
    _printf_wchar                            0x08001645   Thumb Code    16  _printf_wchar.o(.text)
    _printf_wstring                          0x08001655   Thumb Code     8  _printf_wchar.o(.text)
    _strtoul                                 0x0800165d   Thumb Code   158  _strtoul.o(.text)
    ferror                                   0x080016fb   Thumb Code     8  ferror.o(.text)
    _wcrtomb                                 0x08001703   Thumb Code    64  _wcrtomb.o(.text)
    strcspn                                  0x08001743   Thumb Code    32  strcspn.o(.text)
    strspn                                   0x08001763   Thumb Code    28  strspn.o(.text)
    __user_setup_stackheap                   0x0800177f   Thumb Code    74  sys_stackheap_outer.o(.text)
    __rt_locale                              0x080017c9   Thumb Code     8  rt_locale_intlibspace.o(.text)
    _printf_fp_infnan                        0x080017d1   Thumb Code   112  _printf_fp_infnan.o(.text)
    _chval                                   0x08001851   Thumb Code    28  _chval.o(.text)
    _btod_etento                             0x0800186d   Thumb Code   216  bigflt0.o(.text)
    exit                                     0x08001949   Thumb Code    12  exit.o(.text)
    strcmp                                   0x08001955   Thumb Code   128  strcmpv7m.o(.text)
    _btod_d2e                                0x080019d5   Thumb Code    62  btod.o(CL$$btod_d2e)
    _d2e_denorm_low                          0x08001a13   Thumb Code    70  btod.o(CL$$btod_d2e_denorm_low)
    _d2e_norm_op1                            0x08001a59   Thumb Code    96  btod.o(CL$$btod_d2e_norm_op1)
    __btod_div_common                        0x08001ab9   Thumb Code   696  btod.o(CL$$btod_div_common)
    _e2e                                     0x08001df1   Thumb Code   198  btod.o(CL$$btod_e2e)
    _btod_ediv                               0x08001eb7   Thumb Code    40  btod.o(CL$$btod_ediv)
    _btod_emul                               0x08001edf   Thumb Code    40  btod.o(CL$$btod_emul)
    __btod_mult_common                       0x08001f07   Thumb Code   580  btod.o(CL$$btod_mult_common)
    ADC_Cmd                                  0x0800214b   Thumb Code    20  stm32f4xx_adc.o(i.ADC_Cmd)
    ADC_CommonInit                           0x08002161   Thumb Code    34  stm32f4xx_adc.o(i.ADC_CommonInit)
    ADC_GetConversionValue                   0x0800218d   Thumb Code     6  stm32f4xx_adc.o(i.ADC_GetConversionValue)
    ADC_GetFlagStatus                        0x08002193   Thumb Code    14  stm32f4xx_adc.o(i.ADC_GetFlagStatus)
    ADC_Init                                 0x080021a1   Thumb Code    66  stm32f4xx_adc.o(i.ADC_Init)
    ADC_RegularChannelConfig                 0x080021ed   Thumb Code   116  stm32f4xx_adc.o(i.ADC_RegularChannelConfig)
    ADC_SoftwareStartConv                    0x08002261   Thumb Code    10  stm32f4xx_adc.o(i.ADC_SoftwareStartConv)
    BcdToDec                                 0x0800226b   Thumb Code    18  main.o(i.BcdToDec)
    BusFault_Handler                         0x0800227d   Thumb Code     2  stm32f4xx_it.o(i.BusFault_Handler)
    DHT11_Check                              0x08002281   Thumb Code   102  mht11.o(i.DHT11_Check)
    DebugMon_Handler                         0x080022ed   Thumb Code     2  stm32f4xx_it.o(i.DebugMon_Handler)
    DecToBcd                                 0x080022ef   Thumb Code    22  main.o(i.DecToBcd)
    EXTI3_IRQHandler                         0x08002305   Thumb Code    50  key.o(i.EXTI3_IRQHandler)
    EXTI4_IRQHandler                         0x08002341   Thumb Code    60  key.o(i.EXTI4_IRQHandler)
    EXTI9_5_IRQHandler                       0x08002389   Thumb Code    82  touch.o(i.EXTI9_5_IRQHandler)
    EXTI_ClearITPendingBit                   0x080023e5   Thumb Code     6  stm32f4xx_exti.o(i.EXTI_ClearITPendingBit)
    EXTI_GetITStatus                         0x080023f1   Thumb Code    16  stm32f4xx_exti.o(i.EXTI_GetITStatus)
    EXTI_Init                                0x08002405   Thumb Code   108  stm32f4xx_exti.o(i.EXTI_Init)
    FindFontIndex_tft                        0x08002475   Thumb Code    48  tft.o(i.FindFontIndex_tft)
    GPIO_Init                                0x080024a9   Thumb Code   120  stm32f4xx_gpio.o(i.GPIO_Init)
    GPIO_PinAFConfig                         0x08002521   Thumb Code    32  stm32f4xx_gpio.o(i.GPIO_PinAFConfig)
    GPIO_SetBits                             0x08002541   Thumb Code     4  stm32f4xx_gpio.o(i.GPIO_SetBits)
    HardFault_Handler                        0x08002545   Thumb Code     2  stm32f4xx_it.o(i.HardFault_Handler)
    IIC_Ack                                  0x08002549   Thumb Code    56  mpu6050_i2c.o(i.IIC_Ack)
    IIC_Init                                 0x08002589   Thumb Code    58  mpu6050_i2c.o(i.IIC_Init)
    IIC_NAck                                 0x080025cd   Thumb Code    56  mpu6050_i2c.o(i.IIC_NAck)
    IIC_Read_Byte                            0x0800260d   Thumb Code    96  mpu6050_i2c.o(i.IIC_Read_Byte)
    IIC_Send_Byte                            0x08002675   Thumb Code    86  mpu6050_i2c.o(i.IIC_Send_Byte)
    IIC_Start                                0x080026d5   Thumb Code    56  mpu6050_i2c.o(i.IIC_Start)
    IIC_Stop                                 0x08002715   Thumb Code    58  mpu6050_i2c.o(i.IIC_Stop)
    IIC_Wait_Ack                             0x08002759   Thumb Code    74  mpu6050_i2c.o(i.IIC_Wait_Ack)
    LCD_WR_DATA                              0x080027ad   Thumb Code    20  tft.o(i.LCD_WR_DATA)
    LED_Init                                 0x080027c1   Thumb Code    84  led.o(i.LED_Init)
    MPU_Init                                 0x08002875   Thumb Code   128  mpu6050.o(i.MPU_Init)
    MPU_Read_Byte                            0x08002901   Thumb Code    58  mpu6050.o(i.MPU_Read_Byte)
    MPU_Read_Len                             0x0800293b   Thumb Code   106  mpu6050.o(i.MPU_Read_Len)
    MPU_Set_Accel_Fsr                        0x080029a5   Thumb Code    10  mpu6050.o(i.MPU_Set_Accel_Fsr)
    MPU_Set_Gyro_Fsr                         0x080029af   Thumb Code    10  mpu6050.o(i.MPU_Set_Gyro_Fsr)
    MPU_Set_LPF                              0x080029b9   Thumb Code    48  mpu6050.o(i.MPU_Set_LPF)
    MPU_Set_Rate                             0x080029e9   Thumb Code    46  mpu6050.o(i.MPU_Set_Rate)
    MPU_Write_Byte                           0x08002a17   Thumb Code    60  mpu6050.o(i.MPU_Write_Byte)
    MPU_Write_Len                            0x08002a53   Thumb Code    82  mpu6050.o(i.MPU_Write_Len)
    MemManage_Handler                        0x08002aa5   Thumb Code     2  stm32f4xx_it.o(i.MemManage_Handler)
    NMI_Handler                              0x08002aa7   Thumb Code     2  stm32f4xx_it.o(i.NMI_Handler)
    NVIC_Init                                0x08002aa9   Thumb Code    96  misc.o(i.NVIC_Init)
    NVIC_PriorityGroupConfig                 0x08002b0d   Thumb Code    10  misc.o(i.NVIC_PriorityGroupConfig)
    PWR_BackupAccessCmd                      0x08002b21   Thumb Code     6  stm32f4xx_pwr.o(i.PWR_BackupAccessCmd)
    RCC_AHB1PeriphClockCmd                   0x08002b2d   Thumb Code    18  stm32f4xx_rcc.o(i.RCC_AHB1PeriphClockCmd)
    RCC_APB1PeriphClockCmd                   0x08002b45   Thumb Code    18  stm32f4xx_rcc.o(i.RCC_APB1PeriphClockCmd)
    RCC_APB2PeriphClockCmd                   0x08002b5d   Thumb Code    18  stm32f4xx_rcc.o(i.RCC_APB2PeriphClockCmd)
    RCC_GetClocksFreq                        0x08002b75   Thumb Code   132  stm32f4xx_rcc.o(i.RCC_GetClocksFreq)
    RCC_GetFlagStatus                        0x08002c05   Thumb Code    46  stm32f4xx_rcc.o(i.RCC_GetFlagStatus)
    RCC_LSICmd                               0x08002c39   Thumb Code     6  stm32f4xx_rcc.o(i.RCC_LSICmd)
    RCC_RTCCLKCmd                            0x08002c45   Thumb Code     6  stm32f4xx_rcc.o(i.RCC_RTCCLKCmd)
    RCC_RTCCLKConfig                         0x08002c51   Thumb Code    40  stm32f4xx_rcc.o(i.RCC_RTCCLKConfig)
    RTC_AlarmCmd                             0x08002c81   Thumb Code    78  stm32f4xx_rtc.o(i.RTC_AlarmCmd)
    RTC_Alarm_IRQHandler                     0x08002cd5   Thumb Code    74  rtc.o(i.RTC_Alarm_IRQHandler)
    RTC_ClearITPendingBit                    0x08002d55   Thumb Code    24  stm32f4xx_rtc.o(i.RTC_ClearITPendingBit)
    RTC_EnterInitMode                        0x08002d71   Thumb Code    56  stm32f4xx_rtc.o(i.RTC_EnterInitMode)
    RTC_ExitInitMode                         0x08002dad   Thumb Code    12  stm32f4xx_rtc.o(i.RTC_ExitInitMode)
    RTC_GetDate                              0x08002dbd   Thumb Code    66  stm32f4xx_rtc.o(i.RTC_GetDate)
    RTC_GetITStatus                          0x08002e09   Thumb Code    46  stm32f4xx_rtc.o(i.RTC_GetITStatus)
    RTC_GetTime                              0x08002e41   Thumb Code    70  stm32f4xx_rtc.o(i.RTC_GetTime)
    RTC_ITConfig                             0x08002e91   Thumb Code    60  stm32f4xx_rtc.o(i.RTC_ITConfig)
    RTC_Init                                 0x08002ed1   Thumb Code    74  stm32f4xx_rtc.o(i.RTC_Init)
    RTC_ReadBackupRegister                   0x08002f21   Thumb Code    14  stm32f4xx_rtc.o(i.RTC_ReadBackupRegister)
    RTC_SetAlarm                             0x08002f35   Thumb Code   158  stm32f4xx_rtc.o(i.RTC_SetAlarm)
    RTC_SetDate                              0x08002fd9   Thumb Code   144  stm32f4xx_rtc.o(i.RTC_SetDate)
    RTC_SetTime                              0x08003071   Thumb Code   150  stm32f4xx_rtc.o(i.RTC_SetTime)
    RTC_SetWakeUpCounter                     0x08003111   Thumb Code    22  stm32f4xx_rtc.o(i.RTC_SetWakeUpCounter)
    RTC_WKUP_IRQHandler                      0x0800312d   Thumb Code    40  rtc.o(i.RTC_WKUP_IRQHandler)
    RTC_WaitForSynchro                       0x08003159   Thumb Code    70  stm32f4xx_rtc.o(i.RTC_WaitForSynchro)
    RTC_WakeUpClockConfig                    0x080031a5   Thumb Code    34  stm32f4xx_rtc.o(i.RTC_WakeUpClockConfig)
    RTC_WakeUpCmd                            0x080031cd   Thumb Code    84  stm32f4xx_rtc.o(i.RTC_WakeUpCmd)
    RTC_WriteBackupRegister                  0x08003225   Thumb Code    14  stm32f4xx_rtc.o(i.RTC_WriteBackupRegister)
    SPI_Cmd                                  0x08003239   Thumb Code    20  stm32f4xx_spi.o(i.SPI_Cmd)
    SPI_I2S_GetFlagStatus                    0x0800324d   Thumb Code    14  stm32f4xx_spi.o(i.SPI_I2S_GetFlagStatus)
    SPI_I2S_ReceiveData                      0x0800325b   Thumb Code     4  stm32f4xx_spi.o(i.SPI_I2S_ReceiveData)
    SPI_I2S_SendData                         0x0800325f   Thumb Code     4  stm32f4xx_spi.o(i.SPI_I2S_SendData)
    SPI_Init                                 0x08003263   Thumb Code    56  stm32f4xx_spi.o(i.SPI_Init)
    SYSCFG_EXTILineConfig                    0x0800329d   Thumb Code    42  stm32f4xx_syscfg.o(i.SYSCFG_EXTILineConfig)
    SysTick_Handler                          0x08003381   Thumb Code    38  port.o(i.SysTick_Handler)
    SystemInit                               0x080033ad   Thumb Code    74  system_stm32f4xx.o(i.SystemInit)
    TFT_SEND_CMD                             0x08003409   Thumb Code    30  tft.o(i.TFT_SEND_CMD)
    TFT_SEND_DATA                            0x0800342d   Thumb Code    28  tft.o(i.TFT_SEND_DATA)
    TFT_clear                                0x0800344d   Thumb Code    20  tft.o(i.TFT_clear)
    TFT_init                                 0x08003465   Thumb Code   620  tft.o(i.TFT_init)
    USART1_IRQHandler                        0x080036ed   Thumb Code   118  usart.o(i.USART1_IRQHandler)
    USART3_IRQHandler                        0x08003775   Thumb Code   118  ble.o(i.USART3_IRQHandler)
    USART_ClearITPendingBit                  0x080037fd   Thumb Code    12  stm32f4xx_usart.o(i.USART_ClearITPendingBit)
    USART_Cmd                                0x08003809   Thumb Code    20  stm32f4xx_usart.o(i.USART_Cmd)
    USART_GetITStatus                        0x0800381d   Thumb Code    62  stm32f4xx_usart.o(i.USART_GetITStatus)
    USART_ITConfig                           0x0800385b   Thumb Code    48  stm32f4xx_usart.o(i.USART_ITConfig)
    USART_Init                               0x0800388d   Thumb Code   164  stm32f4xx_usart.o(i.USART_Init)
    USART_ReceiveData                        0x08003939   Thumb Code     8  stm32f4xx_usart.o(i.USART_ReceiveData)
    UsageFault_Handler                       0x08003941   Thumb Code     2  stm32f4xx_it.o(i.UsageFault_Handler)
    __ARM_fpclassify                         0x08003943   Thumb Code    48  fpclassify.o(i.__ARM_fpclassify)
    _is_digit                                0x08003973   Thumb Code    14  __printf_wp.o(i._is_digit)
    _sys_exit                                0x08003981   Thumb Code     2  usart.o(i._sys_exit)
    adc_init                                 0x08003985   Thumb Code   116  adc.o(i.adc_init)
    adc_median_average_filter                0x08003a01   Thumb Code   122  adc.o(i.adc_median_average_filter)
    ble_init                                 0x08005189   Thumb Code   152  ble.o(i.ble_init)
    delay_ms                                 0x08005231   Thumb Code     4  delay.o(i.delay_ms)
    delay_us                                 0x08005235   Thumb Code    72  delay.o(i.delay_us)
    dht11_read_bit                           0x08005285   Thumb Code    78  mht11.o(i.dht11_read_bit)
    dht11_read_byte                          0x080052d9   Thumb Code    32  mht11.o(i.dht11_read_byte)
    dht11_read_data                          0x080052f9   Thumb Code    78  mht11.o(i.dht11_read_data)
    dht11_set_io                             0x08005349   Thumb Code    46  mht11.o(i.dht11_set_io)
    dmp_get_pedometer_step_count             0x0800537d   Thumb Code    48  inv_mpu_dmp_motion_driver.o(i.dmp_get_pedometer_step_count)
    dmp_set_pedometer_step_count             0x080053ad   Thumb Code    38  inv_mpu_dmp_motion_driver.o(i.dmp_set_pedometer_step_count)
    draw_info                                0x080053d5   Thumb Code    66  main.o(i.draw_info)
    fputc                                    0x0800541d   Thumb Code    14  usart.o(i.fputc)
    i2c_ack                                  0x08005431   Thumb Code    74  i2c.o(i.i2c_ack)
    i2c_init                                 0x08005481   Thumb Code    52  i2c.o(i.i2c_init)
    i2c_recv_byte                            0x080054c1   Thumb Code    66  i2c.o(i.i2c_recv_byte)
    i2c_send_byte                            0x08005509   Thumb Code    88  i2c.o(i.i2c_send_byte)
    i2c_start1                               0x08005565   Thumb Code    50  i2c.o(i.i2c_start1)
    i2c_stop1                                0x0800559d   Thumb Code    44  i2c.o(i.i2c_stop1)
    i2c_wait_ack1                            0x080055cd   Thumb Code    46  i2c.o(i.i2c_wait_ack1)
    key_init                                 0x08005601   Thumb Code   238  key.o(i.key_init)
    lcd_addr_set                             0x080056f9   Thumb Code    62  tft.o(i.lcd_addr_set)
    lcd_display_on                           0x08005737   Thumb Code    12  tft.o(i.lcd_display_on)
    lcd_draw_image                           0x08005743   Thumb Code    48  tft.o(i.lcd_draw_image)
    lcd_fill                                 0x08005773   Thumb Code    68  tft.o(i.lcd_fill)
    lcd_get_direction                        0x080057b9   Thumb Code     6  tft.o(i.lcd_get_direction)
    lcd_send_data16                          0x080057c5   Thumb Code    20  tft.o(i.lcd_send_data16)
    lcd_show_char                            0x080057d9   Thumb Code   120  tft.o(i.lcd_show_char)
    lcd_show_string                          0x0800585d   Thumb Code   102  tft.o(i.lcd_show_string)
    lcd_show_string_fmt                      0x080058c3   Thumb Code    48  tft.o(i.lcd_show_string_fmt)
    main                                     0x080058f5   Thumb Code   124  main.o(i.main)
    max30102_Bus_Read                        0x08005989   Thumb Code    76  max30102.o(i.max30102_Bus_Read)
    max30102_Bus_Write                       0x080059d5   Thumb Code    62  max30102.o(i.max30102_Bus_Write)
    max30102_FIFO_ReadBytes                  0x08005a13   Thumb Code   146  max30102.o(i.max30102_FIFO_ReadBytes)
    max30102_init                            0x08005aa5   Thumb Code   142  max30102.o(i.max30102_init)
    max30102_reset                           0x08005b39   Thumb Code    22  max30102.o(i.max30102_reset)
    maxim_find_peaks                         0x08005b4f   Thumb Code    50  algorithm.o(i.maxim_find_peaks)
    maxim_heart_rate_and_oxygen_saturation   0x08005b81   Thumb Code   874  algorithm.o(i.maxim_heart_rate_and_oxygen_saturation)
    maxim_peaks_above_min_height             0x08005f01   Thumb Code   102  algorithm.o(i.maxim_peaks_above_min_height)
    maxim_remove_close_peaks                 0x08005f67   Thumb Code   102  algorithm.o(i.maxim_remove_close_peaks)
    maxim_sort_ascend                        0x08005fcd   Thumb Code    48  algorithm.o(i.maxim_sort_ascend)
    maxim_sort_indices_descend               0x08005ffd   Thumb Code    56  algorithm.o(i.maxim_sort_indices_descend)
    mpu_read_mem                             0x08006035   Thumb Code    80  inv_mpu.o(i.mpu_read_mem)
    mpu_write_mem                            0x08006089   Thumb Code    80  inv_mpu.o(i.mpu_write_mem)
    pvPortMalloc                             0x080067f9   Thumb Code   216  heap_4.o(i.pvPortMalloc)
    pvTaskIncrementMutexHeldCount            0x080068d5   Thumb Code    18  tasks.o(i.pvTaskIncrementMutexHeldCount)
    pxPortInitialiseStack                    0x080068ed   Thumb Code    40  port.o(i.pxPortInitialiseStack)
    rtc_init                                 0x08006919   Thumb Code   298  rtc.o(i.rtc_init)
    sda_pin_mode                             0x08006a49   Thumb Code    28  i2c.o(i.sda_pin_mode)
    spi1_send_byte                           0x08006a6d   Thumb Code    48  tft.o(i.spi1_send_byte)
    tp_i2c_ack                               0x08006aa1   Thumb Code    74  touch.o(i.tp_i2c_ack)
    tp_i2c_recv_byte                         0x08006af1   Thumb Code    66  touch.o(i.tp_i2c_recv_byte)
    tp_i2c_send_byte                         0x08006b39   Thumb Code    88  touch.o(i.tp_i2c_send_byte)
    tp_i2c_start                             0x08006b95   Thumb Code    50  touch.o(i.tp_i2c_start)
    tp_i2c_stop                              0x08006bcd   Thumb Code    44  touch.o(i.tp_i2c_stop)
    tp_i2c_wait_ack                          0x08006bfd   Thumb Code    48  touch.o(i.tp_i2c_wait_ack)
    tp_init                                  0x08006c31   Thumb Code    58  touch.o(i.tp_init)
    tp_lowlevel_init                         0x08006c91   Thumb Code   170  touch.o(i.tp_lowlevel_init)
    tp_read                                  0x08006d51   Thumb Code   150  touch.o(i.tp_read)
    tp_recv                                  0x08006df5   Thumb Code    88  touch.o(i.tp_recv)
    tp_recv_byte                             0x08006e4d   Thumb Code    64  touch.o(i.tp_recv_byte)
    tp_reset                                 0x08006e8d   Thumb Code    34  touch.o(i.tp_reset)
    tp_sda_pin_mode                          0x08006eb5   Thumb Code    26  touch.o(i.tp_sda_pin_mode)
    uart_init                                0x08006ed9   Thumb Code   164  usart.o(i.uart_init)
    uxListRemove                             0x08006f85   Thumb Code    38  list.o(i.uxListRemove)
    uxTaskResetEventItemValue                0x08006fad   Thumb Code    20  tasks.o(i.uxTaskResetEventItemValue)
    vApplicationIdleHook                     0x08006fc5   Thumb Code     2  main.o(i.vApplicationIdleHook)
    vApplicationMallocFailedHook             0x08006fc7   Thumb Code    16  main.o(i.vApplicationMallocFailedHook)
    vApplicationStackOverflowHook            0x08006fd7   Thumb Code    16  main.o(i.vApplicationStackOverflowHook)
    vApplicationTickHook                     0x08006fe7   Thumb Code     2  main.o(i.vApplicationTickHook)
    vEventGroupSetBitsCallback               0x08006fe9   Thumb Code     4  event_groups.o(i.vEventGroupSetBitsCallback)
    vListInitialise                          0x08006fed   Thumb Code    22  list.o(i.vListInitialise)
    vListInitialiseItem                      0x08007003   Thumb Code     6  list.o(i.vListInitialiseItem)
    vListInsert                              0x08007009   Thumb Code    48  list.o(i.vListInsert)
    vListInsertEnd                           0x08007039   Thumb Code    24  list.o(i.vListInsertEnd)
    vPortEnterCritical                       0x08007051   Thumb Code    54  port.o(i.vPortEnterCritical)
    vPortExitCritical                        0x08007091   Thumb Code    34  port.o(i.vPortExitCritical)
    vPortFree                                0x080070b9   Thumb Code    88  heap_4.o(i.vPortFree)
    vPortSetupTimerInterrupt                 0x08007115   Thumb Code    32  port.o(i.vPortSetupTimerInterrupt)
    vPortValidateInterruptPriority           0x08007139   Thumb Code    74  port.o(i.vPortValidateInterruptPriority)
    vQueueAddToRegistry                      0x0800718d   Thumb Code    32  queue.o(i.vQueueAddToRegistry)
    vQueueWaitForMessageRestricted           0x080071b1   Thumb Code    68  queue.o(i.vQueueWaitForMessageRestricted)
    vTaskDelay                               0x080071f5   Thumb Code    66  tasks.o(i.vTaskDelay)
    vTaskDelete                              0x08007241   Thumb Code   156  tasks.o(i.vTaskDelete)
    vTaskInternalSetTimeOutState             0x080072ed   Thumb Code    12  tasks.o(i.vTaskInternalSetTimeOutState)
    vTaskMissedYield                         0x080072fd   Thumb Code     8  tasks.o(i.vTaskMissedYield)
    vTaskPlaceOnEventList                    0x08007309   Thumb Code    44  tasks.o(i.vTaskPlaceOnEventList)
    vTaskPlaceOnEventListRestricted          0x08007339   Thumb Code    52  tasks.o(i.vTaskPlaceOnEventListRestricted)
    vTaskPlaceOnUnorderedEventList           0x08007371   Thumb Code    72  tasks.o(i.vTaskPlaceOnUnorderedEventList)
    vTaskPriorityDisinheritAfterTimeout      0x080073bd   Thumb Code   162  tasks.o(i.vTaskPriorityDisinheritAfterTimeout)
    vTaskRemoveFromUnorderedEventList        0x08007469   Thumb Code   104  tasks.o(i.vTaskRemoveFromUnorderedEventList)
    vTaskStartScheduler                      0x080074d9   Thumb Code    94  tasks.o(i.vTaskStartScheduler)
    vTaskSuspendAll                          0x08007549   Thumb Code    10  tasks.o(i.vTaskSuspendAll)
    vTaskSwitchContext                       0x08007559   Thumb Code   126  tasks.o(i.vTaskSwitchContext)
    xEventGroupCreate                        0x08007625   Thumb Code    26  event_groups.o(i.xEventGroupCreate)
    xEventGroupSetBits                       0x0800763f   Thumb Code   140  event_groups.o(i.xEventGroupSetBits)
    xEventGroupSetBitsFromISR                0x080076cd   Thumb Code    12  event_groups.o(i.xEventGroupSetBitsFromISR)
    xEventGroupWaitBits                      0x080076dd   Thumb Code   258  event_groups.o(i.xEventGroupWaitBits)
    xPortStartScheduler                      0x080077e5   Thumb Code   224  port.o(i.xPortStartScheduler)
    xQueueCreateMutex                        0x080078d9   Thumb Code    36  queue.o(i.xQueueCreateMutex)
    xQueueGenericCreate                      0x080078fd   Thumb Code    82  queue.o(i.xQueueGenericCreate)
    xQueueGenericReset                       0x08007951   Thumb Code   132  queue.o(i.xQueueGenericReset)
    xQueueGenericSend                        0x080079d9   Thumb Code   350  queue.o(i.xQueueGenericSend)
    xQueueGenericSendFromISR                 0x08007b3d   Thumb Code   188  queue.o(i.xQueueGenericSendFromISR)
    xQueueReceive                            0x08007bf9   Thumb Code   308  queue.o(i.xQueueReceive)
    xQueueSemaphoreTake                      0x08007d31   Thumb Code   372  queue.o(i.xQueueSemaphoreTake)
    xTaskCheckForTimeOut                     0x08007ea9   Thumb Code   112  tasks.o(i.xTaskCheckForTimeOut)
    xTaskCreate                              0x08007f1d   Thumb Code    86  tasks.o(i.xTaskCreate)
    xTaskGetSchedulerState                   0x08007f75   Thumb Code    22  tasks.o(i.xTaskGetSchedulerState)
    xTaskGetTickCount                        0x08007f91   Thumb Code     6  tasks.o(i.xTaskGetTickCount)
    xTaskIncrementTick                       0x08007f9d   Thumb Code   182  tasks.o(i.xTaskIncrementTick)
    xTaskPriorityDisinherit                  0x0800805d   Thumb Code   144  tasks.o(i.xTaskPriorityDisinherit)
    xTaskPriorityInherit                     0x080080f5   Thumb Code   140  tasks.o(i.xTaskPriorityInherit)
    xTaskRemoveFromEventList                 0x08008189   Thumb Code   106  tasks.o(i.xTaskRemoveFromEventList)
    xTaskResumeAll                           0x08008201   Thumb Code   182  tasks.o(i.xTaskResumeAll)
    xTimerCreate                             0x080082c5   Thumb Code    78  timers.o(i.xTimerCreate)
    xTimerCreateTimerTask                    0x08008315   Thumb Code    58  timers.o(i.xTimerCreateTimerTask)
    xTimerGenericCommand                     0x08008361   Thumb Code    94  timers.o(i.xTimerGenericCommand)
    xTimerPendFunctionCallFromISR            0x080083c5   Thumb Code    34  timers.o(i.xTimerPendFunctionCallFromISR)
    _get_lc_ctype                            0x080083ed   Thumb Code    44  lc_ctype_c.o(locale$$code)
    _get_lc_numeric                          0x08008419   Thumb Code    44  lc_numeric_c.o(locale$$code)
    _fp_init                                 0x08008445   Thumb Code    10  fpinit.o(x$fpl$fpinit)
    __fplib_config_fpu_vfp                   0x0800844d   Thumb Code     0  fpinit.o(x$fpl$fpinit)
    __fplib_config_pureend_doubles           0x0800844d   Thumb Code     0  fpinit.o(x$fpl$fpinit)
    _printf_fp_dec                           0x0800844f   Thumb Code     4  printf1.o(x$fpl$printf1)
    _printf_fp_hex                           0x08008453   Thumb Code     4  printf2.o(x$fpl$printf2)
    __I$use$fp                               0x08008456   Number         0  usenofp.o(x$fpl$usenofp)
    auw_hamm                                 0x08008618   Data          62  algorithm.o(.constdata)
    uch_spo2_table                           0x08008656   Data         184  algorithm.o(.constdata)
    reg                                      0x0800870e   Data          27  inv_mpu.o(.constdata)
    hw                                       0x0800872a   Data          12  inv_mpu.o(.constdata)
    test                                     0x08008738   Data          40  inv_mpu.o(.constdata)
    g_font_dot_matrix_16                     0x08008760   Data        6016  fontdotmatrix16.o(.constdata)
    g_font_dot_matrix_32                     0x08009ee0   Data       24704  fontdotmatrix32.o(.constdata)
    g_font_dot_matrix_80                     0x0800ff60   Data       150400  fontdotmatrix80.o(.constdata)
    g_image_battery_32x32                    0x08034ae0   Data        2048  battery.o(.constdata)
    g_image_camera_55x55                     0x080352e0   Data        6050  camera.o(.constdata)
    g_image_date_55x55                       0x08036a82   Data        6050  date.o(.constdata)
    g_image_faceid_55x55                     0x08038224   Data        6050  faceid.o(.constdata)
    g_image_fail_55x55                       0x080399c6   Data        6050  fail.o(.constdata)
    g_image_humi_55x55                       0x0803b168   Data        6050  humi.o(.constdata)
    g_image_light_55x55                      0x0803c90a   Data        6050  light.o(.constdata)
    g_image_lock_55x55                       0x0803e0ac   Data        6050  lock.o(.constdata)
    g_image_pulse_55x55                      0x0803f84e   Data        6050  pulse.o(.constdata)
    g_image_rfid_55x55                       0x08040ff0   Data        6050  rfid.o(.constdata)
    g_image_success_55x55                    0x08042792   Data        6050  success.o(.constdata)
    g_image_temp_55x55                       0x08043f34   Data        6050  temp.o(.constdata)
    g_image_time_55x55                       0x080456d6   Data        6050  time.o(.constdata)
    g_image_touchid_55x55                    0x08046e78   Data        6050  touchid.o(.constdata)
    g_image_unlock_55x55                     0x0804861a   Data        6050  unlock.o(.constdata)
    g_image_victory_55x55                    0x08049dbc   Data        6050  victory.o(.constdata)
    g_image_warning_55x55                    0x0804b55e   Data        6050  warning.o(.constdata)
    g_image_wifi_55x55                       0x0804cd00   Data        6050  wifi.o(.constdata)
    g_image_blueos_200x200                   0x0804e4a2   Data       80000  blueos.o(.constdata)
    Region$$Table$$Base                      0x08062198   Number         0  anon$$obj.o(Region$$Table)
    Region$$Table$$Limit                     0x080621b8   Number         0  anon$$obj.o(Region$$Table)
    __ctype                                  0x080621c5   Data           0  lc_ctype_c.o(locale$$data)
    key_int_flag                             0x20000000   Data           1  main.o(.data)
    g_rtc_refresh_flag                       0x20000001   Data           1  main.o(.data)
    g_alarm_int_trig                         0x20000002   Data           1  main.o(.data)
    g_screen_off_flag                        0x20000003   Data           1  main.o(.data)
    g_alarm_light_on                         0x20000004   Data           1  main.o(.data)
    g_alarm_count                            0x20000005   Data           1  main.o(.data)
    ch_spo2_valid                            0x2000000c   Data           1  main.o(.data)
    ch_hr_valid                              0x2000000d   Data           1  main.o(.data)
    jump_ui_flag                             0x2000000e   Data           2  main.o(.data)
    g_adc_light_val                          0x20000010   Data           2  main.o(.data)
    g_rtc_wakeup_event                       0x20000014   Data           4  main.o(.data)
    g_key_last_tick                          0x20000018   Data           4  main.o(.data)
    step_count                               0x2000001c   Data           4  main.o(.data)
    ulIdleCount                              0x20000020   Data           4  main.o(.data)
    g_dark_start_tick                        0x20000024   Data           4  main.o(.data)
    soft_timer_handle                        0x20000064   Data           4  main.o(.data)
    g_mutex_tft                              0x20000070   Data           4  main.o(.data)
    g_evt_group                              0x20000074   Data           4  main.o(.data)
    g_queue_usart                            0x20000078   Data           4  main.o(.data)
    n_ir_buffer_length                       0x2000007c   Data           4  main.o(.data)
    n_sp02                                   0x20000080   Data           4  main.o(.data)
    n_heart_rate                             0x20000084   Data           4  main.o(.data)
    RTC_DateStructure                        0x20000088   Data           4  main.o(.data)
    RTC_TimeStructure                        0x2000008c   Data           4  main.o(.data)
    SystemCoreClock                          0x20000090   Data           4  system_stm32f4xx.o(.data)
    AHBPrescTable                            0x20000094   Data          16  system_stm32f4xx.o(.data)
    x_len                                    0x200000a4   Data           4  tft.o(.data)
    y_len                                    0x200000a8   Data           4  tft.o(.data)
    g_lcd_direction                          0x200000ac   Data           4  tft.o(.data)
    g_key_tick                               0x200000b8   Data           4  key.o(.data)
    __stdout                                 0x20000120   Data           4  usart.o(.data)
    pxCurrentTCB                             0x20000134   Data           4  tasks.o(.data)
    g_font_dot_matrix_16_index               0x200001a8   Data         752  fontdotmatrix16.o(.data)
    g_alarm_list                             0x200004b0   Data          20  main.o(.bss)
    aun_ir_buffer                            0x200004c4   Data        2000  main.o(.bss)
    aun_red_buffer                           0x20000c94   Data        2000  main.o(.bss)
    RTC_AlarmStructure                       0x20001464   Data          16  main.o(.bss)
    xQueueRegistry                           0x20002d00   Data          64  queue.o(.bss)
    __libspace_start                         0x20015c4c   Data          96  libspace.o(.bss)
    __temporary_stack_top$libspace           0x20015cac   Data           0  libspace.o(.bss)



==============================================================================

Memory Map of the image

  Image Entry point : 0x08000189

  Load Region LR_IROM1 (Base: 0x08000000, Size: 0x00062780, Max: 0x00080000, ABSOLUTE, COMPRESSED[0x00062540])

    Execution Region ER_IROM1 (Base: 0x08000000, Size: 0x000622e4, Max: 0x00080000, ABSOLUTE)

    Base Addr    Size         Type   Attr      Idx    E Section Name        Object

    0x08000000   0x00000188   Data   RO         2017    RESET               startup_stm32f40_41xxx.o
    0x08000188   0x00000008   Code   RO         5518  * !!!main             c_w.l(__main.o)
    0x08000190   0x00000034   Code   RO         5934    !!!scatter          c_w.l(__scatter.o)
    0x080001c4   0x0000005a   Code   RO         5932    !!dczerorl2         c_w.l(__dczerorl2.o)
    0x0800021e   0x00000002   PAD
    0x08000220   0x0000001c   Code   RO         5936    !!handler_zi        c_w.l(__scatter_zi.o)
    0x0800023c   0x00000000   Code   RO         5492    .ARM.Collect$$_printf_percent$$00000000  c_w.l(_printf_percent.o)
    0x0800023c   0x00000006   Code   RO         5606    .ARM.Collect$$_printf_percent$$00000001  c_w.l(_printf_n.o)
    0x08000242   0x00000006   Code   RO         5607    .ARM.Collect$$_printf_percent$$00000002  c_w.l(_printf_p.o)
    0x08000248   0x00000006   Code   RO         5610    .ARM.Collect$$_printf_percent$$00000003  c_w.l(_printf_f.o)
    0x0800024e   0x00000006   Code   RO         5611    .ARM.Collect$$_printf_percent$$00000004  c_w.l(_printf_e.o)
    0x08000254   0x00000006   Code   RO         5612    .ARM.Collect$$_printf_percent$$00000005  c_w.l(_printf_g.o)
    0x0800025a   0x00000006   Code   RO         5613    .ARM.Collect$$_printf_percent$$00000006  c_w.l(_printf_a.o)
    0x08000260   0x0000000a   Code   RO         5618    .ARM.Collect$$_printf_percent$$00000007  c_w.l(_printf_ll.o)
    0x0800026a   0x00000006   Code   RO         5609    .ARM.Collect$$_printf_percent$$00000008  c_w.l(_printf_i.o)
    0x08000270   0x00000006   Code   RO         5490    .ARM.Collect$$_printf_percent$$00000009  c_w.l(_printf_d.o)
    0x08000276   0x00000006   Code   RO         5491    .ARM.Collect$$_printf_percent$$0000000A  c_w.l(_printf_u.o)
    0x0800027c   0x00000006   Code   RO         5608    .ARM.Collect$$_printf_percent$$0000000B  c_w.l(_printf_o.o)
    0x08000282   0x00000006   Code   RO         5489    .ARM.Collect$$_printf_percent$$0000000C  c_w.l(_printf_x.o)
    0x08000288   0x00000006   Code   RO         5615    .ARM.Collect$$_printf_percent$$0000000D  c_w.l(_printf_lli.o)
    0x0800028e   0x00000006   Code   RO         5616    .ARM.Collect$$_printf_percent$$0000000E  c_w.l(_printf_lld.o)
    0x08000294   0x00000006   Code   RO         5617    .ARM.Collect$$_printf_percent$$0000000F  c_w.l(_printf_llu.o)
    0x0800029a   0x00000006   Code   RO         5622    .ARM.Collect$$_printf_percent$$00000010  c_w.l(_printf_llo.o)
    0x080002a0   0x00000006   Code   RO         5623    .ARM.Collect$$_printf_percent$$00000011  c_w.l(_printf_llx.o)
    0x080002a6   0x0000000a   Code   RO         5619    .ARM.Collect$$_printf_percent$$00000012  c_w.l(_printf_l.o)
    0x080002b0   0x00000006   Code   RO         5605    .ARM.Collect$$_printf_percent$$00000013  c_w.l(_printf_c.o)
    0x080002b6   0x00000006   Code   RO         5488    .ARM.Collect$$_printf_percent$$00000014  c_w.l(_printf_s.o)
    0x080002bc   0x00000006   Code   RO         5620    .ARM.Collect$$_printf_percent$$00000015  c_w.l(_printf_lc.o)
    0x080002c2   0x00000006   Code   RO         5621    .ARM.Collect$$_printf_percent$$00000016  c_w.l(_printf_ls.o)
    0x080002c8   0x00000004   Code   RO         5614    .ARM.Collect$$_printf_percent$$00000017  c_w.l(_printf_percent_end.o)
    0x080002cc   0x00000002   Code   RO         5800    .ARM.Collect$$libinit$$00000000  c_w.l(libinit.o)
    0x080002ce   0x00000004   Code   RO         5813    .ARM.Collect$$libinit$$00000001  c_w.l(libinit2.o)
    0x080002d2   0x00000000   Code   RO         5816    .ARM.Collect$$libinit$$00000004  c_w.l(libinit2.o)
    0x080002d2   0x00000000   Code   RO         5819    .ARM.Collect$$libinit$$0000000A  c_w.l(libinit2.o)
    0x080002d2   0x00000000   Code   RO         5821    .ARM.Collect$$libinit$$0000000C  c_w.l(libinit2.o)
    0x080002d2   0x00000000   Code   RO         5823    .ARM.Collect$$libinit$$0000000E  c_w.l(libinit2.o)
    0x080002d2   0x00000006   Code   RO         5824    .ARM.Collect$$libinit$$0000000F  c_w.l(libinit2.o)
    0x080002d8   0x00000000   Code   RO         5826    .ARM.Collect$$libinit$$00000011  c_w.l(libinit2.o)
    0x080002d8   0x0000000c   Code   RO         5827    .ARM.Collect$$libinit$$00000012  c_w.l(libinit2.o)
    0x080002e4   0x00000000   Code   RO         5828    .ARM.Collect$$libinit$$00000013  c_w.l(libinit2.o)
    0x080002e4   0x00000000   Code   RO         5830    .ARM.Collect$$libinit$$00000015  c_w.l(libinit2.o)
    0x080002e4   0x0000000a   Code   RO         5831    .ARM.Collect$$libinit$$00000016  c_w.l(libinit2.o)
    0x080002ee   0x00000000   Code   RO         5832    .ARM.Collect$$libinit$$00000017  c_w.l(libinit2.o)
    0x080002ee   0x00000000   Code   RO         5834    .ARM.Collect$$libinit$$00000019  c_w.l(libinit2.o)
    0x080002ee   0x00000000   Code   RO         5836    .ARM.Collect$$libinit$$0000001B  c_w.l(libinit2.o)
    0x080002ee   0x00000000   Code   RO         5838    .ARM.Collect$$libinit$$0000001D  c_w.l(libinit2.o)
    0x080002ee   0x00000000   Code   RO         5840    .ARM.Collect$$libinit$$0000001F  c_w.l(libinit2.o)
    0x080002ee   0x00000000   Code   RO         5842    .ARM.Collect$$libinit$$00000021  c_w.l(libinit2.o)
    0x080002ee   0x00000000   Code   RO         5844    .ARM.Collect$$libinit$$00000023  c_w.l(libinit2.o)
    0x080002ee   0x00000000   Code   RO         5846    .ARM.Collect$$libinit$$00000025  c_w.l(libinit2.o)
    0x080002ee   0x00000000   Code   RO         5850    .ARM.Collect$$libinit$$0000002C  c_w.l(libinit2.o)
    0x080002ee   0x00000000   Code   RO         5852    .ARM.Collect$$libinit$$0000002E  c_w.l(libinit2.o)
    0x080002ee   0x00000000   Code   RO         5854    .ARM.Collect$$libinit$$00000030  c_w.l(libinit2.o)
    0x080002ee   0x00000000   Code   RO         5856    .ARM.Collect$$libinit$$00000032  c_w.l(libinit2.o)
    0x080002ee   0x00000002   Code   RO         5857    .ARM.Collect$$libinit$$00000033  c_w.l(libinit2.o)
    0x080002f0   0x00000002   Code   RO         5885    .ARM.Collect$$libshutdown$$00000000  c_w.l(libshutdown.o)
    0x080002f2   0x00000000   Code   RO         5900    .ARM.Collect$$libshutdown$$00000003  c_w.l(libshutdown2.o)
    0x080002f2   0x00000000   Code   RO         5903    .ARM.Collect$$libshutdown$$00000006  c_w.l(libshutdown2.o)
    0x080002f2   0x00000000   Code   RO         5906    .ARM.Collect$$libshutdown$$00000009  c_w.l(libshutdown2.o)
    0x080002f2   0x00000000   Code   RO         5908    .ARM.Collect$$libshutdown$$0000000B  c_w.l(libshutdown2.o)
    0x080002f2   0x00000000   Code   RO         5911    .ARM.Collect$$libshutdown$$0000000E  c_w.l(libshutdown2.o)
    0x080002f2   0x00000002   Code   RO         5912    .ARM.Collect$$libshutdown$$0000000F  c_w.l(libshutdown2.o)
    0x080002f4   0x00000000   Code   RO         5570    .ARM.Collect$$rtentry$$00000000  c_w.l(__rtentry.o)
    0x080002f4   0x00000000   Code   RO         5702    .ARM.Collect$$rtentry$$00000002  c_w.l(__rtentry2.o)
    0x080002f4   0x00000006   Code   RO         5714    .ARM.Collect$$rtentry$$00000004  c_w.l(__rtentry4.o)
    0x080002fa   0x00000000   Code   RO         5704    .ARM.Collect$$rtentry$$00000009  c_w.l(__rtentry2.o)
    0x080002fa   0x00000004   Code   RO         5705    .ARM.Collect$$rtentry$$0000000A  c_w.l(__rtentry2.o)
    0x080002fe   0x00000000   Code   RO         5707    .ARM.Collect$$rtentry$$0000000C  c_w.l(__rtentry2.o)
    0x080002fe   0x00000008   Code   RO         5708    .ARM.Collect$$rtentry$$0000000D  c_w.l(__rtentry2.o)
    0x08000306   0x00000002   Code   RO         5805    .ARM.Collect$$rtexit$$00000000  c_w.l(rtexit.o)
    0x08000308   0x00000000   Code   RO         5859    .ARM.Collect$$rtexit$$00000002  c_w.l(rtexit2.o)
    0x08000308   0x00000004   Code   RO         5860    .ARM.Collect$$rtexit$$00000003  c_w.l(rtexit2.o)
    0x0800030c   0x00000006   Code   RO         5861    .ARM.Collect$$rtexit$$00000004  c_w.l(rtexit2.o)
    0x08000312   0x00000002   PAD
    0x08000314   0x000000be   Code   RO         5186    .emb_text           port.o
    0x080003d2   0x00000002   PAD
    0x080003d4   0x00000040   Code   RO         2018    .text               startup_stm32f40_41xxx.o
    0x08000414   0x00000002   Code   RO         5425    .text               c_w.l(use_no_semi_2.o)
    0x08000416   0x00000002   PAD
    0x08000418   0x00000024   Code   RO         5429    .text               c_w.l(vsprintf.o)
    0x0800043c   0x00000018   Code   RO         5431    .text               c_w.l(__2printf.o)
    0x08000454   0x0000002c   Code   RO         5433    .text               c_w.l(__2sprintf.o)
    0x08000480   0x0000004e   Code   RO         5441    .text               c_w.l(_printf_pad.o)
    0x080004ce   0x00000052   Code   RO         5443    .text               c_w.l(_printf_str.o)
    0x08000520   0x00000078   Code   RO         5445    .text               c_w.l(_printf_dec.o)
    0x08000598   0x00000094   Code   RO         5465    .text               c_w.l(_printf_hex_int_ll_ptr.o)
    0x0800062c   0x00000188   Code   RO         5485    .text               c_w.l(__printf_flags_ss_wp.o)
    0x080007b4   0x0000001a   Code   RO         5493    .text               c_w.l(atoi.o)
    0x080007ce   0x00000002   PAD
    0x080007d0   0x0000000c   Code   RO         5495    .text               c_w.l(strtok.o)
    0x080007dc   0x00000024   Code   RO         5498    .text               c_w.l(strstr.o)
    0x08000800   0x00000058   Code   RO         5500    .text               c_w.l(memcmp.o)
    0x08000858   0x00000096   Code   RO         5502    .text               c_w.l(strncmp.o)
    0x080008ee   0x0000008a   Code   RO         5504    .text               c_w.l(rt_memcpy_v6.o)
    0x08000978   0x00000064   Code   RO         5506    .text               c_w.l(rt_memcpy_w.o)
    0x080009dc   0x00000010   Code   RO         5510    .text               c_w.l(aeabi_memset.o)
    0x080009ec   0x00000044   Code   RO         5512    .text               c_w.l(rt_memclr.o)
    0x08000a30   0x0000004e   Code   RO         5514    .text               c_w.l(rt_memclr_w.o)
    0x08000a7e   0x00000006   Code   RO         5516    .text               c_w.l(heapauxi.o)
    0x08000a84   0x00000002   Code   RO         5568    .text               c_w.l(use_no_semi.o)
    0x08000a86   0x00000002   PAD
    0x08000a88   0x00000008   Code   RO         5574    .text               c_w.l(rt_errno_addr_intlibspace.o)
    0x08000a90   0x00000024   Code   RO         5580    .text               c_w.l(_printf_truncate.o)
    0x08000ab4   0x000000b2   Code   RO         5582    .text               c_w.l(_printf_intcommon.o)
    0x08000b66   0x00000028   Code   RO         5584    .text               c_w.l(_printf_charcount.o)
    0x08000b8e   0x00000002   PAD
    0x08000b90   0x00000030   Code   RO         5586    .text               c_w.l(_printf_char_common.o)
    0x08000bc0   0x0000000a   Code   RO         5588    .text               c_w.l(_sputc.o)
    0x08000bca   0x0000002c   Code   RO         5590    .text               c_w.l(_printf_char.o)
    0x08000bf6   0x00000002   PAD
    0x08000bf8   0x00000024   Code   RO         5592    .text               c_w.l(_printf_char_file.o)
    0x08000c1c   0x000000bc   Code   RO         5594    .text               c_w.l(_printf_wctomb.o)
    0x08000cd8   0x0000007c   Code   RO         5597    .text               c_w.l(_printf_longlong_dec.o)
    0x08000d54   0x00000070   Code   RO         5603    .text               c_w.l(_printf_oct_int_ll.o)
    0x08000dc4   0x00000070   Code   RO         5624    .text               c_w.l(strtol.o)
    0x08000e34   0x00000044   Code   RO         5626    .text               c_w.l(strtok_int.o)
    0x08000e78   0x00000008   Code   RO         5698    .text               c_w.l(libspace.o)
    0x08000e80   0x00000010   Code   RO         5716    .text               c_w.l(rt_ctype_table.o)
    0x08000e90   0x0000008a   Code   RO         5722    .text               c_w.l(lludiv10.o)
    0x08000f1a   0x0000041a   Code   RO         5724    .text               c_w.l(_printf_fp_dec.o)
    0x08001334   0x000002fc   Code   RO         5726    .text               c_w.l(_printf_fp_hex.o)
    0x08001630   0x0000002c   Code   RO         5731    .text               c_w.l(_printf_wchar.o)
    0x0800165c   0x0000009e   Code   RO         5733    .text               c_w.l(_strtoul.o)
    0x080016fa   0x00000008   Code   RO         5735    .text               c_w.l(ferror.o)
    0x08001702   0x00000040   Code   RO         5739    .text               c_w.l(_wcrtomb.o)
    0x08001742   0x00000020   Code   RO         5741    .text               c_w.l(strcspn.o)
    0x08001762   0x0000001c   Code   RO         5743    .text               c_w.l(strspn.o)
    0x0800177e   0x0000004a   Code   RO         5749    .text               c_w.l(sys_stackheap_outer.o)
    0x080017c8   0x00000008   Code   RO         5756    .text               c_w.l(rt_locale_intlibspace.o)
    0x080017d0   0x00000080   Code   RO         5758    .text               c_w.l(_printf_fp_infnan.o)
    0x08001850   0x0000001c   Code   RO         5760    .text               c_w.l(_chval.o)
    0x0800186c   0x000000dc   Code   RO         5762    .text               c_w.l(bigflt0.o)
    0x08001948   0x0000000c   Code   RO         5793    .text               c_w.l(exit.o)
    0x08001954   0x00000080   Code   RO         5811    .text               c_w.l(strcmpv7m.o)
    0x080019d4   0x0000003e   Code   RO         5765    CL$$btod_d2e        c_w.l(btod.o)
    0x08001a12   0x00000046   Code   RO         5767    CL$$btod_d2e_denorm_low  c_w.l(btod.o)
    0x08001a58   0x00000060   Code   RO         5766    CL$$btod_d2e_norm_op1  c_w.l(btod.o)
    0x08001ab8   0x00000338   Code   RO         5775    CL$$btod_div_common  c_w.l(btod.o)
    0x08001df0   0x000000c6   Code   RO         5772    CL$$btod_e2e        c_w.l(btod.o)
    0x08001eb6   0x00000028   Code   RO         5769    CL$$btod_ediv       c_w.l(btod.o)
    0x08001ede   0x00000028   Code   RO         5768    CL$$btod_emul       c_w.l(btod.o)
    0x08001f06   0x00000244   Code   RO         5774    CL$$btod_mult_common  c_w.l(btod.o)
    0x0800214a   0x00000014   Code   RO         3232    i.ADC_Cmd           stm32f4xx_adc.o
    0x0800215e   0x00000002   PAD
    0x08002160   0x0000002c   Code   RO         3233    i.ADC_CommonInit    stm32f4xx_adc.o
    0x0800218c   0x00000006   Code   RO         3244    i.ADC_GetConversionValue  stm32f4xx_adc.o
    0x08002192   0x0000000e   Code   RO         3245    i.ADC_GetFlagStatus  stm32f4xx_adc.o
    0x080021a0   0x0000004c   Code   RO         3252    i.ADC_Init          stm32f4xx_adc.o
    0x080021ec   0x00000074   Code   RO         3257    i.ADC_RegularChannelConfig  stm32f4xx_adc.o
    0x08002260   0x0000000a   Code   RO         3259    i.ADC_SoftwareStartConv  stm32f4xx_adc.o
    0x0800226a   0x00000012   Code   RO            3    i.BcdToDec          main.o
    0x0800227c   0x00000002   Code   RO          392    i.BusFault_Handler  stm32f4xx_it.o
    0x0800227e   0x00000002   PAD
    0x08002280   0x0000006c   Code   RO          558    i.DHT11_Check       mht11.o
    0x080022ec   0x00000002   Code   RO          393    i.DebugMon_Handler  stm32f4xx_it.o
    0x080022ee   0x00000016   Code   RO            4    i.DecToBcd          main.o
    0x08002304   0x0000003c   Code   RO          799    i.EXTI3_IRQHandler  key.o
    0x08002340   0x00000048   Code   RO          800    i.EXTI4_IRQHandler  key.o
    0x08002388   0x0000005c   Code   RO          853    i.EXTI9_5_IRQHandler  touch.o
    0x080023e4   0x0000000c   Code   RO         2689    i.EXTI_ClearITPendingBit  stm32f4xx_exti.o
    0x080023f0   0x00000014   Code   RO         2693    i.EXTI_GetITStatus  stm32f4xx_exti.o
    0x08002404   0x00000070   Code   RO         2694    i.EXTI_Init         stm32f4xx_exti.o
    0x08002474   0x00000034   Code   RO          636    i.FindFontIndex_tft  tft.o
    0x080024a8   0x00000078   Code   RO         2069    i.GPIO_Init         stm32f4xx_gpio.o
    0x08002520   0x00000020   Code   RO         2070    i.GPIO_PinAFConfig  stm32f4xx_gpio.o
    0x08002540   0x00000004   Code   RO         2077    i.GPIO_SetBits      stm32f4xx_gpio.o
    0x08002544   0x00000002   Code   RO          394    i.HardFault_Handler  stm32f4xx_it.o
    0x08002546   0x00000002   PAD
    0x08002548   0x00000040   Code   RO         1821    i.IIC_Ack           mpu6050_i2c.o
    0x08002588   0x00000044   Code   RO         1822    i.IIC_Init          mpu6050_i2c.o
    0x080025cc   0x00000040   Code   RO         1823    i.IIC_NAck          mpu6050_i2c.o
    0x0800260c   0x00000068   Code   RO         1824    i.IIC_Read_Byte     mpu6050_i2c.o
    0x08002674   0x00000060   Code   RO         1825    i.IIC_Send_Byte     mpu6050_i2c.o
    0x080026d4   0x00000040   Code   RO         1826    i.IIC_Start         mpu6050_i2c.o
    0x08002714   0x00000044   Code   RO         1827    i.IIC_Stop          mpu6050_i2c.o
    0x08002758   0x00000054   Code   RO         1828    i.IIC_Wait_Ack      mpu6050_i2c.o
    0x080027ac   0x00000014   Code   RO          637    i.LCD_WR_DATA       tft.o
    0x080027c0   0x0000005c   Code   RO          508    i.LED_Init          led.o
    0x0800281c   0x0000002c   Code   RO            5    i.Led_Alarm_Off     main.o
    0x08002848   0x0000002c   Code   RO            6    i.Led_Alarm_On      main.o
    0x08002874   0x0000008c   Code   RO         1739    i.MPU_Init          mpu6050.o
    0x08002900   0x0000003a   Code   RO         1740    i.MPU_Read_Byte     mpu6050.o
    0x0800293a   0x0000006a   Code   RO         1741    i.MPU_Read_Len      mpu6050.o
    0x080029a4   0x0000000a   Code   RO         1742    i.MPU_Set_Accel_Fsr  mpu6050.o
    0x080029ae   0x0000000a   Code   RO         1743    i.MPU_Set_Gyro_Fsr  mpu6050.o
    0x080029b8   0x00000030   Code   RO         1744    i.MPU_Set_LPF       mpu6050.o
    0x080029e8   0x0000002e   Code   RO         1745    i.MPU_Set_Rate      mpu6050.o
    0x08002a16   0x0000003c   Code   RO         1746    i.MPU_Write_Byte    mpu6050.o
    0x08002a52   0x00000052   Code   RO         1747    i.MPU_Write_Len     mpu6050.o
    0x08002aa4   0x00000002   Code   RO          395    i.MemManage_Handler  stm32f4xx_it.o
    0x08002aa6   0x00000002   Code   RO          396    i.NMI_Handler       stm32f4xx_it.o
    0x08002aa8   0x00000064   Code   RO         2024    i.NVIC_Init         misc.o
    0x08002b0c   0x00000014   Code   RO         2025    i.NVIC_PriorityGroupConfig  misc.o
    0x08002b20   0x0000000c   Code   RO         3104    i.PWR_BackupAccessCmd  stm32f4xx_pwr.o
    0x08002b2c   0x00000018   Code   RO         2166    i.RCC_AHB1PeriphClockCmd  stm32f4xx_rcc.o
    0x08002b44   0x00000018   Code   RO         2175    i.RCC_APB1PeriphClockCmd  stm32f4xx_rcc.o
    0x08002b5c   0x00000018   Code   RO         2178    i.RCC_APB2PeriphClockCmd  stm32f4xx_rcc.o
    0x08002b74   0x00000090   Code   RO         2187    i.RCC_GetClocksFreq  stm32f4xx_rcc.o
    0x08002c04   0x00000034   Code   RO         2188    i.RCC_GetFlagStatus  stm32f4xx_rcc.o
    0x08002c38   0x0000000c   Code   RO         2198    i.RCC_LSICmd        stm32f4xx_rcc.o
    0x08002c44   0x0000000c   Code   RO         2210    i.RCC_RTCCLKCmd     stm32f4xx_rcc.o
    0x08002c50   0x00000030   Code   RO         2211    i.RCC_RTCCLKConfig  stm32f4xx_rcc.o
    0x08002c80   0x00000054   Code   RO         2750    i.RTC_AlarmCmd      stm32f4xx_rtc.o
    0x08002cd4   0x00000054   Code   RO          601    i.RTC_Alarm_IRQHandler  rtc.o
    0x08002d28   0x00000012   Code   RO         2753    i.RTC_Bcd2ToByte    stm32f4xx_rtc.o
    0x08002d3a   0x00000018   Code   RO         2755    i.RTC_ByteToBcd2    stm32f4xx_rtc.o
    0x08002d52   0x00000002   PAD
    0x08002d54   0x0000001c   Code   RO         2759    i.RTC_ClearITPendingBit  stm32f4xx_rtc.o
    0x08002d70   0x0000003c   Code   RO         2765    i.RTC_EnterInitMode  stm32f4xx_rtc.o
    0x08002dac   0x00000010   Code   RO         2766    i.RTC_ExitInitMode  stm32f4xx_rtc.o
    0x08002dbc   0x0000004c   Code   RO         2769    i.RTC_GetDate       stm32f4xx_rtc.o
    0x08002e08   0x00000038   Code   RO         2771    i.RTC_GetITStatus   stm32f4xx_rtc.o
    0x08002e40   0x00000050   Code   RO         2774    i.RTC_GetTime       stm32f4xx_rtc.o
    0x08002e90   0x00000040   Code   RO         2778    i.RTC_ITConfig      stm32f4xx_rtc.o
    0x08002ed0   0x00000050   Code   RO         2779    i.RTC_Init          stm32f4xx_rtc.o
    0x08002f20   0x00000014   Code   RO         2782    i.RTC_ReadBackupRegister  stm32f4xx_rtc.o
    0x08002f34   0x000000a4   Code   RO         2784    i.RTC_SetAlarm      stm32f4xx_rtc.o
    0x08002fd8   0x00000098   Code   RO         2785    i.RTC_SetDate       stm32f4xx_rtc.o
    0x08003070   0x000000a0   Code   RO         2786    i.RTC_SetTime       stm32f4xx_rtc.o
    0x08003110   0x0000001c   Code   RO         2787    i.RTC_SetWakeUpCounter  stm32f4xx_rtc.o
    0x0800312c   0x0000002c   Code   RO          602    i.RTC_WKUP_IRQHandler  rtc.o
    0x08003158   0x0000004c   Code   RO         2802    i.RTC_WaitForSynchro  stm32f4xx_rtc.o
    0x080031a4   0x00000028   Code   RO         2803    i.RTC_WakeUpClockConfig  stm32f4xx_rtc.o
    0x080031cc   0x00000058   Code   RO         2804    i.RTC_WakeUpCmd     stm32f4xx_rtc.o
    0x08003224   0x00000014   Code   RO         2805    i.RTC_WriteBackupRegister  stm32f4xx_rtc.o
    0x08003238   0x00000014   Code   RO         3885    i.SPI_Cmd           stm32f4xx_spi.o
    0x0800324c   0x0000000e   Code   RO         3893    i.SPI_I2S_GetFlagStatus  stm32f4xx_spi.o
    0x0800325a   0x00000004   Code   RO         3896    i.SPI_I2S_ReceiveData  stm32f4xx_spi.o
    0x0800325e   0x00000004   Code   RO         3897    i.SPI_I2S_SendData  stm32f4xx_spi.o
    0x08003262   0x00000038   Code   RO         3898    i.SPI_Init          stm32f4xx_spi.o
    0x0800329a   0x00000002   PAD
    0x0800329c   0x00000030   Code   RO         3471    i.SYSCFG_EXTILineConfig  stm32f4xx_syscfg.o
    0x080032cc   0x000000b4   Code   RO          471    i.SetSysClock       system_stm32f4xx.o
    0x08003380   0x0000002c   Code   RO         5187    i.SysTick_Handler   port.o
    0x080033ac   0x0000005c   Code   RO          473    i.SystemInit        system_stm32f4xx.o
    0x08003408   0x00000024   Code   RO          640    i.TFT_SEND_CMD      tft.o
    0x0800342c   0x00000020   Code   RO          641    i.TFT_SEND_DATA     tft.o
    0x0800344c   0x00000018   Code   RO          642    i.TFT_clear         tft.o
    0x08003464   0x00000288   Code   RO          643    i.TFT_init          tft.o
    0x080036ec   0x00000088   Code   RO         1960    i.USART1_IRQHandler  usart.o
    0x08003774   0x00000088   Code   RO         1883    i.USART3_IRQHandler  ble.o
    0x080037fc   0x0000000c   Code   RO         2501    i.USART_ClearITPendingBit  stm32f4xx_usart.o
    0x08003808   0x00000014   Code   RO         2504    i.USART_Cmd         stm32f4xx_usart.o
    0x0800381c   0x0000003e   Code   RO         2508    i.USART_GetITStatus  stm32f4xx_usart.o
    0x0800385a   0x00000030   Code   RO         2510    i.USART_ITConfig    stm32f4xx_usart.o
    0x0800388a   0x00000002   PAD
    0x0800388c   0x000000ac   Code   RO         2511    i.USART_Init        stm32f4xx_usart.o
    0x08003938   0x00000008   Code   RO         2518    i.USART_ReceiveData  stm32f4xx_usart.o
    0x08003940   0x00000002   Code   RO          397    i.UsageFault_Handler  stm32f4xx_it.o
    0x08003942   0x00000030   Code   RO         5681    i.__ARM_fpclassify  m_wm.l(fpclassify.o)
    0x08003972   0x0000000e   Code   RO         5478    i._is_digit         c_w.l(__printf_wp.o)
    0x08003980   0x00000002   Code   RO         1961    i._sys_exit         usart.o
    0x08003982   0x00000002   PAD
    0x08003984   0x0000007c   Code   RO          532    i.adc_init          adc.o
    0x08003a00   0x00000080   Code   RO          533    i.adc_median_average_filter  adc.o
    0x08003a80   0x00000060   Code   RO            7    i.app_task_adc      main.o
    0x08003ae0   0x00000160   Code   RO            8    i.app_task_alarm    main.o
    0x08003c40   0x00000140   Code   RO            9    i.app_task_calendar  main.o
    0x08003d80   0x00000080   Code   RO           10    i.app_task_camera   main.o
    0x08003e00   0x0000012c   Code   RO           11    i.app_task_dht11    main.o
    0x08003f2c   0x00000080   Code   RO           12    i.app_task_face     main.o
    0x08003fac   0x00000340   Code   RO           13    i.app_task_heart    main.o
    0x080042ec   0x00000294   Code   RO           14    i.app_task_rtc      main.o
    0x08004580   0x0000010c   Code   RO           15    i.app_task_start    main.o
    0x0800468c   0x000000a0   Code   RO           16    i.app_task_step     main.o
    0x0800472c   0x00000124   Code   RO           17    i.app_task_tp       main.o
    0x08004850   0x00000300   Code   RO           18    i.app_task_ui1      main.o
    0x08004b50   0x00000274   Code   RO           19    i.app_task_ui2      main.o
    0x08004dc4   0x00000344   Code   RO           20    i.app_task_usart    main.o
    0x08005108   0x00000080   Code   RO           21    i.app_task_wire     main.o
    0x08005188   0x000000a8   Code   RO         1884    i.ble_init          ble.o
    0x08005230   0x00000004   Code   RO         1916    i.delay_ms          delay.o
    0x08005234   0x00000050   Code   RO         1917    i.delay_us          delay.o
    0x08005284   0x00000054   Code   RO          559    i.dht11_read_bit    mht11.o
    0x080052d8   0x00000020   Code   RO          560    i.dht11_read_byte   mht11.o
    0x080052f8   0x0000004e   Code   RO          561    i.dht11_read_data   mht11.o
    0x08005346   0x00000002   PAD
    0x08005348   0x00000034   Code   RO          562    i.dht11_set_io      mht11.o
    0x0800537c   0x00000030   Code   RO         1557    i.dmp_get_pedometer_step_count  inv_mpu_dmp_motion_driver.o
    0x080053ac   0x00000026   Code   RO         1568    i.dmp_set_pedometer_step_count  inv_mpu_dmp_motion_driver.o
    0x080053d2   0x00000002   PAD
    0x080053d4   0x00000048   Code   RO           22    i.draw_info         main.o
    0x0800541c   0x00000014   Code   RO         1962    i.fputc             usart.o
    0x08005430   0x00000050   Code   RO         1050    i.i2c_ack           i2c.o
    0x08005480   0x00000040   Code   RO         1051    i.i2c_init          i2c.o
    0x080054c0   0x00000048   Code   RO         1052    i.i2c_recv_byte     i2c.o
    0x08005508   0x0000005c   Code   RO         1053    i.i2c_send_byte     i2c.o
    0x08005564   0x00000038   Code   RO         1054    i.i2c_start1        i2c.o
    0x0800559c   0x00000030   Code   RO         1055    i.i2c_stop1         i2c.o
    0x080055cc   0x00000034   Code   RO         1056    i.i2c_wait_ack1     i2c.o
    0x08005600   0x000000f8   Code   RO          801    i.key_init          key.o
    0x080056f8   0x0000003e   Code   RO          644    i.lcd_addr_set      tft.o
    0x08005736   0x0000000c   Code   RO          645    i.lcd_display_on    tft.o
    0x08005742   0x00000030   Code   RO          646    i.lcd_draw_image    tft.o
    0x08005772   0x00000044   Code   RO          647    i.lcd_fill          tft.o
    0x080057b6   0x00000002   PAD
    0x080057b8   0x0000000c   Code   RO          648    i.lcd_get_direction  tft.o
    0x080057c4   0x00000014   Code   RO          651    i.lcd_send_data16   tft.o
    0x080057d8   0x00000084   Code   RO          653    i.lcd_show_char     tft.o
    0x0800585c   0x00000066   Code   RO          654    i.lcd_show_string   tft.o
    0x080058c2   0x00000030   Code   RO          655    i.lcd_show_string_fmt  tft.o
    0x080058f2   0x00000002   PAD
    0x080058f4   0x00000094   Code   RO           23    i.main              main.o
    0x08005988   0x0000004c   Code   RO         1137    i.max30102_Bus_Read  max30102.o
    0x080059d4   0x0000003e   Code   RO         1138    i.max30102_Bus_Write  max30102.o
    0x08005a12   0x00000092   Code   RO         1139    i.max30102_FIFO_ReadBytes  max30102.o
    0x08005aa4   0x00000094   Code   RO         1141    i.max30102_init     max30102.o
    0x08005b38   0x00000016   Code   RO         1142    i.max30102_reset    max30102.o
    0x08005b4e   0x00000032   Code   RO          989    i.maxim_find_peaks  algorithm.o
    0x08005b80   0x00000380   Code   RO          990    i.maxim_heart_rate_and_oxygen_saturation  algorithm.o
    0x08005f00   0x00000066   Code   RO          991    i.maxim_peaks_above_min_height  algorithm.o
    0x08005f66   0x00000066   Code   RO          992    i.maxim_remove_close_peaks  algorithm.o
    0x08005fcc   0x00000030   Code   RO          993    i.maxim_sort_ascend  algorithm.o
    0x08005ffc   0x00000038   Code   RO          994    i.maxim_sort_indices_descend  algorithm.o
    0x08006034   0x00000054   Code   RO         1239    i.mpu_read_mem      inv_mpu.o
    0x08006088   0x00000054   Code   RO         1255    i.mpu_write_mem     inv_mpu.o
    0x080060dc   0x00000070   Code   RO         4674    i.prvAddCurrentTaskToDelayedList  tasks.o
    0x0800614c   0x000000d0   Code   RO         4675    i.prvAddNewTaskToReadyList  tasks.o
    0x0800621c   0x00000050   Code   RO         5007    i.prvCheckForValidListAndQueue  timers.o
    0x0800626c   0x00000026   Code   RO         4335    i.prvCopyDataFromQueue  queue.o
    0x08006292   0x0000006c   Code   RO         4336    i.prvCopyDataToQueue  queue.o
    0x080062fe   0x00000014   Code   RO         4676    i.prvDeleteTCB      tasks.o
    0x08006312   0x00000002   PAD
    0x08006314   0x0000004c   Code   RO         5137    i.prvHeapInit       heap_4.o
    0x08006360   0x00000060   Code   RO         4677    i.prvIdleTask       tasks.o
    0x080063c0   0x0000009c   Code   RO         4678    i.prvInitialiseNewTask  tasks.o
    0x0800645c   0x0000004c   Code   RO         5138    i.prvInsertBlockIntoFreeList  heap_4.o
    0x080064a8   0x00000038   Code   RO         5008    i.prvInsertTimerInActiveList  timers.o
    0x080064e0   0x0000001a   Code   RO         4337    i.prvIsQueueEmpty   queue.o
    0x080064fa   0x00000002   PAD
    0x080064fc   0x000000c4   Code   RO         5009    i.prvProcessReceivedCommands  timers.o
    0x080065c0   0x000000b4   Code   RO         5010    i.prvProcessTimerOrBlockTask  timers.o
    0x08006674   0x00000020   Code   RO         4680    i.prvResetNextTaskUnblockTime  tasks.o
    0x08006694   0x00000028   Code   RO         5011    i.prvSampleTimeNow  timers.o
    0x080066bc   0x0000006c   Code   RO         5012    i.prvSwitchTimerLists  timers.o
    0x08006728   0x00000028   Code   RO         5188    i.prvTaskExitError  port.o
    0x08006750   0x00000014   Code   RO         4182    i.prvTestWaitCondition  event_groups.o
    0x08006764   0x00000028   Code   RO         5013    i.prvTimerTask      timers.o
    0x0800678c   0x0000006a   Code   RO         4338    i.prvUnlockQueue    queue.o
    0x080067f6   0x00000002   PAD
    0x080067f8   0x000000dc   Code   RO         5139    i.pvPortMalloc      heap_4.o
    0x080068d4   0x00000018   Code   RO         4682    i.pvTaskIncrementMutexHeldCount  tasks.o
    0x080068ec   0x0000002c   Code   RO         5189    i.pxPortInitialiseStack  port.o
    0x08006918   0x00000130   Code   RO          603    i.rtc_init          rtc.o
    0x08006a48   0x00000024   Code   RO         1057    i.sda_pin_mode      i2c.o
    0x08006a6c   0x00000034   Code   RO          656    i.spi1_send_byte    tft.o
    0x08006aa0   0x00000050   Code   RO          855    i.tp_i2c_ack        touch.o
    0x08006af0   0x00000048   Code   RO          856    i.tp_i2c_recv_byte  touch.o
    0x08006b38   0x0000005c   Code   RO          857    i.tp_i2c_send_byte  touch.o
    0x08006b94   0x00000038   Code   RO          858    i.tp_i2c_start      touch.o
    0x08006bcc   0x00000030   Code   RO          859    i.tp_i2c_stop       touch.o
    0x08006bfc   0x00000034   Code   RO          860    i.tp_i2c_wait_ack   touch.o
    0x08006c30   0x00000060   Code   RO          861    i.tp_init           touch.o
    0x08006c90   0x000000c0   Code   RO          862    i.tp_lowlevel_init  touch.o
    0x08006d50   0x000000a4   Code   RO          863    i.tp_read           touch.o
    0x08006df4   0x00000058   Code   RO          864    i.tp_recv           touch.o
    0x08006e4c   0x00000040   Code   RO          865    i.tp_recv_byte      touch.o
    0x08006e8c   0x00000028   Code   RO          866    i.tp_reset          touch.o
    0x08006eb4   0x00000024   Code   RO          867    i.tp_sda_pin_mode   touch.o
    0x08006ed8   0x000000ac   Code   RO         1963    i.uart_init         usart.o
    0x08006f84   0x00000026   Code   RO         4295    i.uxListRemove      list.o
    0x08006faa   0x00000002   PAD
    0x08006fac   0x00000018   Code   RO         4689    i.uxTaskResetEventItemValue  tasks.o
    0x08006fc4   0x00000002   Code   RO           24    i.vApplicationIdleHook  main.o
    0x08006fc6   0x00000010   Code   RO           25    i.vApplicationMallocFailedHook  main.o
    0x08006fd6   0x00000010   Code   RO           26    i.vApplicationStackOverflowHook  main.o
    0x08006fe6   0x00000002   Code   RO           27    i.vApplicationTickHook  main.o
    0x08006fe8   0x00000004   Code   RO         4186    i.vEventGroupSetBitsCallback  event_groups.o
    0x08006fec   0x00000016   Code   RO         4296    i.vListInitialise   list.o
    0x08007002   0x00000006   Code   RO         4297    i.vListInitialiseItem  list.o
    0x08007008   0x00000030   Code   RO         4298    i.vListInsert       list.o
    0x08007038   0x00000018   Code   RO         4299    i.vListInsertEnd    list.o
    0x08007050   0x00000040   Code   RO         5191    i.vPortEnterCritical  port.o
    0x08007090   0x00000028   Code   RO         5192    i.vPortExitCritical  port.o
    0x080070b8   0x0000005c   Code   RO         5140    i.vPortFree         heap_4.o
    0x08007114   0x00000024   Code   RO         5193    i.vPortSetupTimerInterrupt  port.o
    0x08007138   0x00000054   Code   RO         5194    i.vPortValidateInterruptPriority  port.o
    0x0800718c   0x00000024   Code   RO         4344    i.vQueueAddToRegistry  queue.o
    0x080071b0   0x00000044   Code   RO         4348    i.vQueueWaitForMessageRestricted  queue.o
    0x080071f4   0x0000004c   Code   RO         4690    i.vTaskDelay        tasks.o
    0x08007240   0x000000ac   Code   RO         4692    i.vTaskDelete       tasks.o
    0x080072ec   0x00000010   Code   RO         4695    i.vTaskInternalSetTimeOutState  tasks.o
    0x080072fc   0x0000000c   Code   RO         4696    i.vTaskMissedYield  tasks.o
    0x08007308   0x00000030   Code   RO         4698    i.vTaskPlaceOnEventList  tasks.o
    0x08007338   0x00000038   Code   RO         4699    i.vTaskPlaceOnEventListRestricted  tasks.o
    0x08007370   0x0000004c   Code   RO         4700    i.vTaskPlaceOnUnorderedEventList  tasks.o
    0x080073bc   0x000000ac   Code   RO         4701    i.vTaskPriorityDisinheritAfterTimeout  tasks.o
    0x08007468   0x00000070   Code   RO         4703    i.vTaskRemoveFromUnorderedEventList  tasks.o
    0x080074d8   0x00000070   Code   RO         4707    i.vTaskStartScheduler  tasks.o
    0x08007548   0x00000010   Code   RO         4709    i.vTaskSuspendAll   tasks.o
    0x08007558   0x00000088   Code   RO         4710    i.vTaskSwitchContext  tasks.o
    0x080075e0   0x00000044   Code   RO           28    i.vTimer_callback   main.o
    0x08007624   0x0000001a   Code   RO         4190    i.xEventGroupCreate  event_groups.o
    0x0800763e   0x0000008c   Code   RO         4192    i.xEventGroupSetBits  event_groups.o
    0x080076ca   0x00000002   PAD
    0x080076cc   0x00000010   Code   RO         4193    i.xEventGroupSetBitsFromISR  event_groups.o
    0x080076dc   0x00000108   Code   RO         4195    i.xEventGroupWaitBits  event_groups.o
    0x080077e4   0x000000f4   Code   RO         5195    i.xPortStartScheduler  port.o
    0x080078d8   0x00000024   Code   RO         4350    i.xQueueCreateMutex  queue.o
    0x080078fc   0x00000052   Code   RO         4351    i.xQueueGenericCreate  queue.o
    0x0800794e   0x00000002   PAD
    0x08007950   0x00000088   Code   RO         4352    i.xQueueGenericReset  queue.o
    0x080079d8   0x00000164   Code   RO         4353    i.xQueueGenericSend  queue.o
    0x08007b3c   0x000000bc   Code   RO         4354    i.xQueueGenericSendFromISR  queue.o
    0x08007bf8   0x00000138   Code   RO         4361    i.xQueueReceive     queue.o
    0x08007d30   0x00000178   Code   RO         4363    i.xQueueSemaphoreTake  queue.o
    0x08007ea8   0x00000074   Code   RO         4711    i.xTaskCheckForTimeOut  tasks.o
    0x08007f1c   0x00000056   Code   RO         4712    i.xTaskCreate       tasks.o
    0x08007f72   0x00000002   PAD
    0x08007f74   0x0000001c   Code   RO         4716    i.xTaskGetSchedulerState  tasks.o
    0x08007f90   0x0000000c   Code   RO         4717    i.xTaskGetTickCount  tasks.o
    0x08007f9c   0x000000c0   Code   RO         4719    i.xTaskIncrementTick  tasks.o
    0x0800805c   0x00000098   Code   RO         4722    i.xTaskPriorityDisinherit  tasks.o
    0x080080f4   0x00000094   Code   RO         4723    i.xTaskPriorityInherit  tasks.o
    0x08008188   0x00000078   Code   RO         4724    i.xTaskRemoveFromEventList  tasks.o
    0x08008200   0x000000c4   Code   RO         4725    i.xTaskResumeAll    tasks.o
    0x080082c4   0x0000004e   Code   RO         5018    i.xTimerCreate      timers.o
    0x08008312   0x00000002   PAD
    0x08008314   0x0000004c   Code   RO         5019    i.xTimerCreateTimerTask  timers.o
    0x08008360   0x00000064   Code   RO         5020    i.xTimerGenericCommand  timers.o
    0x080083c4   0x00000028   Code   RO         5026    i.xTimerPendFunctionCallFromISR  timers.o
    0x080083ec   0x0000002c   Code   RO         5788    locale$$code        c_w.l(lc_ctype_c.o)
    0x08008418   0x0000002c   Code   RO         5791    locale$$code        c_w.l(lc_numeric_c.o)
    0x08008444   0x0000000a   Code   RO         5873    x$fpl$fpinit        fz_wm.l(fpinit.o)
    0x0800844e   0x00000004   Code   RO         5638    x$fpl$printf1       fz_wm.l(printf1.o)
    0x08008452   0x00000004   Code   RO         5640    x$fpl$printf2       fz_wm.l(printf2.o)
    0x08008456   0x00000000   Code   RO         5646    x$fpl$usenofp       fz_wm.l(usenofp.o)
    0x08008456   0x00000002   PAD
    0x08008458   0x000001c0   Data   RO           30    .constdata          main.o
    0x08008618   0x000000f6   Data   RO          996    .constdata          algorithm.o
    0x0800870e   0x0000001b   Data   RO         1259    .constdata          inv_mpu.o
    0x08008729   0x00000001   PAD
    0x0800872a   0x0000000c   Data   RO         1260    .constdata          inv_mpu.o
    0x08008736   0x00000002   PAD
    0x08008738   0x00000028   Data   RO         1261    .constdata          inv_mpu.o
    0x08008760   0x00001780   Data   RO         5263    .constdata          fontdotmatrix16.o
    0x08009ee0   0x00006080   Data   RO         5272    .constdata          fontdotmatrix32.o
    0x0800ff60   0x00024b80   Data   RO         5281    .constdata          fontdotmatrix80.o
    0x08034ae0   0x00000800   Data   RO         5290    .constdata          battery.o
    0x080352e0   0x000017a2   Data   RO         5297    .constdata          camera.o
    0x08036a82   0x000017a2   Data   RO         5304    .constdata          date.o
    0x08038224   0x000017a2   Data   RO         5311    .constdata          faceid.o
    0x080399c6   0x000017a2   Data   RO         5318    .constdata          fail.o
    0x0803b168   0x000017a2   Data   RO         5325    .constdata          humi.o
    0x0803c90a   0x000017a2   Data   RO         5332    .constdata          light.o
    0x0803e0ac   0x000017a2   Data   RO         5339    .constdata          lock.o
    0x0803f84e   0x000017a2   Data   RO         5346    .constdata          pulse.o
    0x08040ff0   0x000017a2   Data   RO         5353    .constdata          rfid.o
    0x08042792   0x000017a2   Data   RO         5360    .constdata          success.o
    0x08043f34   0x000017a2   Data   RO         5367    .constdata          temp.o
    0x080456d6   0x000017a2   Data   RO         5374    .constdata          time.o
    0x08046e78   0x000017a2   Data   RO         5381    .constdata          touchid.o
    0x0804861a   0x000017a2   Data   RO         5388    .constdata          unlock.o
    0x08049dbc   0x000017a2   Data   RO         5395    .constdata          victory.o
    0x0804b55e   0x000017a2   Data   RO         5402    .constdata          warning.o
    0x0804cd00   0x000017a2   Data   RO         5409    .constdata          wifi.o
    0x0804e4a2   0x00013880   Data   RO         5416    .constdata          blueos.o
    0x08061d22   0x00000028   Data   RO         5466    .constdata          c_w.l(_printf_hex_int_ll_ptr.o)
    0x08061d4a   0x00000011   Data   RO         5486    .constdata          c_w.l(__printf_flags_ss_wp.o)
    0x08061d5b   0x00000001   PAD
    0x08061d5c   0x00000008   Data   RO         5595    .constdata          c_w.l(_printf_wctomb.o)
    0x08061d64   0x00000026   Data   RO         5727    .constdata          c_w.l(_printf_fp_hex.o)
    0x08061d8a   0x00000002   PAD
    0x08061d8c   0x00000094   Data   RO         5763    .constdata          c_w.l(bigflt0.o)
    0x08061e20   0x00000098   Data   RO           31    .conststring        main.o
    0x08061eb8   0x000002df   Data   RO         5264    .conststring        fontdotmatrix16.o
    0x08062197   0x00000001   PAD
    0x08062198   0x00000020   Data   RO         5930    Region$$Table       anon$$obj.o
    0x080621b8   0x00000110   Data   RO         5787    locale$$data        c_w.l(lc_ctype_c.o)
    0x080622c8   0x0000001c   Data   RO         5790    locale$$data        c_w.l(lc_numeric_c.o)


    Execution Region RW_IRAM1 (Base: 0x20000000, Size: 0x000162b0, Max: 0x00020000, ABSOLUTE, COMPRESSED[0x0000025c])

    Base Addr    Size         Type   Attr      Idx    E Section Name        Object

    0x20000000   0x00000090   Data   RW           32    .data               main.o
    0x20000090   0x00000014   Data   RW          474    .data               system_stm32f4xx.o
    0x200000a4   0x00000014   Data   RW          658    .data               tft.o
    0x200000b8   0x00000004   Data   RW          802    .data               key.o
    0x200000bc   0x00000018   Data   RW          869    .data               touch.o
    0x200000d4   0x00000008   Data   RW         1058    .data               i2c.o
    0x200000dc   0x00000035   Data   RW         1263    .data               inv_mpu.o
    0x20000111   0x00000003   PAD
    0x20000114   0x0000000c   Data   RW         1886    .data               ble.o
    0x20000120   0x00000004   Data   RW         1969    .data               usart.o
    0x20000124   0x00000010   Data   RW         2219    .data               stm32f4xx_rcc.o
    0x20000134   0x0000003c   Data   RW         4728    .data               tasks.o
    0x20000170   0x00000014   Data   RW         5028    .data               timers.o
    0x20000184   0x00000018   Data   RW         5145    .data               heap_4.o
    0x2000019c   0x0000000c   Data   RW         5196    .data               port.o
    0x200001a8   0x000002f0   Data   RW         5265    .data               fontdotmatrix16.o
    0x20000498   0x00000004   Data   RW         5496    .data               c_w.l(strtok.o)
    0x2000049c   0x00000fd8   Zero   RW           29    .bss                main.o
    0x20001474   0x00000012   Zero   RW          657    .bss                tft.o
    0x20001486   0x00000002   PAD
    0x20001488   0x00001760   Zero   RW          995    .bss                algorithm.o
    0x20002be8   0x00000094   Zero   RW         1885    .bss                ble.o
    0x20002c7c   0x00000081   Zero   RW         1966    .bss                usart.o
    0x20002cfd   0x00000003   PAD
    0x20002d00   0x00000040   Zero   RW         4365    .bss                queue.o
    0x20002d40   0x000002e4   Zero   RW         4727    .bss                tasks.o
    0x20003024   0x00000028   Zero   RW         5027    .bss                timers.o
    0x2000304c   0x00012c00   Zero   RW         5144    .bss                heap_4.o
    0x20015c4c   0x00000060   Zero   RW         5699    .bss                c_w.l(libspace.o)
    0x20015cac   0x00000004   PAD
    0x20015cb0   0x00000200   Zero   RW         2016    HEAP                startup_stm32f40_41xxx.o
    0x20015eb0   0x00000400   Zero   RW         2015    STACK               startup_stm32f40_41xxx.o


==============================================================================

Image component sizes


      Code (inc. data)   RO Data    RW Data    ZI Data      Debug   Object Name

       252         14          0          0          0       1399   adc.o
      1254         22        246          0       5984       6105   algorithm.o
         0          0       2048          0          0        392   battery.o
       304         34          0         12        148       1855   ble.o
         0          0      80000          0          0        393   blueos.o
         0          0       6050          0          0        383   camera.o
         0          0       6050          0          0        377   date.o
        84          8          0          0          0       1074   delay.o
       470         10          0          0          0      15128   event_groups.o
         0          0       6050          0          0        383   faceid.o
         0          0       6050          0          0        377   fail.o
         0          0       6751        752          0        486   fontdotmatrix16.o
         0          0      24704          0          0        486   fontdotmatrix32.o
         0          0     150400          0          0        486   fontdotmatrix80.o
       464         22          0         24      76800       3859   heap_4.o
         0          0       6050          0          0        377   humi.o
       500         52          0          8          0       4761   i2c.o
       168          8         79         53          0       6336   inv_mpu.o
        86          0          0          0          0       1374   inv_mpu_dmp_motion_driver.o
       380         32          0          4          0       7587   key.o
        92          8          0          0          0        539   led.o
         0          0       6050          0          0        382   light.o
       138          0          0          0          0       2934   list.o
         0          0       6050          0          0        377   lock.o
      6348        866        600        144       4056     366992   main.o
       454          6          0          0          0       3560   max30102.o
       354         18          0          0          0       3320   mht11.o
       120         14          0          0          0       1367   misc.o
       560         12          0          0          0       5813   mpu6050.o
       612         72          0          0          0       4498   mpu6050_i2c.o
       786         80          0         12          0      10549   port.o
         0          0       6050          0          0        382   pulse.o
      1868         22          0          0         64      13476   queue.o
         0          0       6050          0          0        377   rfid.o
       432         20          0          0          0       1960   rtc.o
        64         26        392          0       1536        816   startup_stm32f40_41xxx.o
       286         20          0          0          0       4978   stm32f4xx_adc.o
       144         14          0          0          0       1944   stm32f4xx_exti.o
       156          0          0          0          0       2018   stm32f4xx_gpio.o
        12          0          0          0          0       2561   stm32f4xx_it.o
        12          6          0          0          0        486   stm32f4xx_pwr.o
       340         56          0         16          0       6455   stm32f4xx_rcc.o
      1334        116          0          0          0      12684   stm32f4xx_rtc.o
        98          0          0          0          0       3138   stm32f4xx_spi.o
        48          6          0          0          0        580   stm32f4xx_syscfg.o
       322          8          0          0          0       4280   stm32f4xx_usart.o
         0          0       6050          0          0        392   success.o
       272         36          0         20          0       1673   system_stm32f4xx.o
      2726        222          0         60        740      23892   tasks.o
         0          0       6050          0          0        377   temp.o
      1368         68          0         20         18      13049   tft.o
         0          0       6050          0          0        377   time.o
       994         90          0         20         40       9722   timers.o
      1172        130          0         24          0      11510   touch.o
         0          0       6050          0          0        392   touchid.o
         0          0       6050          0          0        383   unlock.o
       330         32          0          4        129       4488   usart.o
         0          0       6050          0          0        392   victory.o
         0          0       6050          0          0        392   warning.o
         0          0       6050          0          0        377   wifi.o

    ----------------------------------------------------------------------
     25444       2150     368106       1176      89520     577500   Object Totals
         0          0         32          0          0          0   (incl. Generated)
        40          0          4          3          5          0   (incl. Padding)

    ----------------------------------------------------------------------

      Code (inc. data)   RO Data    RW Data    ZI Data      Debug   Library Member Name

        24          4          0          0          0         84   __2printf.o
        44          6          0          0          0         84   __2sprintf.o
        90          0          0          0          0          0   __dczerorl2.o
         8          0          0          0          0         68   __main.o
       392          4         17          0          0         92   __printf_flags_ss_wp.o
        14          0          0          0          0         68   __printf_wp.o
         0          0          0          0          0          0   __rtentry.o
        12          0          0          0          0          0   __rtentry2.o
         6          0          0          0          0          0   __rtentry4.o
        52          8          0          0          0          0   __scatter.o
        28          0          0          0          0          0   __scatter_zi.o
        28          0          0          0          0         68   _chval.o
         6          0          0          0          0          0   _printf_a.o
         6          0          0          0          0          0   _printf_c.o
        44          0          0          0          0        108   _printf_char.o
        48          6          0          0          0         96   _printf_char_common.o
        36          4          0          0          0         80   _printf_char_file.o
        40          0          0          0          0         68   _printf_charcount.o
         6          0          0          0          0          0   _printf_d.o
       120         16          0          0          0         92   _printf_dec.o
         6          0          0          0          0          0   _printf_e.o
         6          0          0          0          0          0   _printf_f.o
      1050          0          0          0          0        216   _printf_fp_dec.o
       764         10         38          0          0        100   _printf_fp_hex.o
       128         16          0          0          0         84   _printf_fp_infnan.o
         6          0          0          0          0          0   _printf_g.o
       148          4         40          0          0        160   _printf_hex_int_ll_ptr.o
         6          0          0          0          0          0   _printf_i.o
       178          0          0          0          0         88   _printf_intcommon.o
        10          0          0          0          0          0   _printf_l.o
         6          0          0          0          0          0   _printf_lc.o
        10          0          0          0          0          0   _printf_ll.o
         6          0          0          0          0          0   _printf_lld.o
         6          0          0          0          0          0   _printf_lli.o
         6          0          0          0          0          0   _printf_llo.o
         6          0          0          0          0          0   _printf_llu.o
         6          0          0          0          0          0   _printf_llx.o
       124         16          0          0          0         92   _printf_longlong_dec.o
         6          0          0          0          0          0   _printf_ls.o
         6          0          0          0          0          0   _printf_n.o
         6          0          0          0          0          0   _printf_o.o
       112          8          0          0          0        124   _printf_oct_int_ll.o
         6          0          0          0          0          0   _printf_p.o
        78          0          0          0          0        108   _printf_pad.o
         0          0          0          0          0          0   _printf_percent.o
         4          0          0          0          0          0   _printf_percent_end.o
         6          0          0          0          0          0   _printf_s.o
        82          0          0          0          0         80   _printf_str.o
        36          0          0          0          0         84   _printf_truncate.o
         6          0          0          0          0          0   _printf_u.o
        44          0          0          0          0        108   _printf_wchar.o
       188          6          8          0          0         92   _printf_wctomb.o
         6          0          0          0          0          0   _printf_x.o
        10          0          0          0          0         68   _sputc.o
       158          0          0          0          0         92   _strtoul.o
        64          0          0          0          0         92   _wcrtomb.o
        16          0          0          0          0         68   aeabi_memset.o
        26          0          0          0          0         80   atoi.o
       220          4        148          0          0         96   bigflt0.o
      1910        128          0          0          0        672   btod.o
        12          0          0          0          0         72   exit.o
         8          0          0          0          0         68   ferror.o
         6          0          0          0          0        152   heapauxi.o
        44         10        272          0          0         76   lc_ctype_c.o
        44         10         28          0          0         76   lc_numeric_c.o
         2          0          0          0          0          0   libinit.o
        34          0          0          0          0          0   libinit2.o
         2          0          0          0          0          0   libshutdown.o
         2          0          0          0          0          0   libshutdown2.o
         8          4          0          0         96         68   libspace.o
       138          0          0          0          0         80   lludiv10.o
        88          0          0          0          0         76   memcmp.o
        16          4          0          0          0         76   rt_ctype_table.o
         8          4          0          0          0         68   rt_errno_addr_intlibspace.o
         8          4          0          0          0         68   rt_locale_intlibspace.o
        68          0          0          0          0         68   rt_memclr.o
        78          0          0          0          0         80   rt_memclr_w.o
       138          0          0          0          0         68   rt_memcpy_v6.o
       100          0          0          0          0         80   rt_memcpy_w.o
         2          0          0          0          0          0   rtexit.o
        10          0          0          0          0          0   rtexit2.o
       128          0          0          0          0         68   strcmpv7m.o
        32          0          0          0          0         80   strcspn.o
       150          0          0          0          0         80   strncmp.o
        28          0          0          0          0         80   strspn.o
        36          0          0          0          0         80   strstr.o
        12          6          0          4          0         68   strtok.o
        68          4          0          0          0         84   strtok_int.o
       112          0          0          0          0         88   strtol.o
        74          0          0          0          0         80   sys_stackheap_outer.o
         2          0          0          0          0         68   use_no_semi.o
         2          0          0          0          0         68   use_no_semi_2.o
        36          4          0          0          0         76   vsprintf.o
        10          0          0          0          0        116   fpinit.o
         4          0          0          0          0        116   printf1.o
         4          0          0          0          0        116   printf2.o
         0          0          0          0          0          0   usenofp.o
        48          0          0          0          0        124   fpclassify.o

    ----------------------------------------------------------------------
      8044        290        554          4        100       5980   Library Totals
        16          0          3          0          4          0   (incl. Padding)

    ----------------------------------------------------------------------

      Code (inc. data)   RO Data    RW Data    ZI Data      Debug   Library Name

      7962        290        551          4         96       5508   c_w.l
        18          0          0          0          0        348   fz_wm.l
        48          0          0          0          0        124   m_wm.l

    ----------------------------------------------------------------------
      8044        290        554          4        100       5980   Library Totals

    ----------------------------------------------------------------------

==============================================================================


      Code (inc. data)   RO Data    RW Data    ZI Data      Debug   

     33488       2440     368660       1180      89620     554908   Grand Totals
     33488       2440     368660        604      89620     554908   ELF Image Totals (compressed)
     33488       2440     368660        604          0          0   ROM Totals

==============================================================================

    Total RO  Size (Code + RO Data)               402148 ( 392.72kB)
    Total RW  Size (RW Data + ZI Data)             90800 (  88.67kB)
    Total ROM Size (Code + RO Data + RW Data)     402752 ( 393.31kB)

==============================================================================

