<html>
<body>
<pre>
<h1>礦ision Build Log</h1>
<h2>Tool Versions:</h2>
IDE-Version: μVision V5.14.0.0
Copyright (C) 2015 ARM Ltd and ARM Germany GmbH. All rights reserved.
License Information: yadong yan, no, LIC=UJWP0-BBXDX-56RQ2-9GH6W-X0RQD-HHNKK
 
Tool Versions:
Toolchain:       MDK-ARM Standard  Version: 5.14.0.0
Toolchain Path:  D:\keil\ARM\ARMCC\Bin
C Compiler:      Armcc.exe V5.05 update 1 (build 106)
Assembler:       Armasm.exe V5.05 update 1 (build 106)
Linker/Locator:  ArmLink.exe V5.05 update 1 (build 106)
Library Manager: ArmAr.exe V5.05 update 1 (build 106)
Hex Converter:   FromElf.exe V5.05 update 1 (build 106)
CPU DLL:         SARMCM3.DLL V5.14.0.0
Dialog DLL:      DCM.DLL V1.13.1.0
Target DLL:      Segger\JL2CM3.dll V2.99.13.0
Dialog DLL:      TCM.DLL V1.14.4.0
 
<h2>Project:</h2>
D:\keil\项目\smartwatch_2.0\USER\FreeRTOS.uvprojx
Project File Date:  06/22/2026

<h2>Output:</h2>
Build target 'FreeRTOS'
compiling main.c...
main.c(1015): warning:  #167-D: argument of type "uint32_t *" is incompatible with parameter of type "unsigned long *"
                dmp_get_pedometer_step_count(&cur_step);
main.c(1032): warning:  #167-D: argument of type "uint32_t *" is incompatible with parameter of type "unsigned long *"
                        dmp_get_pedometer_step_count(&cur_step);
main.c: 2 warnings, 0 errors
linking...
Program Size: Code=47248 RO-data=463912 RW-data=1184 ZI-data=89624  
FromELF: creating hex file...
"..\OBJ\demo.axf" - 0 Error(s), 2 Warning(s).

<h2>Collection of Component include folders:</h2>
  D:\keil\项目\smartwatch_2.0\USER\RTE
  D:\keil\ARM\PACK\Keil\STM32F4xx_DFP\1.0.8\Device\Include

<h2>Collection of Component Files used:</h2>
</pre>
</body>
</html>
